Component: ARM Compiler 5.06 update 7 (build 960) Tool: armlink [4d3601]

==============================================================================

Section Cross References

    start.o(i.main) refers to app.o(i.app_device_init) for app_device_init
    start.o(i.main) refers to app.o(i.app_params_init) for app_params_init
    start.o(i.main) refers to delay.o(i.delay_ms_soft) for delay_ms_soft
    start.o(i.main) refers to app.o(i.app_start_task) for app_start_task
    start.o(i.main) refers to app.o(i.app_run) for app_run
    stm32f10x_it.o(i.BusFault_Handler) refers to _printf_percent.o(.ARM.Collect$$_printf_percent$$00000000) for _printf_percent
    stm32f10x_it.o(i.BusFault_Handler) refers to _printf_d.o(.ARM.Collect$$_printf_percent$$00000009) for _printf_d
    stm32f10x_it.o(i.BusFault_Handler) refers to _printf_s.o(.ARM.Collect$$_printf_percent$$00000014) for _printf_s
    stm32f10x_it.o(i.BusFault_Handler) refers to _printf_dec.o(.text) for _printf_int_dec
    stm32f10x_it.o(i.BusFault_Handler) refers to _printf_str.o(.text) for _printf_str
    stm32f10x_it.o(i.BusFault_Handler) refers to _printf_pad.o(.text) for _printf_pre_padding
    stm32f10x_it.o(i.BusFault_Handler) refers to _printf_x.o(.ARM.Collect$$_printf_percent$$0000000C) for _printf_x
    stm32f10x_it.o(i.BusFault_Handler) refers to _printf_hex_int_ll_ptr.o(.text) for _printf_longlong_hex
    stm32f10x_it.o(i.BusFault_Handler) refers to __2printf.o(.text) for __2printf
    stm32f10x_it.o(i.BusFault_Handler) refers to stm32f10x_it.o(.conststring) for .conststring
    stm32f10x_it.o(i.HardFault_Handler) refers to _printf_percent.o(.ARM.Collect$$_printf_percent$$00000000) for _printf_percent
    stm32f10x_it.o(i.HardFault_Handler) refers to _printf_d.o(.ARM.Collect$$_printf_percent$$00000009) for _printf_d
    stm32f10x_it.o(i.HardFault_Handler) refers to _printf_s.o(.ARM.Collect$$_printf_percent$$00000014) for _printf_s
    stm32f10x_it.o(i.HardFault_Handler) refers to _printf_dec.o(.text) for _printf_int_dec
    stm32f10x_it.o(i.HardFault_Handler) refers to _printf_str.o(.text) for _printf_str
    stm32f10x_it.o(i.HardFault_Handler) refers to _printf_pad.o(.text) for _printf_pre_padding
    stm32f10x_it.o(i.HardFault_Handler) refers to _printf_x.o(.ARM.Collect$$_printf_percent$$0000000C) for _printf_x
    stm32f10x_it.o(i.HardFault_Handler) refers to _printf_hex_int_ll_ptr.o(.text) for _printf_longlong_hex
    stm32f10x_it.o(i.HardFault_Handler) refers to __2printf.o(.text) for __2printf
    stm32f10x_it.o(i.HardFault_Handler) refers to stm32f10x_it.o(.conststring) for .conststring
    stm32f10x_it.o(i.MemManage_Handler) refers to _printf_percent.o(.ARM.Collect$$_printf_percent$$00000000) for _printf_percent
    stm32f10x_it.o(i.MemManage_Handler) refers to _printf_d.o(.ARM.Collect$$_printf_percent$$00000009) for _printf_d
    stm32f10x_it.o(i.MemManage_Handler) refers to _printf_s.o(.ARM.Collect$$_printf_percent$$00000014) for _printf_s
    stm32f10x_it.o(i.MemManage_Handler) refers to _printf_dec.o(.text) for _printf_int_dec
    stm32f10x_it.o(i.MemManage_Handler) refers to _printf_str.o(.text) for _printf_str
    stm32f10x_it.o(i.MemManage_Handler) refers to _printf_pad.o(.text) for _printf_pre_padding
    stm32f10x_it.o(i.MemManage_Handler) refers to _printf_x.o(.ARM.Collect$$_printf_percent$$0000000C) for _printf_x
    stm32f10x_it.o(i.MemManage_Handler) refers to _printf_hex_int_ll_ptr.o(.text) for _printf_longlong_hex
    stm32f10x_it.o(i.MemManage_Handler) refers to __2printf.o(.text) for __2printf
    stm32f10x_it.o(i.MemManage_Handler) refers to stm32f10x_it.o(.conststring) for .conststring
    inv_mpu.o(i.accel_self_test) refers to inv_mpu.o(i.get_accel_prod_shift) for get_accel_prod_shift
    inv_mpu.o(i.accel_self_test) refers to fflt_clz.o(x$fpl$fflt) for __aeabi_i2f
    inv_mpu.o(i.accel_self_test) refers to scalbnf.o(x$fpl$scalbnf) for __ARM_scalbnf
    inv_mpu.o(i.accel_self_test) refers to fdiv.o(x$fpl$fdiv) for __aeabi_fdiv
    inv_mpu.o(i.accel_self_test) refers to faddsub_clz.o(x$fpl$fsub) for __aeabi_fsub
    inv_mpu.o(i.get_accel_prod_shift) refers to fmul.o(x$fpl$fmul) for __aeabi_fmul
    inv_mpu.o(i.get_accel_prod_shift) refers to mpu6050.o(.data) for MPU6050_DEVICE
    inv_mpu.o(i.get_st_biases) refers to delay.o(i.delay_ms_soft) for delay_ms_soft
    inv_mpu.o(i.get_st_biases) refers to llsdiv.o(.text) for __aeabi_ldivmod
    inv_mpu.o(i.get_st_biases) refers to inv_mpu.o(.data) for .data
    inv_mpu.o(i.get_st_biases) refers to mpu6050.o(.data) for MPU6050_DEVICE
    inv_mpu.o(i.gyro_self_test) refers to fflt_clz.o(x$fpl$fflt) for __aeabi_i2f
    inv_mpu.o(i.gyro_self_test) refers to scalbnf.o(x$fpl$scalbnf) for __ARM_scalbnf
    inv_mpu.o(i.gyro_self_test) refers to fmul.o(x$fpl$fmul) for __aeabi_fmul
    inv_mpu.o(i.gyro_self_test) refers to fdiv.o(x$fpl$fdiv) for __aeabi_fdiv
[...]
    logic_calc_pid_balance                   0x08007069   Thumb Code    50  logic.o(i.logic_calc_pid_balance)
    logic_calc_pid_speed                     0x0800709d   Thumb Code   130  logic.o(i.logic_calc_pid_speed)
    logic_calc_pid_turn                      0x08007129   Thumb Code    52  logic.o(i.logic_calc_pid_turn)
    main                                     0x0800715d   Thumb Code    24  start.o(i.main)
    mget_ms                                  0x08007175   Thumb Code     2  inv_mpu.o(i.mget_ms)
    motor_driver_new                         0x08007179   Thumb Code    52  motor.o(i.motor_driver_new)
    motor_set_speed                          0x080071f5   Thumb Code    48  app.o(i.motor_set_speed)
    mpu6050_has_rolled_over                  0x08007371   Thumb Code    28  app.o(i.mpu6050_has_rolled_over)
    mpu_configure_fifo                       0x080075ad   Thumb Code    90  inv_mpu.o(i.mpu_configure_fifo)
    mpu_dmp_get_all_data                     0x0800760d   Thumb Code   406  inv_mpu.o(i.mpu_dmp_get_all_data)
    mpu_dmp_init                             0x080077a9   Thumb Code   142  inv_mpu.o(i.mpu_dmp_init)
    mpu_get_accel_fsr                        0x0800783d   Thumb Code    62  inv_mpu.o(i.mpu_get_accel_fsr)
    mpu_get_accel_sens                       0x08007881   Thumb Code    70  inv_mpu.o(i.mpu_get_accel_sens)
    mpu_get_fifo_config                      0x080078cd   Thumb Code    10  inv_mpu.o(i.mpu_get_fifo_config)
    mpu_get_gyro_fsr                         0x080078dd   Thumb Code    58  inv_mpu.o(i.mpu_get_gyro_fsr)
    mpu_get_gyro_sens                        0x0800791d   Thumb Code    52  inv_mpu.o(i.mpu_get_gyro_sens)
    mpu_get_lpf                              0x08007965   Thumb Code    64  inv_mpu.o(i.mpu_get_lpf)
    mpu_get_sample_rate                      0x080079a9   Thumb Code    24  inv_mpu.o(i.mpu_get_sample_rate)
    mpu_init                                 0x080079c5   Thumb Code   344  inv_mpu.o(i.mpu_init)
    mpu_load_firmware                        0x08007b71   Thumb Code   170  inv_mpu.o(i.mpu_load_firmware)
    mpu_lp_accel_mode                        0x08007c25   Thumb Code   204  inv_mpu.o(i.mpu_lp_accel_mode)
    mpu_read_fifo_stream                     0x08007cf9   Thumb Code   162  inv_mpu.o(i.mpu_read_fifo_stream)
    mpu_read_mem                             0x08007da5   Thumb Code   106  inv_mpu.o(i.mpu_read_mem)
    mpu_reset_fifo                           0x08007e19   Thumb Code   318  inv_mpu.o(i.mpu_reset_fifo)
    mpu_run_self_test                        0x08007f61   Thumb Code   244  inv_mpu.o(i.mpu_run_self_test)
    mpu_set_accel_fsr                        0x08008059   Thumb Code   108  inv_mpu.o(i.mpu_set_accel_fsr)
    mpu_set_bypass                           0x080080cd   Thumb Code   252  inv_mpu.o(i.mpu_set_bypass)
    mpu_set_dmp_state                        0x080081d1   Thumb Code   112  inv_mpu.o(i.mpu_set_dmp_state)
    mpu_set_gyro_fsr                         0x08008249   Thumb Code   114  inv_mpu.o(i.mpu_set_gyro_fsr)
    mpu_set_int_latched                      0x080082c5   Thumb Code    90  inv_mpu.o(i.mpu_set_int_latched)
    mpu_set_lpf                              0x08008329   Thumb Code   116  inv_mpu.o(i.mpu_set_lpf)
    mpu_set_sample_rate                      0x080083a5   Thumb Code   124  inv_mpu.o(i.mpu_set_sample_rate)
    mpu_set_sensors                          0x08008429   Thumb Code   170  inv_mpu.o(i.mpu_set_sensors)
    mpu_write_mem                            0x080084dd   Thumb Code   106  inv_mpu.o(i.mpu_write_mem)
    oled_clear                               0x08008551   Thumb Code    38  oled.o(i.oled_clear)
    oled_init                                0x08008577   Thumb Code   172  oled.o(i.oled_init)
    oled_show_bin_num                        0x08008623   Thumb Code    58  oled.o(i.oled_show_bin_num)
    oled_show_char                           0x0800865d   Thumb Code    52  oled.o(i.oled_show_char)
    oled_show_data                           0x08008695   Thumb Code   210  app.o(i.oled_show_data)
    oled_show_float                          0x080087ad   Thumb Code    58  oled.o(i.oled_show_float)
    oled_show_hex_num                        0x080087f9   Thumb Code    80  oled.o(i.oled_show_hex_num)
    oled_show_mpu6050_data                   0x08008849   Thumb Code   146  app.o(i.oled_show_mpu6050_data)
    oled_show_num                            0x0800891d   Thumb Code    64  oled.o(i.oled_show_num)
    oled_show_pid_data                       0x0800895d   Thumb Code   196  app.o(i.oled_show_pid_data)
    oled_show_signed_num                     0x08008a51   Thumb Code    98  oled.o(i.oled_show_signed_num)
    oled_show_string                         0x08008ab3   Thumb Code    38  oled.o(i.oled_show_string)
    parse_handle_params_handle               0x08008ad9   Thumb Code     2  protocol.o(i.parse_handle_params_handle)
    parse_packet_simple                      0x08008add   Thumb Code   186  protocol.o(i.parse_packet_simple)
    pic_loc_clear_error                      0x08008c35   Thumb Code    10  pid_rrd.o(i.pic_loc_clear_error)
    run_self_test                            0x08008c3f   Thumb Code   124  inv_mpu.o(i.run_self_test)
    select_server_handler                    0x08008d1d   Thumb Code    32  protocol.o(i.select_server_handler)
    set_compare_range                        0x08008dc5   Thumb Code    22  motor.o(i.set_compare_range)
    set_config_params_handler                0x08008e11   Thumb Code   124  protocol.o(i.set_config_params_handler)
    set_movemont_params_handle               0x08008f59   Thumb Code    60  protocol.o(i.set_movemont_params_handle)
    sqrt                                     0x08008fb9   Thumb Code    76  sqrt.o(i.sqrt)
    stdout_putchar                           0x08009005   Thumb Code    36  debug_uart.o(i.stdout_putchar)
    task_callback_function                   0x08009049   Thumb Code   196  app.o(i.task_callback_function)
    tb6612fng_device_new                     0x08009135   Thumb Code    48  tb6612fng.o(i.tb6612fng_device_new)
    _get_lc_numeric                          0x080091ad   Thumb Code    44  lc_numeric_c.o(locale$$code)
    _get_lc_ctype                            0x080091d9   Thumb Code    44  lc_ctype_c.o(locale$$code)
    __aeabi_d2f                              0x08009205   Thumb Code     0  d2f.o(x$fpl$d2f)
    _d2f                                     0x08009205   Thumb Code    98  d2f.o(x$fpl$d2f)
    __aeabi_dadd                             0x08009269   Thumb Code     0  daddsub_clz.o(x$fpl$dadd)
    _dadd                                    0x08009269   Thumb Code   332  daddsub_clz.o(x$fpl$dadd)
    __fpl_dcheck_NaN1                        0x080093b9   Thumb Code    10  dcheck1.o(x$fpl$dcheck1)
    __fpl_dcmp_Inf                           0x080093c9   Thumb Code    24  dcmpi.o(x$fpl$dcmpinf)
    __aeabi_ddiv                             0x080093e1   Thumb Code     0  ddiv.o(x$fpl$ddiv)
    _ddiv                                    0x080093e1   Thumb Code   552  ddiv.o(x$fpl$ddiv)
    __aeabi_cdcmpeq                          0x08009691   Thumb Code     0  deqf.o(x$fpl$deqf)
    _dcmpeq                                  0x08009691   Thumb Code   120  deqf.o(x$fpl$deqf)
    __aeabi_i2d                              0x08009709   Thumb Code     0  dflt_clz.o(x$fpl$dflt)
    _dflt                                    0x08009709   Thumb Code    46  dflt_clz.o(x$fpl$dflt)
    __aeabi_dmul                             0x08009739   Thumb Code     0  dmul.o(x$fpl$dmul)
    _dmul                                    0x08009739   Thumb Code   332  dmul.o(x$fpl$dmul)
    __fpl_dnaninf                            0x0800988d   Thumb Code   156  dnaninf.o(x$fpl$dnaninf)
    __fpl_dretinf                            0x08009929   Thumb Code    12  dretinf.o(x$fpl$dretinf)
    __aeabi_drsub                            0x08009935   Thumb Code     0  daddsub_clz.o(x$fpl$drsb)
    _drsb                                    0x08009935   Thumb Code    22  daddsub_clz.o(x$fpl$drsb)
    _dsqrt                                   0x0800994d   Thumb Code   456  dsqrt_noumaal.o(x$fpl$dsqrt)
    __aeabi_dsub                             0x08009b19   Thumb Code     0  daddsub_clz.o(x$fpl$dsub)
    _dsub                                    0x08009b19   Thumb Code   464  daddsub_clz.o(x$fpl$dsub)
    __aeabi_f2d                              0x08009ced   Thumb Code     0  f2d.o(x$fpl$f2d)
    _f2d                                     0x08009ced   Thumb Code    86  f2d.o(x$fpl$f2d)
    __aeabi_fadd                             0x08009d45   Thumb Code     0  faddsub_clz.o(x$fpl$fadd)
    _fadd                                    0x08009d45   Thumb Code   196  faddsub_clz.o(x$fpl$fadd)
    __fpl_fcheck_NaN1                        0x08009e09   Thumb Code     6  fcheck1.o(x$fpl$fcheck1)
    __aeabi_fdiv                             0x08009e15   Thumb Code     0  fdiv.o(x$fpl$fdiv)
    _fdiv                                    0x08009e15   Thumb Code   384  fdiv.o(x$fpl$fdiv)
    __aeabi_f2iz                             0x08009f99   Thumb Code     0  ffix.o(x$fpl$ffix)
    _ffix                                    0x08009f99   Thumb Code    54  ffix.o(x$fpl$ffix)
    __aeabi_f2uiz                            0x08009fd1   Thumb Code     0  ffixu.o(x$fpl$ffixu)
    _ffixu                                   0x08009fd1   Thumb Code    62  ffixu.o(x$fpl$ffixu)
    __aeabi_i2f                              0x0800a011   Thumb Code     0  fflt_clz.o(x$fpl$fflt)
    _fflt                                    0x0800a011   Thumb Code    48  fflt_clz.o(x$fpl$fflt)
    __aeabi_ui2f                             0x0800a041   Thumb Code     0  fflt_clz.o(x$fpl$ffltu)
    _ffltu                                   0x0800a041   Thumb Code    38  fflt_clz.o(x$fpl$ffltu)
    __aeabi_fmul                             0x0800a069   Thumb Code     0  fmul.o(x$fpl$fmul)
    _fmul                                    0x0800a069   Thumb Code   258  fmul.o(x$fpl$fmul)
    __fpl_fnaninf                            0x0800a16b   Thumb Code   140  fnaninf.o(x$fpl$fnaninf)
    __fpl_fretinf                            0x0800a1f7   Thumb Code    10  fretinf.o(x$fpl$fretinf)
    __aeabi_fsub                             0x0800a201   Thumb Code     0  faddsub_clz.o(x$fpl$fsub)
    _fsub                                    0x0800a201   Thumb Code   234  faddsub_clz.o(x$fpl$fsub)
    _printf_fp_dec                           0x0800a2eb   Thumb Code     4  printf1.o(x$fpl$printf1)
    _printf_fp_hex                           0x0800a2ef   Thumb Code     4  printf2.o(x$fpl$printf2)
    __fpl_return_NaN                         0x0800a2f3   Thumb Code   100  retnan.o(x$fpl$retnan)
    __ARM_scalbn                             0x0800a357   Thumb Code    92  scalbn.o(x$fpl$scalbn)
    __ARM_scalbnf                            0x0800a3b3   Thumb Code    76  scalbnf.o(x$fpl$scalbnf)
    __fpl_cmpreturn                          0x0800a3ff   Thumb Code    48  trapv.o(x$fpl$trapveneer)
    __I$use$fp                               0x0800a42e   Number         0  usenofp.o(x$fpl$usenofp)
    reg                                      0x0800a42e   Data          27  inv_mpu.o(.constdata)
    hw                                       0x0800a44a   Data          12  inv_mpu.o(.constdata)
    test                                     0x0800a458   Data          40  inv_mpu.o(.constdata)
    OLED_F6x8                                0x0800b076   Data         552  oled.o(.constdata)
    Driver_USART2                            0x0800b338   Data          56  usart_stm32f10x.o(.constdata)
    Driver_USART3                            0x0800b370   Data          56  usart_stm32f10x.o(.constdata)
    __stdin_name                             0x0800b3a8   Data           7  retarget_io.o(.constdata)
    __stdout_name                            0x0800b3af   Data           8  retarget_io.o(.constdata)
    __stderr_name                            0x0800b3b7   Data           8  retarget_io.o(.constdata)
    __mathlib_zero                           0x0800b518   Data           8  qnan.o(.constdata)
    Region$$Table$$Base                      0x0800b68c   Number         0  anon$$obj.o(Region$$Table)
    Region$$Table$$Limit                     0x0800b6ac   Number         0  anon$$obj.o(Region$$Table)
    __ctype                                  0x0800b6d5   Data           0  lc_ctype_c.o(locale$$data)
    MPU6050_DEVICE                           0x20000038   Data          40  mpu6050.o(.data)
    OLED_DRIVER                              0x20000060   Data          36  oled.o(.data)
    BLUETOOTH_DEVICE                         0x20000084   Data          12  blutooth.o(.data)
    PWM_DRIVER                               0x20000090   Data          16  pwm.o(.data)
    SYSTICK_DRIVER                           0x200000a0   Data          16  systick.o(.data)
    g_MOTOR_DEVICE_LEFT                      0x200000b0   Data           4  globals.o(.data)
    g_MOTOR_DEVICE_RIGHT                     0x200000b4   Data           4  globals.o(.data)
    g_TB6612FNG_DEVICE_LEFT                  0x200000b8   Data           4  globals.o(.data)
    g_TB6612FNG_DEVICE_RIGHT                 0x200000bc   Data           4  globals.o(.data)
    g_ENCODER_DEVICE_LEFT                    0x200000c0   Data           4  globals.o(.data)
    g_ENCODER_DEVICE_RIGHT                   0x200000c4   Data           4  globals.o(.data)
    SystemCoreClock                          0x200000c8   Data           4  system_stm32f10x.o(.data)
    AHBPrescTable                            0x200000cc   Data          16  system_stm32f10x.o(.data)
    __aeabi_stdin                            0x200000dc   Data           4  stdio_streams.o(.data)
    __aeabi_stdout                           0x200000e0   Data           4  stdio_streams.o(.data)
    __aeabi_stderr                           0x200000e4   Data           4  stdio_streams.o(.data)
    g_TRANSMIT_DATA                          0x20000250   Data          40  globals.o(.bss)
    g_BALANCE_CAR_INFO                       0x20000278   Data         208  globals.o(.bss)
    __stdin                                  0x200003f4   Data          84  stdio_streams.o(.bss)
    __stdout                                 0x20000448   Data          84  stdio_streams.o(.bss)
    __stderr                                 0x2000049c   Data          84  stdio_streams.o(.bss)
    __libspace_start                         0x200004f0   Data          96  libspace.o(.bss)
    __temporary_stack_top$libspace           0x20000550   Data           0  libspace.o(.bss)



==============================================================================

Memory Map of the image

  Image Entry point : 0x080000ed

  Load Region LR_IROM1 (Base: 0x08000000, Size: 0x0000b8c0, Max: 0x00010000, ABSOLUTE)

    Execution Region ER_IROM1 (Exec base: 0x08000000, Load base: 0x08000000, Size: 0x0000b7d8, Max: 0x00010000, ABSOLUTE)

    Exec Addr    Load Addr    Size         Type   Attr      Idx    E Section Name        Object

    0x08000000   0x08000000   0x000000ec   Data   RO         6062    RESET               startup_stm32f10x_md.o
    0x080000ec   0x080000ec   0x00000008   Code   RO         6274  * !!!main             c_w.l(__main.o)
    0x080000f4   0x080000f4   0x00000034   Code   RO         6791    !!!scatter          c_w.l(__scatter.o)
    0x08000128   0x08000128   0x0000001a   Code   RO         6793    !!handler_copy      c_w.l(__scatter_copy.o)
    0x08000142   0x08000142   0x00000002   PAD
    0x08000144   0x08000144   0x0000001c   Code   RO         6795    !!handler_zi        c_w.l(__scatter_zi.o)
    0x08000160   0x08000160   0x00000000   Code   RO         6262    .ARM.Collect$$_printf_percent$$00000000  c_w.l(_printf_percent.o)
    0x08000160   0x08000160   0x00000006   Code   RO         6413    .ARM.Collect$$_printf_percent$$00000001  c_w.l(_printf_n.o)
    0x08000166   0x08000166   0x00000006   Code   RO         6414    .ARM.Collect$$_printf_percent$$00000002  c_w.l(_printf_p.o)
    0x0800016c   0x0800016c   0x00000006   Code   RO         6258    .ARM.Collect$$_printf_percent$$00000003  c_w.l(_printf_f.o)
    0x08000172   0x08000172   0x00000006   Code   RO         6259    .ARM.Collect$$_printf_percent$$00000004  c_w.l(_printf_e.o)
    0x08000178   0x08000178   0x00000006   Code   RO         6260    .ARM.Collect$$_printf_percent$$00000005  c_w.l(_printf_g.o)
    0x0800017e   0x0800017e   0x00000006   Code   RO         6261    .ARM.Collect$$_printf_percent$$00000006  c_w.l(_printf_a.o)
    0x08000184   0x08000184   0x0000000a   Code   RO         6419    .ARM.Collect$$_printf_percent$$00000007  c_w.l(_printf_ll.o)
    0x0800018e   0x0800018e   0x00000006   Code   RO         6255    .ARM.Collect$$_printf_percent$$00000008  c_w.l(_printf_i.o)
    0x08000194   0x08000194   0x00000006   Code   RO         6256    .ARM.Collect$$_printf_percent$$00000009  c_w.l(_printf_d.o)
    0x0800019a   0x0800019a   0x00000006   Code   RO         6257    .ARM.Collect$$_printf_percent$$0000000A  c_w.l(_printf_u.o)
    0x080001a0   0x080001a0   0x00000006   Code   RO         6254    .ARM.Collect$$_printf_percent$$0000000B  c_w.l(_printf_o.o)
    0x080001a6   0x080001a6   0x00000006   Code   RO         6253    .ARM.Collect$$_printf_percent$$0000000C  c_w.l(_printf_x.o)
    0x080001ac   0x080001ac   0x00000006   Code   RO         6416    .ARM.Collect$$_printf_percent$$0000000D  c_w.l(_printf_lli.o)
    0x080001b2   0x080001b2   0x00000006   Code   RO         6417    .ARM.Collect$$_printf_percent$$0000000E  c_w.l(_printf_lld.o)
    0x080001b8   0x080001b8   0x00000006   Code   RO         6418    .ARM.Collect$$_printf_percent$$0000000F  c_w.l(_printf_llu.o)
    0x080001be   0x080001be   0x00000006   Code   RO         6422    .ARM.Collect$$_printf_percent$$00000010  c_w.l(_printf_llo.o)
    0x080001c4   0x080001c4   0x00000006   Code   RO         6423    .ARM.Collect$$_printf_percent$$00000011  c_w.l(_printf_llx.o)
    0x080001ca   0x080001ca   0x0000000a   Code   RO         6420    .ARM.Collect$$_printf_percent$$00000012  c_w.l(_printf_l.o)
    0x080001d4   0x080001d4   0x00000006   Code   RO         6251    .ARM.Collect$$_printf_percent$$00000013  c_w.l(_printf_c.o)
    0x080001da   0x080001da   0x00000006   Code   RO         6252    .ARM.Collect$$_printf_percent$$00000014  c_w.l(_printf_s.o)
    0x080001e0   0x080001e0   0x00000006   Code   RO         6263    .ARM.Collect$$_printf_percent$$00000015  c_w.l(_printf_lc.o)
    0x080001e6   0x080001e6   0x00000006   Code   RO         6421    .ARM.Collect$$_printf_percent$$00000016  c_w.l(_printf_ls.o)
    0x080001ec   0x080001ec   0x00000004   Code   RO         6415    .ARM.Collect$$_printf_percent$$00000017  c_w.l(_printf_percent_end.o)
    0x080001f0   0x080001f0   0x00000002   Code   RO         6696    .ARM.Collect$$libinit$$00000000  c_w.l(libinit.o)
    0x080001f2   0x080001f2   0x00000000   Code   RO         6439    .ARM.Collect$$libinit$$00000002  c_w.l(libinit2.o)
    0x080001f2   0x080001f2   0x00000000   Code   RO         6441    .ARM.Collect$$libinit$$00000004  c_w.l(libinit2.o)
    0x080001f2   0x080001f2   0x00000008   Code   RO         6442    .ARM.Collect$$libinit$$00000005  c_w.l(libinit2.o)
    0x080001fa   0x080001fa   0x00000000   Code   RO         6444    .ARM.Collect$$libinit$$0000000A  c_w.l(libinit2.o)
    0x080001fa   0x080001fa   0x00000000   Code   RO         6446    .ARM.Collect$$libinit$$0000000C  c_w.l(libinit2.o)
    0x080001fa   0x080001fa   0x00000000   Code   RO         6448    .ARM.Collect$$libinit$$0000000E  c_w.l(libinit2.o)
    0x080001fa   0x080001fa   0x00000006   Code   RO         6449    .ARM.Collect$$libinit$$0000000F  c_w.l(libinit2.o)
    0x08000200   0x08000200   0x00000000   Code   RO         6451    .ARM.Collect$$libinit$$00000011  c_w.l(libinit2.o)
    0x08000200   0x08000200   0x0000000c   Code   RO         6452    .ARM.Collect$$libinit$$00000012  c_w.l(libinit2.o)
    0x0800020c   0x0800020c   0x00000000   Code   RO         6453    .ARM.Collect$$libinit$$00000013  c_w.l(libinit2.o)
    0x0800020c   0x0800020c   0x00000000   Code   RO         6455    .ARM.Collect$$libinit$$00000015  c_w.l(libinit2.o)
    0x0800020c   0x0800020c   0x0000000a   Code   RO         6456    .ARM.Collect$$libinit$$00000016  c_w.l(libinit2.o)
    0x08000216   0x08000216   0x00000000   Code   RO         6457    .ARM.Collect$$libinit$$00000017  c_w.l(libinit2.o)
    0x08000216   0x08000216   0x00000000   Code   RO         6459    .ARM.Collect$$libinit$$00000019  c_w.l(libinit2.o)
    0x08000216   0x08000216   0x00000000   Code   RO         6461    .ARM.Collect$$libinit$$0000001B  c_w.l(libinit2.o)
    0x08000216   0x08000216   0x00000000   Code   RO         6463    .ARM.Collect$$libinit$$0000001D  c_w.l(libinit2.o)
    0x08000216   0x08000216   0x00000000   Code   RO         6465    .ARM.Collect$$libinit$$0000001F  c_w.l(libinit2.o)
    0x08000216   0x08000216   0x00000000   Code   RO         6467    .ARM.Collect$$libinit$$00000021  c_w.l(libinit2.o)
    0x08000216   0x08000216   0x00000000   Code   RO         6469    .ARM.Collect$$libinit$$00000023  c_w.l(libinit2.o)
    0x08000216   0x08000216   0x00000004   Code   RO         6470    .ARM.Collect$$libinit$$00000024  c_w.l(libinit2.o)
    0x0800021a   0x0800021a   0x00000000   Code   RO         6471    .ARM.Collect$$libinit$$00000025  c_w.l(libinit2.o)
    0x0800021a   0x0800021a   0x00000000   Code   RO         6475    .ARM.Collect$$libinit$$0000002C  c_w.l(libinit2.o)
    0x0800021a   0x0800021a   0x00000000   Code   RO         6477    .ARM.Collect$$libinit$$0000002E  c_w.l(libinit2.o)
    0x0800021a   0x0800021a   0x00000000   Code   RO         6479    .ARM.Collect$$libinit$$00000030  c_w.l(libinit2.o)
    0x0800021a   0x0800021a   0x00000000   Code   RO         6481    .ARM.Collect$$libinit$$00000032  c_w.l(libinit2.o)
    0x0800021a   0x0800021a   0x00000002   Code   RO         6482    .ARM.Collect$$libinit$$00000033  c_w.l(libinit2.o)
    0x0800021c   0x0800021c   0x00000002   Code   RO         6788    .ARM.Collect$$libshutdown$$00000000  c_w.l(libshutdown.o)
    0x0800021e   0x0800021e   0x00000000   Code   RO         6698    .ARM.Collect$$libshutdown$$00000002  c_w.l(libshutdown2.o)
    0x0800021e   0x0800021e   0x00000000   Code   RO         6700    .ARM.Collect$$libshutdown$$00000004  c_w.l(libshutdown2.o)
    0x0800021e   0x0800021e   0x00000004   Code   RO         6701    .ARM.Collect$$libshutdown$$00000005  c_w.l(libshutdown2.o)
    0x08000222   0x08000222   0x00000000   Code   RO         6702    .ARM.Collect$$libshutdown$$00000006  c_w.l(libshutdown2.o)
    0x08000222   0x08000222   0x00000000   Code   RO         6705    .ARM.Collect$$libshutdown$$00000009  c_w.l(libshutdown2.o)
    0x08000222   0x08000222   0x00000000   Code   RO         6708    .ARM.Collect$$libshutdown$$0000000C  c_w.l(libshutdown2.o)
    0x08000222   0x08000222   0x00000000   Code   RO         6710    .ARM.Collect$$libshutdown$$0000000E  c_w.l(libshutdown2.o)
    0x08000222   0x08000222   0x00000000   Code   RO         6713    .ARM.Collect$$libshutdown$$00000011  c_w.l(libshutdown2.o)
    0x08000222   0x08000222   0x00000002   Code   RO         6714    .ARM.Collect$$libshutdown$$00000012  c_w.l(libshutdown2.o)
    0x08000224   0x08000224   0x00000000   Code   RO         6360    .ARM.Collect$$rtentry$$00000000  c_w.l(__rtentry.o)
    0x08000224   0x08000224   0x00000000   Code   RO         6543    .ARM.Collect$$rtentry$$00000002  c_w.l(__rtentry2.o)
    0x08000224   0x08000224   0x00000006   Code   RO         6555    .ARM.Collect$$rtentry$$00000004  c_w.l(__rtentry4.o)
    0x0800022a   0x0800022a   0x00000000   Code   RO         6545    .ARM.Collect$$rtentry$$00000009  c_w.l(__rtentry2.o)
    0x0800022a   0x0800022a   0x00000004   Code   RO         6546    .ARM.Collect$$rtentry$$0000000A  c_w.l(__rtentry2.o)
    0x0800022e   0x0800022e   0x00000000   Code   RO         6548    .ARM.Collect$$rtentry$$0000000C  c_w.l(__rtentry2.o)
    0x0800022e   0x0800022e   0x00000008   Code   RO         6549    .ARM.Collect$$rtentry$$0000000D  c_w.l(__rtentry2.o)
    0x08000236   0x08000236   0x00000002   Code   RO         6721    .ARM.Collect$$rtexit$$00000000  c_w.l(rtexit.o)
    0x08000238   0x08000238   0x00000000   Code   RO         6752    .ARM.Collect$$rtexit$$00000002  c_w.l(rtexit2.o)
    0x08000238   0x08000238   0x00000004   Code   RO         6753    .ARM.Collect$$rtexit$$00000003  c_w.l(rtexit2.o)
    0x0800023c   0x0800023c   0x00000006   Code   RO         6754    .ARM.Collect$$rtexit$$00000004  c_w.l(rtexit2.o)
    0x08000242   0x08000242   0x00000002   PAD
    0x08000244   0x08000244   0x00000000   Code   RO         6575    .emb_text           c_w.l(maybetermalloc1.o)
    0x08000244   0x08000244   0x00000040   Code   RO         6063    .text               startup_stm32f10x_md.o
    0x08000284   0x08000284   0x0000005e   Code   RO         6119    .text               c_w.l(h1_alloc.o)
    0x080002e2   0x080002e2   0x0000004e   Code   RO         6121    .text               c_w.l(h1_free.o)
    0x08000330   0x08000330   0x00000048   Code   RO         6177    .text               c_w.l(llsdiv.o)
    0x08000378   0x08000378   0x0000000c   Code   RO         6179    .text               c_w.l(vprintf.o)
    0x08000384   0x08000384   0x00000034   Code   RO         6181    .text               c_w.l(vsnprintf.o)
    0x080003b8   0x080003b8   0x00000018   Code   RO         6183    .text               c_w.l(__2printf.o)
    0x080003d0   0x080003d0   0x00000038   Code   RO         6185    .text               c_w.l(__2snprintf.o)
    0x08000408   0x08000408   0x0000004e   Code   RO         6193    .text               c_w.l(_printf_pad.o)
    0x08000456   0x08000456   0x00000024   Code   RO         6195    .text               c_w.l(_printf_truncate.o)
    0x0800047a   0x0800047a   0x00000052   Code   RO         6197    .text               c_w.l(_printf_str.o)
    0x080004cc   0x080004cc   0x00000078   Code   RO         6199    .text               c_w.l(_printf_dec.o)
    0x08000544   0x08000544   0x000000bc   Code   RO         6201    .text               c_w.l(_printf_wctomb.o)
    0x08000600   0x08000600   0x00000070   Code   RO         6208    .text               c_w.l(_printf_oct_int_ll.o)
    0x08000670   0x08000670   0x00000094   Code   RO         6228    .text               c_w.l(_printf_hex_int_ll_ptr.o)
    0x08000704   0x08000704   0x00000188   Code   RO         6248    .text               c_w.l(__printf_flags_ss_wp.o)
    0x0800088c   0x0800088c   0x00000058   Code   RO         6264    .text               c_w.l(memcmp.o)
    0x080008e4   0x080008e4   0x00000010   Code   RO         6266    .text               c_w.l(aeabi_memset.o)
    0x080008f4   0x080008f4   0x0000004e   Code   RO         6268    .text               c_w.l(rt_memclr_w.o)
    0x08000942   0x08000942   0x00000002   PAD
    0x08000944   0x08000944   0x00000080   Code   RO         6270    .text               c_w.l(strcmpv7m.o)
    0x080009c4   0x080009c4   0x00000006   Code   RO         6272    .text               c_w.l(heapauxi.o)
    0x080009ca   0x080009ca   0x00000002   PAD
    0x080009cc   0x080009cc   0x00000008   Code   RO         6364    .text               c_w.l(rt_heap_descriptor_intlibspace.o)
    0x080009d4   0x080009d4   0x00000004   Code   RO         6366    .text               c_w.l(hguard.o)
    0x080009d8   0x080009d8   0x0000008a   Code   RO         6368    .text               c_w.l(init_alloc.o)
    0x08000a62   0x08000a62   0x0000000e   Code   RO         6372    .text               c_w.l(h1_init.o)
    0x08000a70   0x08000a70   0x000000ee   Code   RO         6386    .text               c_w.l(lludivv7m.o)
    0x08000b5e   0x08000b5e   0x00000016   Code   RO         6388    .text               c_w.l(_rserrno.o)
    0x08000b74   0x08000b74   0x000000b2   Code   RO         6390    .text               c_w.l(_printf_intcommon.o)
    0x08000c26   0x08000c26   0x00000028   Code   RO         6392    .text               c_w.l(_printf_charcount.o)
    0x08000c4e   0x08000c4e   0x0000041e   Code   RO         6394    .text               c_w.l(_printf_fp_dec.o)
    0x0800106c   0x0800106c   0x000002fc   Code   RO         6396    .text               c_w.l(_printf_fp_hex.o)
    0x08001368   0x08001368   0x00000030   Code   RO         6399    .text               c_w.l(_printf_char_common.o)
    0x08001398   0x08001398   0x0000000a   Code   RO         6401    .text               c_w.l(_sputc.o)
    0x080013a2   0x080013a2   0x00000010   Code   RO         6403    .text               c_w.l(_snputc.o)
    0x080013b2   0x080013b2   0x0000002c   Code   RO         6405    .text               c_w.l(_printf_char.o)
    0x080013de   0x080013de   0x00000002   PAD
    0x080013e0   0x080013e0   0x00000024   Code   RO         6407    .text               c_w.l(_printf_char_file.o)
    0x08001404   0x08001404   0x0000002c   Code   RO         6409    .text               c_w.l(_printf_wchar.o)
    0x08001430   0x08001430   0x0000007c   Code   RO         6411    .text               c_w.l(_printf_longlong_dec.o)
    0x080014ac   0x080014ac   0x00000040   Code   RO         6430    .text               c_w.l(_wcrtomb.o)
    0x080014ec   0x080014ec   0x00000044   Code   RO         6434    .text               c_w.l(rt_memclr.o)
    0x08001530   0x08001530   0x00000008   Code   RO         6539    .text               c_w.l(libspace.o)
    0x08001538   0x08001538   0x00000010   Code   RO         6557    .text               c_w.l(rt_ctype_table.o)
    0x08001548   0x08001548   0x00000008   Code   RO         6566    .text               c_w.l(rt_locale_intlibspace.o)
    0x08001550   0x08001550   0x00000008   Code   RO         6571    .text               c_w.l(rt_errno_addr_intlibspace.o)
    0x08001558   0x08001558   0x00000034   Code   RO         6577    .text               c_w.l(h1_extend.o)
    0x0800158c   0x0800158c   0x0000008a   Code   RO         6581    .text               c_w.l(lludiv10.o)
    0x08001616   0x08001616   0x00000002   PAD
    0x08001618   0x08001618   0x00000080   Code   RO         6583    .text               c_w.l(_printf_fp_infnan.o)
    0x08001698   0x08001698   0x000000e4   Code   RO         6587    .text               c_w.l(bigflt0.o)
    0x0800177c   0x0800177c   0x00000008   Code   RO         6612    .text               c_w.l(ferror.o)
    0x08001784   0x08001784   0x00000138   Code   RO         6618    .text               c_w.l(initio.o)
    0x080018bc   0x080018bc   0x0000000e   Code   RO         6629    .text               c_w.l(defsig_rtmem_outer.o)
    0x080018ca   0x080018ca   0x00000002   Code   RO         6650    .text               c_w.l(use_no_semi.o)
    0x080018cc   0x080018cc   0x00000000   Code   RO         6652    .text               c_w.l(indicate_semi.o)
    0x080018cc   0x080018cc   0x0000004a   Code   RO         6653    .text               c_w.l(sys_stackheap_outer.o)
    0x08001916   0x08001916   0x000001d6   Code   RO         6661    .text               c_w.l(flsbuf.o)
    0x08001aec   0x08001aec   0x00000046   Code   RO         6663    .text               c_w.l(setvbuf.o)
    0x08001b32   0x08001b32   0x00000002   PAD
    0x08001b34   0x08001b34   0x000000ec   Code   RO         6666    .text               c_w.l(fopen.o)
    0x08001c20   0x08001c20   0x0000004c   Code   RO         6668    .text               c_w.l(fclose.o)
    0x08001c6c   0x08001c6c   0x00000012   Code   RO         6677    .text               c_w.l(exit.o)
    0x08001c7e   0x08001c7e   0x0000000a   Code   RO         6679    .text               c_w.l(defsig_exit.o)
    0x08001c88   0x08001c88   0x0000000e   Code   RO         6681    .text               c_w.l(defsig_rtred_outer.o)
    0x08001c96   0x08001c96   0x00000002   PAD
    0x08001c98   0x08001c98   0x00000050   Code   RO         6685    .text               c_w.l(defsig_rtmem_inner.o)
    0x08001ce8   0x08001ce8   0x0000000c   Code   RO         6719    .text               c_w.l(sys_exit.o)
    0x08001cf4   0x08001cf4   0x000000f8   Code   RO         6729    .text               c_w.l(fseek.o)
    0x08001dec   0x08001dec   0x000000f0   Code   RO         6731    .text               c_w.l(stdio.o)
    0x08001edc   0x08001edc   0x00000032   Code   RO         6739    .text               c_w.l(defsig_general.o)
    0x08001f0e   0x08001f0e   0x00000002   PAD
    0x08001f10   0x08001f10   0x00000034   Code   RO         6745    .text               c_w.l(defsig_rtred_inner.o)
    0x08001f44   0x08001f44   0x0000000e   Code   RO         6749    .text               c_w.l(sys_wrch.o)
    0x08001f52   0x08001f52   0x00000042   Code   RO         6762    .text               c_w.l(ftell.o)
    0x08001f94   0x08001f94   0x0000003e   Code   RO         6590    CL$$btod_d2e        c_w.l(btod.o)
    0x08001fd2   0x08001fd2   0x00000046   Code   RO         6592    CL$$btod_d2e_denorm_low  c_w.l(btod.o)
    0x08002018   0x08002018   0x00000060   Code   RO         6591    CL$$btod_d2e_norm_op1  c_w.l(btod.o)
    0x08002078   0x08002078   0x00000338   Code   RO         6600    CL$$btod_div_common  c_w.l(btod.o)
    0x080023b0   0x080023b0   0x000000dc   Code   RO         6597    CL$$btod_e2e        c_w.l(btod.o)
    0x0800248c   0x0800248c   0x0000002a   Code   RO         6594    CL$$btod_ediv       c_w.l(btod.o)
    0x080024b6   0x080024b6   0x0000002a   Code   RO         6593    CL$$btod_emul       c_w.l(btod.o)
    0x080024e0   0x080024e0   0x00000244   Code   RO         6599    CL$$btod_mult_common  c_w.l(btod.o)
    0x08002724   0x08002724   0x00000080   Code   RO          230    i.BusFault_Handler  stm32f10x_it.o
    0x080027a4   0x080027a4   0x00000002   Code   RO         5884    i.DMA1_Channel1_Event  dma_stm32f10x.o
    0x080027a6   0x080027a6   0x00000002   PAD
    0x080027a8   0x080027a8   0x00000018   Code   RO         5885    i.DMA1_Channel1_IRQHandler  dma_stm32f10x.o
    0x080027c0   0x080027c0   0x00000002   Code   RO         5886    i.DMA1_Channel2_Event  dma_stm32f10x.o
    0x080027c2   0x080027c2   0x00000002   PAD
    0x080027c4   0x080027c4   0x00000018   Code   RO         5887    i.DMA1_Channel2_IRQHandler  dma_stm32f10x.o
    0x080027dc   0x080027dc   0x00000002   Code   RO         5888    i.DMA1_Channel3_Event  dma_stm32f10x.o
    0x080027de   0x080027de   0x00000002   PAD
    0x080027e0   0x080027e0   0x00000018   Code   RO         5889    i.DMA1_Channel3_IRQHandler  dma_stm32f10x.o
    0x080027f8   0x080027f8   0x00000002   Code   RO         5890    i.DMA1_Channel4_Event  dma_stm32f10x.o
    0x080027fa   0x080027fa   0x00000002   PAD
    0x080027fc   0x080027fc   0x00000018   Code   RO         5891    i.DMA1_Channel4_IRQHandler  dma_stm32f10x.o
    0x08002814   0x08002814   0x00000002   Code   RO         5892    i.DMA1_Channel5_Event  dma_stm32f10x.o
    0x08002816   0x08002816   0x00000002   PAD
    0x08002818   0x08002818   0x00000018   Code   RO         5893    i.DMA1_Channel5_IRQHandler  dma_stm32f10x.o
    0x08002830   0x08002830   0x00000002   Code   RO         5894    i.DMA1_Channel6_Event  dma_stm32f10x.o
    0x08002832   0x08002832   0x00000002   PAD
    0x08002834   0x08002834   0x00000018   Code   RO         5895    i.DMA1_Channel6_IRQHandler  dma_stm32f10x.o
    0x0800284c   0x0800284c   0x00000002   Code   RO         5896    i.DMA1_Channel7_Event  dma_stm32f10x.o
    0x0800284e   0x0800284e   0x00000002   PAD
    0x08002850   0x08002850   0x00000018   Code   RO         5897    i.DMA1_Channel7_IRQHandler  dma_stm32f10x.o
    0x08002868   0x08002868   0x00000002   Code   RO          231    i.DebugMon_Handler  stm32f10x_it.o
    0x0800286a   0x0800286a   0x00000002   PAD
    0x0800286c   0x0800286c   0x0000006c   Code   RO         6018    i.GPIO_AFConfigure  gpio_stm32f10x.o
    0x080028d8   0x080028d8   0x00000088   Code   RO         6019    i.GPIO_GetPortClockState  gpio_stm32f10x.o
    0x08002960   0x08002960   0x000000a6   Code   RO         3936    i.GPIO_Init         stm32f10x_gpio.o
    0x08002a06   0x08002a06   0x00000066   Code   RO         6020    i.GPIO_PinConfigure  gpio_stm32f10x.o
    0x08002a6c   0x08002a6c   0x0000005c   Code   RO         3938    i.GPIO_PinRemapConfig  stm32f10x_gpio.o
    0x08002ac8   0x08002ac8   0x00000104   Code   RO         6021    i.GPIO_PortClock    gpio_stm32f10x.o
    0x08002bcc   0x08002bcc   0x0000000e   Code   RO         3940    i.GPIO_ReadInputDataBit  stm32f10x_gpio.o
    0x08002bda   0x08002bda   0x00000004   Code   RO         3943    i.GPIO_ResetBits    stm32f10x_gpio.o
    0x08002bde   0x08002bde   0x00000004   Code   RO         3944    i.GPIO_SetBits      stm32f10x_gpio.o
    0x08002be2   0x08002be2   0x0000000c   Code   RO         3947    i.GPIO_WriteBit     stm32f10x_gpio.o
    0x08002bee   0x08002bee   0x00000002   PAD
    0x08002bf0   0x08002bf0   0x00000080   Code   RO          232    i.HardFault_Handler  stm32f10x_it.o
    0x08002c70   0x08002c70   0x00000008   Code   RO         1346    i.I2C_SCL_0         soft_i2c.o
    0x08002c78   0x08002c78   0x00000008   Code   RO         1347    i.I2C_SCL_1         soft_i2c.o
    0x08002c80   0x08002c80   0x00000008   Code   RO         1348    i.I2C_SDA_0         soft_i2c.o
    0x08002c88   0x08002c88   0x00000008   Code   RO         1349    i.I2C_SDA_1         soft_i2c.o
    0x08002c90   0x08002c90   0x00000008   Code   RO         1350    i.I2C_SDA_READ      soft_i2c.o
    0x08002c98   0x08002c98   0x00000080   Code   RO          233    i.MemManage_Handler  stm32f10x_it.o
    0x08002d18   0x08002d18   0x00000002   Code   RO          234    i.NMI_Handler       stm32f10x_it.o
    0x08002d1a   0x08002d1a   0x00000002   PAD
    0x08002d1c   0x08002d1c   0x00000030   Code   RO         1005    i.OLED_I2C_Init     oled.o
    0x08002d4c   0x08002d4c   0x0000002c   Code   RO         1006    i.OLED_I2C_SendByte_  oled.o
    0x08002d78   0x08002d78   0x00000010   Code   RO         1007    i.OLED_Pow          oled.o
    0x08002d88   0x08002d88   0x00000022   Code   RO         1008    i.OLED_SetCursor    oled.o
    0x08002daa   0x08002daa   0x00000002   PAD
    0x08002dac   0x08002dac   0x00000034   Code   RO         1009    i.OLED_WriteCommand  oled.o
    0x08002de0   0x08002de0   0x00000034   Code   RO         1010    i.OLED_WriteData    oled.o
    0x08002e14   0x08002e14   0x00000002   Code   RO          235    i.PendSV_Handler    stm32f10x_it.o
    0x08002e16   0x08002e16   0x00000002   PAD
    0x08002e18   0x08002e18   0x0000001c   Code   RO         4400    i.RCC_APB1PeriphClockCmd  stm32f10x_rcc.o
    0x08002e34   0x08002e34   0x0000001c   Code   RO         4402    i.RCC_APB2PeriphClockCmd  stm32f10x_rcc.o
    0x08002e50   0x08002e50   0x00000002   Code   RO          236    i.SVC_Handler       stm32f10x_it.o
    0x08002e52   0x08002e52   0x00000004   Code   RO         6070    i.SetSysClock       system_stm32f10x.o
    0x08002e56   0x08002e56   0x00000002   PAD
    0x08002e58   0x08002e58   0x000000b0   Code   RO         6071    i.SetSysClockTo72   system_stm32f10x.o
    0x08002f08   0x08002f08   0x00000010   Code   RO         1505    i.SysTick_Handler   systick.o
    0x08002f18   0x08002f18   0x00000050   Code   RO         6073    i.SystemInit        system_stm32f10x.o
    0x08002f68   0x08002f68   0x00000074   Code   RO         5066    i.TI1_Config        stm32f10x_tim.o
    0x08002fdc   0x08002fdc   0x0000007c   Code   RO         5067    i.TI2_Config        stm32f10x_tim.o
    0x08003058   0x08003058   0x00000078   Code   RO         5068    i.TI3_Config        stm32f10x_tim.o
    0x080030d0   0x080030d0   0x0000007c   Code   RO         5069    i.TI4_Config        stm32f10x_tim.o
    0x0800314c   0x0800314c   0x00000018   Code   RO         5070    i.TIM_ARRPreloadConfig  stm32f10x_tim.o
    0x08003164   0x08003164   0x00000018   Code   RO         5082    i.TIM_Cmd           stm32f10x_tim.o
    0x0800317c   0x0800317c   0x0000001c   Code   RO         5084    i.TIM_CtrlPWMOutputs  stm32f10x_tim.o
    0x08003198   0x08003198   0x00000032   Code   RO         5091    i.TIM_EncoderInterfaceConfig  stm32f10x_tim.o
    0x080031ca   0x080031ca   0x00000004   Code   RO         5101    i.TIM_GetCounter    stm32f10x_tim.o
    0x080031ce   0x080031ce   0x00000002   PAD
    0x080031d0   0x080031d0   0x0000008c   Code   RO         5105    i.TIM_ICInit        stm32f10x_tim.o
    0x0800325c   0x0800325c   0x00000010   Code   RO         5106    i.TIM_ICStructInit  stm32f10x_tim.o
    0x0800326c   0x0800326c   0x00000088   Code   RO         5111    i.TIM_OC1Init       stm32f10x_tim.o
    0x080032f4   0x080032f4   0x0000000c   Code   RO         5114    i.TIM_OC1PreloadConfig  stm32f10x_tim.o
    0x08003300   0x08003300   0x00000088   Code   RO         5116    i.TIM_OC2Init       stm32f10x_tim.o
    0x08003388   0x08003388   0x00000014   Code   RO         5119    i.TIM_OC2PreloadConfig  stm32f10x_tim.o
    0x0800339c   0x0800339c   0x00000084   Code   RO         5121    i.TIM_OC3Init       stm32f10x_tim.o
    0x08003420   0x08003420   0x00000068   Code   RO         5126    i.TIM_OC4Init       stm32f10x_tim.o
    0x08003488   0x08003488   0x00000014   Code   RO         5128    i.TIM_OC4PreloadConfig  stm32f10x_tim.o
    0x0800349c   0x0800349c   0x00000004   Code   RO         5143    i.TIM_SetCompare1   stm32f10x_tim.o
    0x080034a0   0x080034a0   0x00000004   Code   RO         5144    i.TIM_SetCompare2   stm32f10x_tim.o
    0x080034a4   0x080034a4   0x00000004   Code   RO         5145    i.TIM_SetCompare3   stm32f10x_tim.o
    0x080034a8   0x080034a8   0x00000006   Code   RO         5146    i.TIM_SetCompare4   stm32f10x_tim.o
    0x080034ae   0x080034ae   0x00000004   Code   RO         5147    i.TIM_SetCounter    stm32f10x_tim.o
    0x080034b2   0x080034b2   0x00000010   Code   RO         5148    i.TIM_SetIC1Prescaler  stm32f10x_tim.o
    0x080034c2   0x080034c2   0x00000018   Code   RO         5149    i.TIM_SetIC2Prescaler  stm32f10x_tim.o
    0x080034da   0x080034da   0x00000010   Code   RO         5150    i.TIM_SetIC3Prescaler  stm32f10x_tim.o
    0x080034ea   0x080034ea   0x00000018   Code   RO         5151    i.TIM_SetIC4Prescaler  stm32f10x_tim.o
    0x08003502   0x08003502   0x00000002   PAD
    0x08003504   0x08003504   0x0000009c   Code   RO         5153    i.TIM_TimeBaseInit  stm32f10x_tim.o
    0x080035a0   0x080035a0   0x00000012   Code   RO         5154    i.TIM_TimeBaseStructInit  stm32f10x_tim.o
    0x080035b2   0x080035b2   0x00000002   PAD
    0x080035b4   0x080035b4   0x0000000c   Code   RO         2299    i.USART2_Control    usart_stm32f10x.o
    0x080035c0   0x080035c0   0x0000000c   Code   RO         2300    i.USART2_GetCapabilities  usart_stm32f10x.o
    0x080035cc   0x080035cc   0x0000000c   Code   RO         2301    i.USART2_GetModemStatus  usart_stm32f10x.o
    0x080035d8   0x080035d8   0x0000000c   Code   RO         2302    i.USART2_GetRxCount  usart_stm32f10x.o
    0x080035e4   0x080035e4   0x0000000c   Code   RO         2303    i.USART2_GetStatus  usart_stm32f10x.o
    0x080035f0   0x080035f0   0x0000000c   Code   RO         2304    i.USART2_GetTxCount  usart_stm32f10x.o
    0x080035fc   0x080035fc   0x0000000c   Code   RO         2305    i.USART2_IRQHandler  usart_stm32f10x.o
    0x08003608   0x08003608   0x0000000c   Code   RO         2306    i.USART2_Initialize  usart_stm32f10x.o
    0x08003614   0x08003614   0x0000000c   Code   RO         2307    i.USART2_PowerControl  usart_stm32f10x.o
    0x08003620   0x08003620   0x0000000c   Code   RO         2308    i.USART2_Receive    usart_stm32f10x.o
    0x0800362c   0x0800362c   0x0000000c   Code   RO         2309    i.USART2_Send       usart_stm32f10x.o
    0x08003638   0x08003638   0x0000000c   Code   RO         2310    i.USART2_SetModemControl  usart_stm32f10x.o
    0x08003644   0x08003644   0x0000000c   Code   RO         2311    i.USART2_Transfer   usart_stm32f10x.o
    0x08003650   0x08003650   0x0000000c   Code   RO         2312    i.USART2_Uninitialize  usart_stm32f10x.o
    0x0800365c   0x0800365c   0x0000000c   Code   RO         2313    i.USART3_Control    usart_stm32f10x.o
    0x08003668   0x08003668   0x0000000c   Code   RO         2314    i.USART3_GetCapabilities  usart_stm32f10x.o
    0x08003674   0x08003674   0x0000000c   Code   RO         2315    i.USART3_GetModemStatus  usart_stm32f10x.o
    0x08003680   0x08003680   0x0000000c   Code   RO         2316    i.USART3_GetRxCount  usart_stm32f10x.o
    0x0800368c   0x0800368c   0x0000000c   Code   RO         2317    i.USART3_GetStatus  usart_stm32f10x.o
    0x08003698   0x08003698   0x0000000c   Code   RO         2318    i.USART3_GetTxCount  usart_stm32f10x.o
    0x080036a4   0x080036a4   0x0000000c   Code   RO         2319    i.USART3_IRQHandler  usart_stm32f10x.o
    0x080036b0   0x080036b0   0x0000000c   Code   RO         2320    i.USART3_Initialize  usart_stm32f10x.o
    0x080036bc   0x080036bc   0x0000000c   Code   RO         2321    i.USART3_PowerControl  usart_stm32f10x.o
    0x080036c8   0x080036c8   0x0000000c   Code   RO         2322    i.USART3_Receive    usart_stm32f10x.o
    0x080036d4   0x080036d4   0x0000000c   Code   RO         2323    i.USART3_Send       usart_stm32f10x.o
    0x080036e0   0x080036e0   0x0000000c   Code   RO         2324    i.USART3_SetModemControl  usart_stm32f10x.o
    0x080036ec   0x080036ec   0x0000000c   Code   RO         2325    i.USART3_Transfer   usart_stm32f10x.o
    0x080036f8   0x080036f8   0x0000000c   Code   RO         2326    i.USART3_Uninitialize  usart_stm32f10x.o
    0x08003704   0x08003704   0x00000698   Code   RO         2327    i.USART_Control     usart_stm32f10x.o
    0x08003d9c   0x08003d9c   0x00000004   Code   RO         2328    i.USART_GetCapabilities  usart_stm32f10x.o
    0x08003da0   0x08003da0   0x0000000e   Code   RO         5633    i.USART_GetFlagStatus  stm32f10x_usart.o
    0x08003dae   0x08003dae   0x00000040   Code   RO         2329    i.USART_GetModemStatus  usart_stm32f10x.o
    0x08003dee   0x08003dee   0x00000006   Code   RO         2330    i.USART_GetRxCount  usart_stm32f10x.o
    0x08003df4   0x08003df4   0x00000050   Code   RO         2331    i.USART_GetStatus   usart_stm32f10x.o
    0x08003e44   0x08003e44   0x00000006   Code   RO         2332    i.USART_GetTxCount  usart_stm32f10x.o
    0x08003e4a   0x08003e4a   0x00000202   Code   RO         2333    i.USART_IRQHandler  usart_stm32f10x.o
    0x0800404c   0x0800404c   0x0000008e   Code   RO         2334    i.USART_Initialize  usart_stm32f10x.o
    0x080040da   0x080040da   0x00000002   PAD
    0x080040dc   0x080040dc   0x0000006c   Code   RO         2335    i.USART_PeripheralReset  usart_stm32f10x.o
    0x08004148   0x08004148   0x0000017c   Code   RO         2336    i.USART_PowerControl  usart_stm32f10x.o
    0x080042c4   0x080042c4   0x0000008c   Code   RO         2337    i.USART_Receive     usart_stm32f10x.o
    0x08004350   0x08004350   0x00000072   Code   RO         2338    i.USART_Send        usart_stm32f10x.o
    0x080043c2   0x080043c2   0x00000008   Code   RO         5647    i.USART_SendData    stm32f10x_usart.o
    0x080043ca   0x080043ca   0x00000050   Code   RO         2339    i.USART_SetModemControl  usart_stm32f10x.o
    0x0800441a   0x0800441a   0x00000054   Code   RO         2340    i.USART_Transfer    usart_stm32f10x.o
    0x0800446e   0x0800446e   0x00000064   Code   RO         2341    i.USART_Uninitialize  usart_stm32f10x.o
    0x080044d2   0x080044d2   0x00000002   PAD
    0x080044d4   0x080044d4   0x0000000c   Code   RO         2342    i.USARTx_GetVersion  usart_stm32f10x.o
    0x080044e0   0x080044e0   0x00000002   Code   RO          237    i.UsageFault_Handler  stm32f10x_it.o
    0x080044e2   0x080044e2   0x00000028   Code   RO         6524    i.__ARM_fpclassify  m_ws.l(fpclassify.o)
    0x0800450a   0x0800450a   0x00000020   Code   RO         1506    i.__NVIC_SetPriority  systick.o
    0x0800452a   0x0800452a   0x000000aa   Code   RO         6526    i.__kernel_poly     m_ws.l(poly.o)
    0x080045d4   0x080045d4   0x00000006   Code   RO         6511    i.__mathlib_dbl_infnan  m_ws.l(dunder.o)
    0x080045da   0x080045da   0x00000004   Code   RO         6512    i.__mathlib_dbl_infnan2  m_ws.l(dunder.o)
    0x080045de   0x080045de   0x0000000c   Code   RO         6513    i.__mathlib_dbl_invalid  m_ws.l(dunder.o)
    0x080045ea   0x080045ea   0x00000002   PAD
    0x080045ec   0x080045ec   0x00000010   Code   RO         6516    i.__mathlib_dbl_underflow  m_ws.l(dunder.o)
    0x080045fc   0x080045fc   0x0000000e   Code   RO         6241    i._is_digit         c_w.l(__printf_wp.o)
    0x0800460a   0x0800460a   0x00000020   Code   RO         2572    i._sys_close        retarget_io.o
    0x0800462a   0x0800462a   0x00000020   Code   RO         2573    i._sys_flen         retarget_io.o
    0x0800464a   0x0800464a   0x00000020   Code   RO         2574    i._sys_istty        retarget_io.o
    0x0800466a   0x0800466a   0x00000002   PAD
    0x0800466c   0x0800466c   0x00000068   Code   RO         2575    i._sys_open         retarget_io.o
    0x080046d4   0x080046d4   0x0000000c   Code   RO         2577    i._sys_seek         retarget_io.o
    0x080046e0   0x080046e0   0x00000032   Code   RO         2578    i._sys_write        retarget_io.o
    0x08004712   0x08004712   0x00000002   PAD
    0x08004714   0x08004714   0x00000084   Code   RO          322    i.accel_self_test   inv_mpu.o
    0x08004798   0x08004798   0x000002f8   Code   RO         2020    i.app_device_init   app.o
    0x08004a90   0x08004a90   0x000001b8   Code   RO         2021    i.app_params_init   app.o
    0x08004c48   0x08004c48   0x000000cc   Code   RO         2022    i.app_run           app.o
    0x08004d14   0x08004d14   0x00000020   Code   RO         2153    i.app_start_task    app.o
    0x08004d34   0x08004d34   0x000000d0   Code   RO         2023    i.app_update_params  app.o
    0x08004e04   0x08004e04   0x00000270   Code   RO         6341    i.asin              m_ws.l(asin.o)
    0x08005074   0x08005074   0x00000220   Code   RO         6501    i.atan              m_ws.l(atan.o)
    0x08005294   0x08005294   0x0000019c   Code   RO         6351    i.atan2             m_ws.l(atan2.o)
    0x08005430   0x08005430   0x0000001c   Code   RO         1177    i.backward          tb6612fng.o
    0x0800544c   0x0800544c   0x000000a0   Code   RO         1234    i.bluetooth_callback  blutooth.o
    0x080054ec   0x080054ec   0x00000068   Code   RO         1235    i.bluetooth_init    blutooth.o
    0x08005554   0x08005554   0x0000001a   Code   RO         1236    i.bluetooth_send_buff  blutooth.o
    0x0800556e   0x0800556e   0x00000002   PAD
    0x08005570   0x08005570   0x00000020   Code   RO         1237    i.bluetooth_send_byte  blutooth.o
    0x08005590   0x08005590   0x00000054   Code   RO         2024    i.bluetooth_send_info  app.o
    0x080055e4   0x080055e4   0x00000088   Code   RO         1238    i.blutooth_send     blutooth.o
    0x0800566c   0x0800566c   0x00000084   Code   RO         2178    i.buile_packet      protocol.o
    0x080056f0   0x080056f0   0x0000001a   Code   RO         2179    i.cacul_packet_size  protocol.o
    0x0800570a   0x0800570a   0x00000018   Code   RO         2182    i.check_packet_server_type  protocol.o
    0x08005722   0x08005722   0x00000002   PAD
    0x08005724   0x08005724   0x00000048   Code   RO         1666    i.debug_uart_init   debug_uart.o
    0x0800576c   0x0800576c   0x00000030   Code   RO         1667    i.debug_uart_print_handle  debug_uart.o
    0x0800579c   0x0800579c   0x00000080   Code   RO         1668    i.debug_uart_send   debug_uart.o
    0x0800581c   0x0800581c   0x00000084   Code   RO         1669    i.debug_uart_send_2  debug_uart.o
    0x080058a0   0x080058a0   0x00000020   Code   RO         1671    i.debug_uart_send_byte  debug_uart.o
    0x080058c0   0x080058c0   0x00000014   Code   RO         1672    i.debug_uart_send_string  debug_uart.o
    0x080058d4   0x080058d4   0x0000003c   Code   RO          682    i.decode_gesture    inv_mpu_dmp_motion_driver.o
    0x08005910   0x08005910   0x00000016   Code   RO         1738    i.delay_ms_soft     delay.o
    0x08005926   0x08005926   0x0000003c   Code   RO          683    i.dmp_enable_6x_lp_quat  inv_mpu_dmp_motion_driver.o
    0x08005962   0x08005962   0x00000002   PAD
    0x08005964   0x08005964   0x000001ec   Code   RO          684    i.dmp_enable_feature  inv_mpu_dmp_motion_driver.o
    0x08005b50   0x08005b50   0x00000058   Code   RO          685    i.dmp_enable_gyro_cal  inv_mpu_dmp_motion_driver.o
    0x08005ba8   0x08005ba8   0x0000003c   Code   RO          686    i.dmp_enable_lp_quat  inv_mpu_dmp_motion_driver.o
    0x08005be4   0x08005be4   0x00000014   Code   RO          691    i.dmp_load_motion_driver_firmware  inv_mpu_dmp_motion_driver.o
    0x08005bf8   0x08005bf8   0x00000184   Code   RO          692    i.dmp_read_fifo     inv_mpu_dmp_motion_driver.o
    0x08005d7c   0x08005d7c   0x0000010c   Code   RO          695    i.dmp_set_accel_bias  inv_mpu_dmp_motion_driver.o
    0x08005e88   0x08005e88   0x00000070   Code   RO          696    i.dmp_set_fifo_rate  inv_mpu_dmp_motion_driver.o
    0x08005ef8   0x08005ef8   0x00000108   Code   RO          697    i.dmp_set_gyro_bias  inv_mpu_dmp_motion_driver.o
    0x08006000   0x08006000   0x00000118   Code   RO          699    i.dmp_set_orientation  inv_mpu_dmp_motion_driver.o
    0x08006118   0x08006118   0x00000030   Code   RO          702    i.dmp_set_shake_reject_thresh  inv_mpu_dmp_motion_driver.o
    0x08006148   0x08006148   0x00000020   Code   RO          703    i.dmp_set_shake_reject_time  inv_mpu_dmp_motion_driver.o
    0x08006168   0x08006168   0x00000020   Code   RO          704    i.dmp_set_shake_reject_timeout  inv_mpu_dmp_motion_driver.o
    0x08006188   0x08006188   0x00000038   Code   RO          705    i.dmp_set_tap_axes  inv_mpu_dmp_motion_driver.o
    0x080061c0   0x080061c0   0x00000022   Code   RO          706    i.dmp_set_tap_count  inv_mpu_dmp_motion_driver.o
    0x080061e2   0x080061e2   0x00000002   PAD
    0x080061e4   0x080061e4   0x00000164   Code   RO          707    i.dmp_set_tap_thresh  inv_mpu_dmp_motion_driver.o
    0x08006348   0x08006348   0x00000020   Code   RO          708    i.dmp_set_tap_time  inv_mpu_dmp_motion_driver.o
    0x08006368   0x08006368   0x00000020   Code   RO          709    i.dmp_set_tap_time_multi  inv_mpu_dmp_motion_driver.o
    0x08006388   0x08006388   0x00000008   Code   RO         1453    i.encoder_clear_count  encoder.o
    0x08006390   0x08006390   0x00000004   Code   RO         1454    i.encoder_driver_del  encoder.o
    0x08006394   0x08006394   0x00000074   Code   RO         1455    i.encoder_driver_new  encoder.o
    0x08006408   0x08006408   0x0000001a   Code   RO         1456    i.encoder_get_count  encoder.o
    0x08006422   0x08006422   0x00000046   Code   RO         2025    i.encoder_get_filter_data  app.o
    0x08006468   0x08006468   0x000000e4   Code   RO         1457    i.encoder_init      encoder.o
    0x0800654c   0x0800654c   0x00000040   Code   RO         1788    i.first_order_filter  filter_rrd.o
    0x0800658c   0x0800658c   0x0000001c   Code   RO         1178    i.forward           tb6612fng.o
    0x080065a8   0x080065a8   0x0000001a   Code   RO         6615    i.fputc             c_w.l(fputc.o)
    0x080065c2   0x080065c2   0x00000002   PAD
    0x080065c4   0x080065c4   0x000000a8   Code   RO          323    i.get_accel_prod_shift  inv_mpu.o
    0x0800666c   0x0800666c   0x00000010   Code   RO         1120    i.get_compare       motor.o
    0x0800667c   0x0800667c   0x00000026   Code   RO         1297    i.get_compare       pwm.o
    0x080066a2   0x080066a2   0x00000002   PAD
    0x080066a4   0x080066a4   0x000003a0   Code   RO          324    i.get_st_biases     inv_mpu.o
    0x08006a44   0x08006a44   0x0000000c   Code   RO         1121    i.get_tim_period    motor.o
    0x08006a50   0x08006a50   0x00000004   Code   RO         1298    i.get_tim_period    pwm.o
    0x08006a54   0x08006a54   0x000000d8   Code   RO          325    i.gyro_self_test    inv_mpu.o
    0x08006b2c   0x08006b2c   0x0000002c   Code   RO         1351    i.i2c_ack           soft_i2c.o
    0x08006b58   0x08006b58   0x0000002c   Code   RO         1352    i.i2c_check_device  soft_i2c.o
    0x08006b84   0x08006b84   0x0000000c   Code   RO         1353    i.i2c_delay         soft_i2c.o
    0x08006b90   0x08006b90   0x0000003a   Code   RO         1354    i.i2c_gpio_config   soft_i2c.o
    0x08006bca   0x08006bca   0x00000026   Code   RO         1355    i.i2c_nack          soft_i2c.o
    0x08006bf0   0x08006bf0   0x0000004e   Code   RO         1356    i.i2c_read_byte     soft_i2c.o
    0x08006c3e   0x08006c3e   0x0000004a   Code   RO         1357    i.i2c_send_byte     soft_i2c.o
    0x08006c88   0x08006c88   0x0000002c   Code   RO         1358    i.i2c_start         soft_i2c.o
    0x08006cb4   0x08006cb4   0x0000001e   Code   RO         1359    i.i2c_stop          soft_i2c.o
    0x08006cd2   0x08006cd2   0x00000034   Code   RO         1360    i.i2c_wait_ack      soft_i2c.o
    0x08006d06   0x08006d06   0x00000002   PAD
    0x08006d08   0x08006d08   0x00000068   Code   RO         1361    i.iic_driver_initialize  soft_i2c.o
    0x08006d70   0x08006d70   0x00000064   Code   RO         1122    i.init              motor.o
    0x08006dd4   0x08006dd4   0x0000004e   Code   RO         1179    i.init              tb6612fng.o
    0x08006e22   0x08006e22   0x00000002   PAD
    0x08006e24   0x08006e24   0x00000130   Code   RO         1299    i.init              pwm.o
    0x08006f54   0x08006f54   0x00000098   Code   RO         1507    i.init              systick.o
    0x08006fec   0x08006fec   0x00000024   Code   RO          326    i.inv_orientation_matrix_to_scalar  inv_mpu.o
    0x08007010   0x08007010   0x00000048   Code   RO          327    i.inv_row_2_scale   inv_mpu.o
    0x08007058   0x08007058   0x00000008   Code   RO         1300    i.is_tim_initialized  pwm.o
    0x08007060   0x08007060   0x00000008   Code   RO         1458    i.is_tim_initialized  encoder.o
    0x08007068   0x08007068   0x00000032   Code   RO         1855    i.logic_calc_pid_balance  logic.o
    0x0800709a   0x0800709a   0x00000002   PAD
    0x0800709c   0x0800709c   0x0000008c   Code   RO         1856    i.logic_calc_pid_speed  logic.o
    0x08007128   0x08007128   0x00000034   Code   RO         1857    i.logic_calc_pid_turn  logic.o
    0x0800715c   0x0800715c   0x00000018   Code   RO            4    i.main              start.o
    0x08007174   0x08007174   0x00000002   Code   RO          328    i.mget_ms           inv_mpu.o
    0x08007176   0x08007176   0x00000002   PAD
    0x08007178   0x08007178   0x0000007c   Code   RO         1123    i.motor_driver_new  motor.o
    0x080071f4   0x080071f4   0x00000030   Code   RO         2030    i.motor_set_speed   app.o
    0x08007224   0x08007224   0x00000012   Code   RO          884    i.mpu6050_acc_transition  mpu6050.o
    0x08007236   0x08007236   0x0000003a   Code   RO          885    i.mpu6050_get_acc   mpu6050.o
    0x08007270   0x08007270   0x0000003a   Code   RO          886    i.mpu6050_get_gyro  mpu6050.o
    0x080072aa   0x080072aa   0x00000002   PAD
    0x080072ac   0x080072ac   0x00000090   Code   RO          887    i.mpu6050_get_id    mpu6050.o
    0x0800733c   0x0800733c   0x0000001e   Code   RO          888    i.mpu6050_get_temp  mpu6050.o
    0x0800735a   0x0800735a   0x00000002   PAD
    0x0800735c   0x0800735c   0x00000014   Code   RO          889    i.mpu6050_gyro_transition  mpu6050.o
    0x08007370   0x08007370   0x00000020   Code   RO         2034    i.mpu6050_has_rolled_over  app.o
    0x08007390   0x08007390   0x00000054   Code   RO          890    i.mpu6050_init      mpu6050.o
    0x080073e4   0x080073e4   0x0000009c   Code   RO          891    i.mpu6050_read_data  mpu6050.o
    0x08007480   0x08007480   0x00000044   Code   RO          892    i.mpu6050_temp_transition  mpu6050.o
    0x080074c4   0x080074c4   0x0000007c   Code   RO          893    i.mpu6050_write_data  mpu6050.o
    0x08007540   0x08007540   0x0000006c   Code   RO          894    i.mpu6050_write_reg  mpu6050.o
    0x080075ac   0x080075ac   0x00000060   Code   RO          329    i.mpu_configure_fifo  inv_mpu.o
    0x0800760c   0x0800760c   0x0000019c   Code   RO          330    i.mpu_dmp_get_all_data  inv_mpu.o
    0x080077a8   0x080077a8   0x00000094   Code   RO          332    i.mpu_dmp_init      inv_mpu.o
    0x0800783c   0x0800783c   0x00000044   Code   RO          333    i.mpu_get_accel_fsr  inv_mpu.o
    0x08007880   0x08007880   0x0000004c   Code   RO          335    i.mpu_get_accel_sens  inv_mpu.o
    0x080078cc   0x080078cc   0x00000010   Code   RO          340    i.mpu_get_fifo_config  inv_mpu.o
    0x080078dc   0x080078dc   0x00000040   Code   RO          341    i.mpu_get_gyro_fsr  inv_mpu.o
    0x0800791c   0x0800791c   0x00000048   Code   RO          343    i.mpu_get_gyro_sens  inv_mpu.o
    0x08007964   0x08007964   0x00000044   Code   RO          345    i.mpu_get_lpf       inv_mpu.o
    0x080079a8   0x080079a8   0x0000001c   Code   RO          347    i.mpu_get_sample_rate  inv_mpu.o
    0x080079c4   0x080079c4   0x000001ac   Code   RO          350    i.mpu_init          inv_mpu.o
    0x08007b70   0x08007b70   0x000000b4   Code   RO          351    i.mpu_load_firmware  inv_mpu.o
    0x08007c24   0x08007c24   0x000000d4   Code   RO          352    i.mpu_lp_accel_mode  inv_mpu.o
    0x08007cf8   0x08007cf8   0x000000ac   Code   RO          355    i.mpu_read_fifo_stream  inv_mpu.o
    0x08007da4   0x08007da4   0x00000074   Code   RO          356    i.mpu_read_mem      inv_mpu.o
    0x08007e18   0x08007e18   0x00000148   Code   RO          359    i.mpu_reset_fifo    inv_mpu.o
    0x08007f60   0x08007f60   0x000000f8   Code   RO          360    i.mpu_run_self_test  inv_mpu.o
    0x08008058   0x08008058   0x00000074   Code   RO          362    i.mpu_set_accel_fsr  inv_mpu.o
    0x080080cc   0x080080cc   0x00000104   Code   RO          363    i.mpu_set_bypass    inv_mpu.o
    0x080081d0   0x080081d0   0x00000078   Code   RO          365    i.mpu_set_dmp_state  inv_mpu.o
    0x08008248   0x08008248   0x0000007c   Code   RO          366    i.mpu_set_gyro_fsr  inv_mpu.o
    0x080082c4   0x080082c4   0x00000064   Code   RO          367    i.mpu_set_int_latched  inv_mpu.o
    0x08008328   0x08008328   0x0000007c   Code   RO          369    i.mpu_set_lpf       inv_mpu.o
    0x080083a4   0x080083a4   0x00000084   Code   RO          370    i.mpu_set_sample_rate  inv_mpu.o
    0x08008428   0x08008428   0x000000b4   Code   RO          371    i.mpu_set_sensors   inv_mpu.o
    0x080084dc   0x080084dc   0x00000074   Code   RO          372    i.mpu_write_mem     inv_mpu.o
    0x08008550   0x08008550   0x00000026   Code   RO         1011    i.oled_clear        oled.o
    0x08008576   0x08008576   0x000000ac   Code   RO         1012    i.oled_init         oled.o
    0x08008622   0x08008622   0x0000003a   Code   RO         1013    i.oled_show_bin_num  oled.o
    0x0800865c   0x0800865c   0x00000038   Code   RO         1014    i.oled_show_char    oled.o
    0x08008694   0x08008694   0x00000118   Code   RO         2036    i.oled_show_data    app.o
    0x080087ac   0x080087ac   0x0000004c   Code   RO         1015    i.oled_show_float   oled.o
    0x080087f8   0x080087f8   0x00000050   Code   RO         1016    i.oled_show_hex_num  oled.o
    0x08008848   0x08008848   0x000000d4   Code   RO         2037    i.oled_show_mpu6050_data  app.o
    0x0800891c   0x0800891c   0x00000040   Code   RO         1017    i.oled_show_num     oled.o
    0x0800895c   0x0800895c   0x000000f4   Code   RO         2038    i.oled_show_pid_data  app.o
    0x08008a50   0x08008a50   0x00000062   Code   RO         1018    i.oled_show_signed_num  oled.o
    0x08008ab2   0x08008ab2   0x00000026   Code   RO         1019    i.oled_show_string  oled.o
    0x08008ad8   0x08008ad8   0x00000002   Code   RO         2185    i.parse_handle_params_handle  protocol.o
    0x08008ada   0x08008ada   0x00000002   PAD
    0x08008adc   0x08008adc   0x00000158   Code   RO         2187    i.parse_packet_simple  protocol.o
    0x08008c34   0x08008c34   0x0000000a   Code   RO         1902    i.pic_loc_clear_error  pid_rrd.o
    0x08008c3e   0x08008c3e   0x0000007c   Code   RO          373    i.run_self_test     inv_mpu.o
    0x08008cba   0x08008cba   0x00000002   PAD
    0x08008cbc   0x08008cbc   0x00000060   Code   RO         1362    i.select_RCC_APB2Periph  soft_i2c.o
    0x08008d1c   0x08008d1c   0x00000024   Code   RO         2188    i.select_server_handler  protocol.o
    0x08008d40   0x08008d40   0x00000058   Code   RO         1124    i.set_compare       motor.o
    0x08008d98   0x08008d98   0x0000002a   Code   RO         1301    i.set_compare       pwm.o
    0x08008dc2   0x08008dc2   0x00000002   PAD
    0x08008dc4   0x08008dc4   0x0000004c   Code   RO         1125    i.set_compare_range  motor.o
    0x08008e10   0x08008e10   0x00000080   Code   RO         2189    i.set_config_params_handler  protocol.o
    0x08008e90   0x08008e90   0x00000074   Code   RO          374    i.set_int_enable    inv_mpu.o
    0x08008f04   0x08008f04   0x00000054   Code   RO         1508    i.set_interrupt_function  systick.o
    0x08008f58   0x08008f58   0x00000060   Code   RO         2190    i.set_movemont_params_handle  protocol.o
    0x08008fb8   0x08008fb8   0x0000004c   Code   RO         6530    i.sqrt              m_ws.l(sqrt.o)
    0x08009004   0x08009004   0x00000028   Code   RO         1673    i.stdout_putchar    debug_uart.o
    0x0800902c   0x0800902c   0x0000001c   Code   RO         1180    i.stop              tb6612fng.o
    0x08009048   0x08009048   0x000000ec   Code   RO         2039    i.task_callback_function  app.o
    0x08009134   0x08009134   0x00000078   Code   RO         1181    i.tb6612fng_device_new  tb6612fng.o
    0x080091ac   0x080091ac   0x0000002c   Code   RO         6627    locale$$code        c_w.l(lc_numeric_c.o)
    0x080091d8   0x080091d8   0x0000002c   Code   RO         6675    locale$$code        c_w.l(lc_ctype_c.o)
    0x08009204   0x08009204   0x00000062   Code   RO         6276    x$fpl$d2f           fz_ws.l(d2f.o)
    0x08009266   0x08009266   0x00000002   PAD
    0x08009268   0x08009268   0x00000150   Code   RO         6278    x$fpl$dadd          fz_ws.l(daddsub_clz.o)
    0x080093b8   0x080093b8   0x00000010   Code   RO         6483    x$fpl$dcheck1       fz_ws.l(dcheck1.o)
    0x080093c8   0x080093c8   0x00000018   Code   RO         6638    x$fpl$dcmpinf       fz_ws.l(dcmpi.o)
    0x080093e0   0x080093e0   0x000002b0   Code   RO         6285    x$fpl$ddiv          fz_ws.l(ddiv.o)
    0x08009690   0x08009690   0x00000078   Code   RO         6485    x$fpl$deqf          fz_ws.l(deqf.o)
    0x08009708   0x08009708   0x0000002e   Code   RO         6289    x$fpl$dflt          fz_ws.l(dflt_clz.o)
    0x08009736   0x08009736   0x00000002   PAD
    0x08009738   0x08009738   0x00000154   Code   RO         6294    x$fpl$dmul          fz_ws.l(dmul.o)
    0x0800988c   0x0800988c   0x0000009c   Code   RO         6487    x$fpl$dnaninf       fz_ws.l(dnaninf.o)
    0x08009928   0x08009928   0x0000000c   Code   RO         6489    x$fpl$dretinf       fz_ws.l(dretinf.o)
    0x08009934   0x08009934   0x00000016   Code   RO         6279    x$fpl$drsb          fz_ws.l(daddsub_clz.o)
    0x0800994a   0x0800994a   0x00000002   PAD
    0x0800994c   0x0800994c   0x000001cc   Code   RO         6642    x$fpl$dsqrt         fz_ws.l(dsqrt_noumaal.o)
    0x08009b18   0x08009b18   0x000001d4   Code   RO         6280    x$fpl$dsub          fz_ws.l(daddsub_clz.o)
    0x08009cec   0x08009cec   0x00000056   Code   RO         6296    x$fpl$f2d           fz_ws.l(f2d.o)
    0x08009d42   0x08009d42   0x00000002   PAD
    0x08009d44   0x08009d44   0x000000c4   Code   RO         6298    x$fpl$fadd          fz_ws.l(faddsub_clz.o)
    0x08009e08   0x08009e08   0x0000000c   Code   RO         6491    x$fpl$fcheck1       fz_ws.l(fcheck1.o)
    0x08009e14   0x08009e14   0x00000184   Code   RO         6305    x$fpl$fdiv          fz_ws.l(fdiv.o)
    0x08009f98   0x08009f98   0x00000036   Code   RO         6308    x$fpl$ffix          fz_ws.l(ffix.o)
    0x08009fce   0x08009fce   0x00000002   PAD
    0x08009fd0   0x08009fd0   0x0000003e   Code   RO         6312    x$fpl$ffixu         fz_ws.l(ffixu.o)
    0x0800a00e   0x0800a00e   0x00000002   PAD
    0x0800a010   0x0800a010   0x00000030   Code   RO         6317    x$fpl$fflt          fz_ws.l(fflt_clz.o)
    0x0800a040   0x0800a040   0x00000026   Code   RO         6316    x$fpl$ffltu         fz_ws.l(fflt_clz.o)
    0x0800a066   0x0800a066   0x00000002   PAD
    0x0800a068   0x0800a068   0x00000102   Code   RO         6324    x$fpl$fmul          fz_ws.l(fmul.o)
    0x0800a16a   0x0800a16a   0x0000008c   Code   RO         6495    x$fpl$fnaninf       fz_ws.l(fnaninf.o)
    0x0800a1f6   0x0800a1f6   0x0000000a   Code   RO         6497    x$fpl$fretinf       fz_ws.l(fretinf.o)
    0x0800a200   0x0800a200   0x000000ea   Code   RO         6300    x$fpl$fsub          fz_ws.l(faddsub_clz.o)
    0x0800a2ea   0x0800a2ea   0x00000004   Code   RO         6328    x$fpl$printf1       fz_ws.l(printf1.o)
    0x0800a2ee   0x0800a2ee   0x00000004   Code   RO         6330    x$fpl$printf2       fz_ws.l(printf2.o)
    0x0800a2f2   0x0800a2f2   0x00000064   Code   RO         6648    x$fpl$retnan        fz_ws.l(retnan.o)
    0x0800a356   0x0800a356   0x0000005c   Code   RO         6336    x$fpl$scalbn        fz_ws.l(scalbn.o)
    0x0800a3b2   0x0800a3b2   0x0000004c   Code   RO         6338    x$fpl$scalbnf       fz_ws.l(scalbnf.o)
    0x0800a3fe   0x0800a3fe   0x00000030   Code   RO         6717    x$fpl$trapveneer    fz_ws.l(trapv.o)
    0x0800a42e   0x0800a42e   0x00000000   Code   RO         6499    x$fpl$usenofp       fz_ws.l(usenofp.o)
    0x0800a42e   0x0800a42e   0x0000001b   Data   RO          376    .constdata          inv_mpu.o
    0x0800a449   0x0800a449   0x00000001   PAD
    0x0800a44a   0x0800a44a   0x0000000c   Data   RO          377    .constdata          inv_mpu.o
    0x0800a456   0x0800a456   0x00000002   PAD
    0x0800a458   0x0800a458   0x00000028   Data   RO          378    .constdata          inv_mpu.o
    0x0800a480   0x0800a480   0x00000bf6   Data   RO          711    .constdata          inv_mpu_dmp_motion_driver.o
    0x0800b076   0x0800b076   0x00000228   Data   RO         1021    .constdata          oled.o
    0x0800b29e   0x0800b29e   0x00000004   Data   RO         2194    .constdata          protocol.o
    0x0800b2a2   0x0800b2a2   0x00000002   PAD
    0x0800b2a4   0x0800b2a4   0x00000074   Data   RO         2347    .constdata          usart_stm32f10x.o
    0x0800b318   0x0800b318   0x00000008   Data   RO         2348    .constdata          usart_stm32f10x.o
    0x0800b320   0x0800b320   0x00000008   Data   RO         2349    .constdata          usart_stm32f10x.o
    0x0800b328   0x0800b328   0x00000008   Data   RO         2350    .constdata          usart_stm32f10x.o
    0x0800b330   0x0800b330   0x00000008   Data   RO         2351    .constdata          usart_stm32f10x.o
    0x0800b338   0x0800b338   0x00000038   Data   RO         2352    .constdata          usart_stm32f10x.o
    0x0800b370   0x0800b370   0x00000038   Data   RO         2353    .constdata          usart_stm32f10x.o
    0x0800b3a8   0x0800b3a8   0x00000007   Data   RO         2579    .constdata          retarget_io.o
    0x0800b3af   0x0800b3af   0x00000008   Data   RO         2580    .constdata          retarget_io.o
    0x0800b3b7   0x0800b3b7   0x00000008   Data   RO         2581    .constdata          retarget_io.o
    0x0800b3bf   0x0800b3bf   0x00000001   PAD
    0x0800b3c0   0x0800b3c0   0x00000008   Data   RO         6202    .constdata          c_w.l(_printf_wctomb.o)
    0x0800b3c8   0x0800b3c8   0x00000028   Data   RO         6229    .constdata          c_w.l(_printf_hex_int_ll_ptr.o)
    0x0800b3f0   0x0800b3f0   0x00000011   Data   RO         6249    .constdata          c_w.l(__printf_flags_ss_wp.o)
    0x0800b401   0x0800b401   0x00000007   PAD
    0x0800b408   0x0800b408   0x00000050   Data   RO         6342    .constdata          m_ws.l(asin.o)
    0x0800b458   0x0800b458   0x00000026   Data   RO         6397    .constdata          c_w.l(_printf_fp_hex.o)
    0x0800b47e   0x0800b47e   0x00000002   PAD
    0x0800b480   0x0800b480   0x00000098   Data   RO         6502    .constdata          m_ws.l(atan.o)
    0x0800b518   0x0800b518   0x00000008   Data   RO         6528    .constdata          m_ws.l(qnan.o)
    0x0800b520   0x0800b520   0x00000094   Data   RO         6588    .constdata          c_w.l(bigflt0.o)
    0x0800b5b4   0x0800b5b4   0x00000086   Data   RO          238    .conststring        stm32f10x_it.o
    0x0800b63a   0x0800b63a   0x00000002   PAD
    0x0800b63c   0x0800b63c   0x0000004d   Data   RO          379    .conststring        inv_mpu.o
    0x0800b689   0x0800b689   0x00000003   PAD
    0x0800b68c   0x0800b68c   0x00000020   Data   RO         6789    Region$$Table       anon$$obj.o
    0x0800b6ac   0x0800b6ac   0x0000001c   Data   RO         6626    locale$$data        c_w.l(lc_numeric_c.o)
    0x0800b6c8   0x0800b6c8   0x00000110   Data   RO         6674    locale$$data        c_w.l(lc_ctype_c.o)


    Execution Region RW_IRAM1 (Exec base: 0x20000000, Load base: 0x0800b7d8, Size: 0x00000b50, Max: 0x00005000, ABSOLUTE)

    Exec Addr    Load Addr    Size         Type   Attr      Idx    E Section Name        Object

    0x20000000   0x0800b7d8   0x00000035   Data   RW          380    .data               inv_mpu.o
    0x20000035   0x0800b80d   0x00000003   PAD
    0x20000038   0x0800b810   0x00000028   Data   RW          896    .data               mpu6050.o
    0x20000060   0x0800b838   0x00000024   Data   RW         1022    .data               oled.o
    0x20000084   0x0800b85c   0x0000000c   Data   RW         1240    .data               blutooth.o
    0x20000090   0x0800b868   0x00000010   Data   RW         1302    .data               pwm.o
    0x200000a0   0x0800b878   0x00000010   Data   RW         1509    .data               systick.o
    0x200000b0   0x0800b888   0x00000004   Data   RW         1973    .data               globals.o
    0x200000b4   0x0800b88c   0x00000004   Data   RW         1974    .data               globals.o
    0x200000b8   0x0800b890   0x00000004   Data   RW         1975    .data               globals.o
    0x200000bc   0x0800b894   0x00000004   Data   RW         1976    .data               globals.o
    0x200000c0   0x0800b898   0x00000004   Data   RW         1977    .data               globals.o
    0x200000c4   0x0800b89c   0x00000004   Data   RW         1978    .data               globals.o
    0x200000c8   0x0800b8a0   0x00000014   Data   RW         6074    .data               system_stm32f10x.o
    0x200000dc   0x0800b8b4   0x00000004   Data   RW         6427    .data               c_w.l(stdio_streams.o)
    0x200000e0   0x0800b8b8   0x00000004   Data   RW         6428    .data               c_w.l(stdio_streams.o)
    0x200000e4   0x0800b8bc   0x00000004   Data   RW         6429    .data               c_w.l(stdio_streams.o)
    0x200000e8        -       0x00000010   Zero   RW          710    .bss                inv_mpu_dmp_motion_driver.o
    0x200000f8        -       0x0000002c   Zero   RW          895    .bss                mpu6050.o
    0x20000124        -       0x0000002c   Zero   RW         1020    .bss                oled.o
    0x20000150        -       0x00000100   Zero   RW         1239    .bss                blutooth.o
    0x20000250        -       0x00000028   Zero   RW         1971    .bss                globals.o
    0x20000278        -       0x000000d0   Zero   RW         1972    .bss                globals.o
    0x20000348        -       0x0000003c   Zero   RW         2193    .bss                protocol.o
    0x20000384        -       0x00000014   Zero   RW         2343    .bss                usart_stm32f10x.o
    0x20000398        -       0x00000024   Zero   RW         2344    .bss                usart_stm32f10x.o
    0x200003bc        -       0x00000014   Zero   RW         2345    .bss                usart_stm32f10x.o
    0x200003d0        -       0x00000024   Zero   RW         2346    .bss                usart_stm32f10x.o
    0x200003f4        -       0x00000054   Zero   RW         6424    .bss                c_w.l(stdio_streams.o)
    0x20000448        -       0x00000054   Zero   RW         6425    .bss                c_w.l(stdio_streams.o)
    0x2000049c        -       0x00000054   Zero   RW         6426    .bss                c_w.l(stdio_streams.o)
    0x200004f0        -       0x00000060   Zero   RW         6540    .bss                c_w.l(libspace.o)
    0x20000550        -       0x00000200   Zero   RW         6061    HEAP                startup_stm32f10x_md.o
    0x20000750        -       0x00000400   Zero   RW         6060    STACK               startup_stm32f10x_md.o


==============================================================================

Image component sizes


      Code (inc. data)   RO Data    RW Data    ZI Data      Debug   Object Name

      2850        760          0          0          0      11332   app.o
       458         76          0         12        256       5562   blutooth.o
       472        128          0          0          0       4815   debug_uart.o
        22          0          0          0          0        460   delay.o
       182         30          0          0          0       7059   dma_stm32f10x.o
       390        130          0          0          0       4157   encoder.o
        64          0          0          0          0       1625   filter_rrd.o
         0          0          0         24        248       6204   globals.o
       606         74          0          0          0       6529   gpio_stm32f10x.o
      5798        358        156         53          0      32432   inv_mpu.o
      2714        118       3062          0         16      20430   inv_mpu_dmp_motion_driver.o
       242         10          0          0          0       3070   logic.o
       416        204          0          0          0       5044   motor.o
       868        132          0         40         44       9041   mpu6050.o
       926         50        552         36         44      10766   oled.o
        10          0          0          0          0        754   pid_rrd.o
       788        208          4          0         60       7178   protocol.o
       396         60          0         16          0       4101   pwm.o
       262         26         23          0          0       4974   retarget_io.o
       714         62          0          0          0       9724   soft_i2c.o
        24          0          0          0          0     254784   start.o
        64         26        236          0       1536        808   startup_stm32f10x_md.o
       292          6          0          0          0       5294   stm32f10x_gpio.o
       394        210        134          0          0       7928   stm32f10x_it.o
        56         12          0          0          0       1202   stm32f10x_rcc.o
      1606        196          0          0          0      20106   stm32f10x_tim.o
        22          0          0          0          0       2675   stm32f10x_usart.o
       260         26          0         20          0       2189   system_stm32f10x.o
       284        114          0         16          0      28550   systick.o
       282         72          0          0          0       3627   tb6612fng.o
      3858        240        260          0        112      61908   usart_stm32f10x.o

    ----------------------------------------------------------------------
     25388       3328       4470        220       2316     544328   Object Totals
         0          0         32          0          0          0   (incl. Generated)
        68          0         11          3          0          0   (incl. Padding)

    ----------------------------------------------------------------------

      Code (inc. data)   RO Data    RW Data    ZI Data      Debug   Library Member Name

        24          4          0          0          0         84   __2printf.o
        56          6          0          0          0         88   __2snprintf.o
         8          0          0          0          0         68   __main.o
       392          4         17          0          0         92   __printf_flags_ss_wp.o
        14          0          0          0          0         68   __printf_wp.o
         0          0          0          0          0          0   __rtentry.o
        12          0          0          0          0          0   __rtentry2.o
         6          0          0          0          0          0   __rtentry4.o
        52          8          0          0          0          0   __scatter.o
        26          0          0          0          0          0   __scatter_copy.o
        28          0          0          0          0          0   __scatter_zi.o
         6          0          0          0          0          0   _printf_a.o
         6          0          0          0          0          0   _printf_c.o
        44          0          0          0          0        108   _printf_char.o
        48          6          0          0          0         96   _printf_char_common.o
        36          4          0          0          0         80   _printf_char_file.o
        40          0          0          0          0         68   _printf_charcount.o
         6          0          0          0          0          0   _printf_d.o
       120         16          0          0          0         92   _printf_dec.o
         6          0          0          0          0          0   _printf_e.o
         6          0          0          0          0          0   _printf_f.o
      1054          0          0          0          0        216   _printf_fp_dec.o
       764          8         38          0          0        100   _printf_fp_hex.o
       128         16          0          0          0         84   _printf_fp_infnan.o
         6          0          0          0          0          0   _printf_g.o
       148          4         40          0          0        160   _printf_hex_int_ll_ptr.o
         6          0          0          0          0          0   _printf_i.o
       178          0          0          0          0         88   _printf_intcommon.o
        10          0          0          0          0          0   _printf_l.o
         6          0          0          0          0          0   _printf_lc.o
        10          0          0          0          0          0   _printf_ll.o
         6          0          0          0          0          0   _printf_lld.o
         6          0          0          0          0          0   _printf_lli.o
         6          0          0          0          0          0   _printf_llo.o
         6          0          0          0          0          0   _printf_llu.o
         6          0          0          0          0          0   _printf_llx.o
       124         16          0          0          0         92   _printf_longlong_dec.o
         6          0          0          0          0          0   _printf_ls.o
         6          0          0          0          0          0   _printf_n.o
         6          0          0          0          0          0   _printf_o.o
       112         10          0          0          0        124   _printf_oct_int_ll.o
         6          0          0          0          0          0   _printf_p.o
        78          0          0          0          0        108   _printf_pad.o
         0          0          0          0          0          0   _printf_percent.o
         4          0          0          0          0          0   _printf_percent_end.o
         6          0          0          0          0          0   _printf_s.o
        82          0          0          0          0         80   _printf_str.o
        36          0          0          0          0         84   _printf_truncate.o
         6          0          0          0          0          0   _printf_u.o
        44          0          0          0          0        108   _printf_wchar.o
       188          6          8          0          0         92   _printf_wctomb.o
         6          0          0          0          0          0   _printf_x.o
        22          0          0          0          0        100   _rserrno.o
        16          0          0          0          0         68   _snputc.o
        10          0          0          0          0         68   _sputc.o
        64          0          0          0          0         92   _wcrtomb.o
        16          0          0          0          0         68   aeabi_memset.o
       228          4        148          0          0         96   bigflt0.o
      1936        128          0          0          0        672   btod.o
        10          0          0          0          0         68   defsig_exit.o
        50          0          0          0          0         88   defsig_general.o
        80         58          0          0          0         76   defsig_rtmem_inner.o
        14          0          0          0          0         80   defsig_rtmem_outer.o
        52         38          0          0          0         76   defsig_rtred_inner.o
        14          0          0          0          0         80   defsig_rtred_outer.o
        18          0          0          0          0         80   exit.o
        76          0          0          0          0         88   fclose.o
         8          0          0          0          0         68   ferror.o
       470          0          0          0          0         88   flsbuf.o
       236          4          0          0          0        128   fopen.o
        26          0          0          0          0         68   fputc.o
       248          6          0          0          0         84   fseek.o
        66          0          0          0          0         76   ftell.o
        94          0          0          0          0         80   h1_alloc.o
        52          0          0          0          0         68   h1_extend.o
        78          0          0          0          0         80   h1_free.o
        14          0          0          0          0         84   h1_init.o
         6          0          0          0          0        152   heapauxi.o
         4          0          0          0          0        136   hguard.o
         0          0          0          0          0          0   indicate_semi.o
       138          0          0          0          0        168   init_alloc.o
       312         46          0          0          0        112   initio.o
        44         10        272          0          0         76   lc_ctype_c.o
        44         10         28          0          0         76   lc_numeric_c.o
         2          0          0          0          0          0   libinit.o
        42          0          0          0          0          0   libinit2.o
         2          0          0          0          0          0   libshutdown.o
         6          0          0          0          0          0   libshutdown2.o
         8          4          0          0         96         68   libspace.o
        72          0          0          0          0         76   llsdiv.o
       138          0          0          0          0         80   lludiv10.o
       238          0          0          0          0        100   lludivv7m.o
         0          0          0          0          0          0   maybetermalloc1.o
        88          0          0          0          0         76   memcmp.o
        16          4          0          0          0         76   rt_ctype_table.o
         8          4          0          0          0         68   rt_errno_addr_intlibspace.o
         8          4          0          0          0         68   rt_heap_descriptor_intlibspace.o
         8          4          0          0          0         68   rt_locale_intlibspace.o
        68          0          0          0          0         68   rt_memclr.o
        78          0          0          0          0         80   rt_memclr_w.o
         2          0          0          0          0          0   rtexit.o
        10          0          0          0          0          0   rtexit2.o
        70          0          0          0          0         80   setvbuf.o
       240          6          0          0          0        156   stdio.o
         0          0          0         12        252          0   stdio_streams.o
       128          0          0          0          0         68   strcmpv7m.o
        12          4          0          0          0         68   sys_exit.o
        74          0          0          0          0         80   sys_stackheap_outer.o
        14          0          0          0          0         76   sys_wrch.o
         2          0          0          0          0         68   use_no_semi.o
        12          4          0          0          0         68   vprintf.o
        52          4          0          0          0         80   vsnprintf.o
        98          4          0          0          0         92   d2f.o
       826         16          0          0          0        348   daddsub_clz.o
        16          4          0          0          0         68   dcheck1.o
        24          0          0          0          0         68   dcmpi.o
       688        140          0          0          0        208   ddiv.o
       120          4          0          0          0         92   deqf.o
        46          0          0          0          0         68   dflt_clz.o
       340         12          0          0          0        104   dmul.o
       156          4          0          0          0         92   dnaninf.o
        12          0          0          0          0         68   dretinf.o
       460         56          0          0          0        120   dsqrt_noumaal.o
        86          4          0          0          0         84   f2d.o
       430          8          0          0          0        168   faddsub_clz.o
        12          4          0          0          0         68   fcheck1.o
       388         76          0          0          0         96   fdiv.o
        54          4          0          0          0         84   ffix.o
        62          4          0          0          0         84   ffixu.o
        86          0          0          0          0        136   fflt_clz.o
       258          4          0          0          0         84   fmul.o
       140          4          0          0          0         84   fnaninf.o
        10          0          0          0          0         68   fretinf.o
         4          0          0          0          0         68   printf1.o
         4          0          0          0          0         68   printf2.o
       100          0          0          0          0         68   retnan.o
        92          0          0          0          0         68   scalbn.o
        76          0          0          0          0         68   scalbnf.o
        48          0          0          0          0         68   trapv.o
         0          0          0          0          0          0   usenofp.o
       624         52         80          0          0        168   asin.o
       544         70        152          0          0        124   atan.o
       412         38          0          0          0        144   atan2.o
        38          6          0          0          0        272   dunder.o
        40          0          0          0          0         68   fpclassify.o
       170          0          0          0          0         96   poly.o
         0          0          8          0          0          0   qnan.o
        76          0          0          0          0         84   sqrt.o

    ----------------------------------------------------------------------
     16406        964        800         12        348      10744   Library Totals
        36          0          9          0          0          0   (incl. Padding)

    ----------------------------------------------------------------------

      Code (inc. data)   RO Data    RW Data    ZI Data      Debug   Library Name

      9830        450        551         12        348       7096   c_w.l
      4636        348          0          0          0       2692   fz_ws.l
      1904        166        240          0          0        956   m_ws.l

    ----------------------------------------------------------------------
     16406        964        800         12        348      10744   Library Totals

    ----------------------------------------------------------------------

==============================================================================


      Code (inc. data)   RO Data    RW Data    ZI Data      Debug   

     41794       4292       5270        232       2664     534528   Grand Totals
     41794       4292       5270        232       2664     534528   ELF Image Totals
     41794       4292       5270        232          0          0   ROM Totals

==============================================================================

    Total RO  Size (Code + RO Data)                47064 (  45.96kB)
    Total RW  Size (RW Data + ZI Data)              2896 (   2.83kB)
    Total ROM Size (Code + RO Data + RW Data)      47296 (  46.19kB)

==============================================================================

