Component: ARM Compiler 5.06 update 7 (build 960) Tool: armlink [4d3601]

==============================================================================

Section Cross References

    start.o(i.main) refers to mpu6050.o(i.mpu6050_test) for mpu6050_test
    inv_mpu.o(i.accel_self_test) refers to inv_mpu.o(i.get_accel_prod_shift) for get_accel_prod_shift
    inv_mpu.o(i.accel_self_test) refers to fflt_clz.o(x$fpl$fflt) for __aeabi_i2f
    inv_mpu.o(i.accel_self_test) refers to scalbnf.o(x$fpl$scalbnf) for __ARM_scalbnf
    inv_mpu.o(i.accel_self_test) refers to fdiv.o(x$fpl$fdiv) for __aeabi_fdiv
    inv_mpu.o(i.accel_self_test) refers to faddsub_clz.o(x$fpl$fsub) for __aeabi_fsub
    inv_mpu.o(i.get_accel_prod_shift) refers to fmul.o(x$fpl$fmul) for __aeabi_fmul
    inv_mpu.o(i.get_accel_prod_shift) refers to mpu6050.o(.data) for MPU6050_DEVICE
    inv_mpu.o(i.get_st_biases) refers to delay.o(i.delay_ms_soft) for delay_ms_soft
    inv_mpu.o(i.get_st_biases) refers to llsdiv.o(.text) for __aeabi_ldivmod
    inv_mpu.o(i.get_st_biases) refers to inv_mpu.o(.data) for .data
    inv_mpu.o(i.get_st_biases) refers to mpu6050.o(.data) for MPU6050_DEVICE
    inv_mpu.o(i.gyro_self_test) refers to fflt_clz.o(x$fpl$fflt) for __aeabi_i2f
    inv_mpu.o(i.gyro_self_test) refers to scalbnf.o(x$fpl$scalbnf) for __ARM_scalbnf
    inv_mpu.o(i.gyro_self_test) refers to fmul.o(x$fpl$fmul) for __aeabi_fmul
    inv_mpu.o(i.gyro_self_test) refers to fdiv.o(x$fpl$fdiv) for __aeabi_fdiv
    inv_mpu.o(i.gyro_self_test) refers to faddsub_clz.o(x$fpl$fsub) for __aeabi_fsub
    inv_mpu.o(i.gyro_self_test) refers to mpu6050.o(.data) for MPU6050_DEVICE
    inv_mpu.o(i.inv_orientation_matrix_to_scalar) refers to inv_mpu.o(i.inv_row_2_scale) for inv_row_2_scale
    inv_mpu.o(i.mpu_configure_fifo) refers to inv_mpu.o(i.set_int_enable) for set_int_enable
    inv_mpu.o(i.mpu_configure_fifo) refers to inv_mpu.o(i.mpu_reset_fifo) for mpu_reset_fifo
    inv_mpu.o(i.mpu_configure_fifo) refers to inv_mpu.o(.data) for .data
    inv_mpu.o(i.mpu_dmp_get_data) refers to inv_mpu_dmp_motion_driver.o(i.dmp_read_fifo) for dmp_read_fifo
    inv_mpu.o(i.mpu_dmp_get_data) refers to fflt_clz.o(x$fpl$fflt) for __aeabi_i2f
    inv_mpu.o(i.mpu_dmp_get_data) refers to scalbnf.o(x$fpl$scalbnf) for __ARM_scalbnf
    inv_mpu.o(i.mpu_dmp_get_data) refers to fmul.o(x$fpl$fmul) for __aeabi_fmul
    inv_mpu.o(i.mpu_dmp_get_data) refers to faddsub_clz.o(x$fpl$fadd) for __aeabi_fadd
    inv_mpu.o(i.mpu_dmp_get_data) refers to f2d.o(x$fpl$f2d) for __aeabi_f2d
    inv_mpu.o(i.mpu_dmp_get_data) refers to asin.o(i.asin) for asin
    inv_mpu.o(i.mpu_dmp_get_data) refers to dmul.o(x$fpl$dmul) for __aeabi_dmul
    inv_mpu.o(i.mpu_dmp_get_data) refers to d2f.o(x$fpl$d2f) for __aeabi_d2f
    inv_mpu.o(i.mpu_dmp_get_data) refers to faddsub_clz.o(x$fpl$fsub) for __aeabi_fsub
    inv_mpu.o(i.mpu_dmp_get_data) refers to atan2.o(i.atan2) for atan2
    inv_mpu.o(i.mpu_dmp_init) refers to inv_mpu.o(i.mpu_init) for mpu_init
    inv_mpu.o(i.mpu_dmp_init) refers to inv_mpu.o(i.mpu_set_sensors) for mpu_set_sensors
    inv_mpu.o(i.mpu_dmp_init) refers to inv_mpu.o(i.mpu_configure_fifo) for mpu_configure_fifo
    inv_mpu.o(i.mpu_dmp_init) refers to inv_mpu.o(i.mpu_set_sample_rate) for mpu_set_sample_rate
    inv_mpu.o(i.mpu_dmp_init) refers to inv_mpu_dmp_motion_driver.o(i.dmp_load_motion_driver_firmware) for dmp_load_motion_driver_firmware
    inv_mpu.o(i.mpu_dmp_init) refers to inv_mpu.o(i.inv_orientation_matrix_to_scalar) for inv_orientation_matrix_to_scalar
    inv_mpu.o(i.mpu_dmp_init) refers to inv_mpu_dmp_motion_driver.o(i.dmp_set_orientation) for dmp_set_orientation
    inv_mpu.o(i.mpu_dmp_init) refers to inv_mpu_dmp_motion_driver.o(i.dmp_enable_feature) for dmp_enable_feature
    inv_mpu.o(i.mpu_dmp_init) refers to inv_mpu_dmp_motion_driver.o(i.dmp_set_fifo_rate) for dmp_set_fifo_rate
    inv_mpu.o(i.mpu_dmp_init) refers to inv_mpu.o(i.run_self_test) for run_self_test
    inv_mpu.o(i.mpu_dmp_init) refers to inv_mpu.o(i.mpu_set_dmp_state) for mpu_set_dmp_state
    inv_mpu.o(i.mpu_dmp_init) refers to inv_mpu.o(.data) for .data
    inv_mpu.o(i.mpu_get_accel_fsr) refers to inv_mpu.o(.data) for .data
    inv_mpu.o(i.mpu_get_accel_reg) refers to inv_mpu.o(i.mget_ms) for mget_ms
    inv_mpu.o(i.mpu_get_accel_reg) refers to inv_mpu.o(.data) for .data
    inv_mpu.o(i.mpu_get_accel_reg) refers to mpu6050.o(.data) for MPU6050_DEVICE
    inv_mpu.o(i.mpu_get_accel_sens) refers to inv_mpu.o(.data) for .data
    inv_mpu.o(i.mpu_get_dmp_state) refers to inv_mpu.o(.data) for .data
    inv_mpu.o(i.mpu_get_fifo_config) refers to inv_mpu.o(.data) for .data
    inv_mpu.o(i.mpu_get_gyro_fsr) refers to inv_mpu.o(.data) for .data
    inv_mpu.o(i.mpu_get_gyro_reg) refers to inv_mpu.o(i.mget_ms) for mget_ms
    inv_mpu.o(i.mpu_get_gyro_reg) refers to inv_mpu.o(.data) for .data
[...]
    i.SetSysClock                            0x0800225e   Section        0  system_stm32f10x.o(i.SetSysClock)
    SetSysClock                              0x0800225f   Thumb Code     4  system_stm32f10x.o(i.SetSysClock)
    i.SetSysClockTo72                        0x08002264   Section        0  system_stm32f10x.o(i.SetSysClockTo72)
    SetSysClockTo72                          0x08002265   Thumb Code   166  system_stm32f10x.o(i.SetSysClockTo72)
    i.SystemInit                             0x08002314   Section        0  system_stm32f10x.o(i.SystemInit)
    i.USART1_Control                         0x08002364   Section        0  usart_stm32f10x.o(i.USART1_Control)
    USART1_Control                           0x08002365   Thumb Code     6  usart_stm32f10x.o(i.USART1_Control)
    i.USART1_GetCapabilities                 0x08002370   Section        0  usart_stm32f10x.o(i.USART1_GetCapabilities)
    USART1_GetCapabilities                   0x08002371   Thumb Code     6  usart_stm32f10x.o(i.USART1_GetCapabilities)
    i.USART1_GetModemStatus                  0x0800237c   Section        0  usart_stm32f10x.o(i.USART1_GetModemStatus)
    USART1_GetModemStatus                    0x0800237d   Thumb Code     6  usart_stm32f10x.o(i.USART1_GetModemStatus)
    i.USART1_GetRxCount                      0x08002388   Section        0  usart_stm32f10x.o(i.USART1_GetRxCount)
    USART1_GetRxCount                        0x08002389   Thumb Code     6  usart_stm32f10x.o(i.USART1_GetRxCount)
    i.USART1_GetStatus                       0x08002394   Section        0  usart_stm32f10x.o(i.USART1_GetStatus)
    USART1_GetStatus                         0x08002395   Thumb Code     6  usart_stm32f10x.o(i.USART1_GetStatus)
    i.USART1_GetTxCount                      0x080023a0   Section        0  usart_stm32f10x.o(i.USART1_GetTxCount)
    USART1_GetTxCount                        0x080023a1   Thumb Code     6  usart_stm32f10x.o(i.USART1_GetTxCount)
    i.USART1_IRQHandler                      0x080023ac   Section        0  usart_stm32f10x.o(i.USART1_IRQHandler)
    i.USART1_Initialize                      0x080023b8   Section        0  usart_stm32f10x.o(i.USART1_Initialize)
    USART1_Initialize                        0x080023b9   Thumb Code     6  usart_stm32f10x.o(i.USART1_Initialize)
    i.USART1_PowerControl                    0x080023c4   Section        0  usart_stm32f10x.o(i.USART1_PowerControl)
    USART1_PowerControl                      0x080023c5   Thumb Code     6  usart_stm32f10x.o(i.USART1_PowerControl)
    i.USART1_Receive                         0x080023d0   Section        0  usart_stm32f10x.o(i.USART1_Receive)
    USART1_Receive                           0x080023d1   Thumb Code     6  usart_stm32f10x.o(i.USART1_Receive)
    i.USART1_Send                            0x080023dc   Section        0  usart_stm32f10x.o(i.USART1_Send)
    USART1_Send                              0x080023dd   Thumb Code     6  usart_stm32f10x.o(i.USART1_Send)
    i.USART1_SetModemControl                 0x080023e8   Section        0  usart_stm32f10x.o(i.USART1_SetModemControl)
    USART1_SetModemControl                   0x080023e9   Thumb Code     6  usart_stm32f10x.o(i.USART1_SetModemControl)
    i.USART1_Transfer                        0x080023f4   Section        0  usart_stm32f10x.o(i.USART1_Transfer)
    USART1_Transfer                          0x080023f5   Thumb Code     6  usart_stm32f10x.o(i.USART1_Transfer)
    i.USART1_Uninitialize                    0x08002400   Section        0  usart_stm32f10x.o(i.USART1_Uninitialize)
    USART1_Uninitialize                      0x08002401   Thumb Code     6  usart_stm32f10x.o(i.USART1_Uninitialize)
    i.USART_Control                          0x0800240c   Section        0  usart_stm32f10x.o(i.USART_Control)
    USART_Control                            0x0800240d   Thumb Code  1682  usart_stm32f10x.o(i.USART_Control)
    i.USART_GetCapabilities                  0x08002aa4   Section        0  usart_stm32f10x.o(i.USART_GetCapabilities)
    USART_GetCapabilities                    0x08002aa5   Thumb Code     4  usart_stm32f10x.o(i.USART_GetCapabilities)
    i.USART_GetModemStatus                   0x08002aa8   Section        0  usart_stm32f10x.o(i.USART_GetModemStatus)
    USART_GetModemStatus                     0x08002aa9   Thumb Code    64  usart_stm32f10x.o(i.USART_GetModemStatus)
    i.USART_GetRxCount                       0x08002ae8   Section        0  usart_stm32f10x.o(i.USART_GetRxCount)
    USART_GetRxCount                         0x08002ae9   Thumb Code     6  usart_stm32f10x.o(i.USART_GetRxCount)
    i.USART_GetStatus                        0x08002aee   Section        0  usart_stm32f10x.o(i.USART_GetStatus)
    USART_GetStatus                          0x08002aef   Thumb Code    80  usart_stm32f10x.o(i.USART_GetStatus)
    i.USART_GetTxCount                       0x08002b3e   Section        0  usart_stm32f10x.o(i.USART_GetTxCount)
    USART_GetTxCount                         0x08002b3f   Thumb Code     6  usart_stm32f10x.o(i.USART_GetTxCount)
    i.USART_IRQHandler                       0x08002b44   Section        0  usart_stm32f10x.o(i.USART_IRQHandler)
    i.USART_Initialize                       0x08002d46   Section        0  usart_stm32f10x.o(i.USART_Initialize)
    USART_Initialize                         0x08002d47   Thumb Code   142  usart_stm32f10x.o(i.USART_Initialize)
    i.USART_PeripheralReset                  0x08002dd4   Section        0  usart_stm32f10x.o(i.USART_PeripheralReset)
    USART_PeripheralReset                    0x08002dd5   Thumb Code    92  usart_stm32f10x.o(i.USART_PeripheralReset)
    i.USART_PowerControl                     0x08002e40   Section        0  usart_stm32f10x.o(i.USART_PowerControl)
    USART_PowerControl                       0x08002e41   Thumb Code   364  usart_stm32f10x.o(i.USART_PowerControl)
    i.USART_Receive                          0x08002fbc   Section        0  usart_stm32f10x.o(i.USART_Receive)
    USART_Receive                            0x08002fbd   Thumb Code   140  usart_stm32f10x.o(i.USART_Receive)
    i.USART_Send                             0x08003048   Section        0  usart_stm32f10x.o(i.USART_Send)
    USART_Send                               0x08003049   Thumb Code   114  usart_stm32f10x.o(i.USART_Send)
    i.USART_SetModemControl                  0x080030ba   Section        0  usart_stm32f10x.o(i.USART_SetModemControl)
    USART_SetModemControl                    0x080030bb   Thumb Code    80  usart_stm32f10x.o(i.USART_SetModemControl)
    i.USART_Transfer                         0x0800310a   Section        0  usart_stm32f10x.o(i.USART_Transfer)
    USART_Transfer                           0x0800310b   Thumb Code    84  usart_stm32f10x.o(i.USART_Transfer)
    i.USART_Uninitialize                     0x0800315e   Section        0  usart_stm32f10x.o(i.USART_Uninitialize)
    USART_Uninitialize                       0x0800315f   Thumb Code   100  usart_stm32f10x.o(i.USART_Uninitialize)
    i.USARTx_GetVersion                      0x080031c4   Section        0  usart_stm32f10x.o(i.USARTx_GetVersion)
    USARTx_GetVersion                        0x080031c5   Thumb Code     6  usart_stm32f10x.o(i.USARTx_GetVersion)
    i.UsageFault_Handler                     0x080031d0   Section        0  stm32f10x_it.o(i.UsageFault_Handler)
    i.__ARM_fpclassify                       0x080031d2   Section        0  fpclassify.o(i.__ARM_fpclassify)
    i._is_digit                              0x080031fa   Section        0  __printf_wp.o(i._is_digit)
    i._sys_close                             0x08003208   Section        0  retarget_io.o(i._sys_close)
    i._sys_flen                              0x08003228   Section        0  retarget_io.o(i._sys_flen)
    i._sys_istty                             0x08003248   Section        0  retarget_io.o(i._sys_istty)
    i._sys_open                              0x08003268   Section        0  retarget_io.o(i._sys_open)
    i._sys_seek                              0x080032d0   Section        0  retarget_io.o(i._sys_seek)
    i._sys_write                             0x080032dc   Section        0  retarget_io.o(i._sys_write)
    i.debug_uart_init                        0x08003310   Section        0  debug_uart.o(i.debug_uart_init)
    i.delay_ms_soft                          0x08003358   Section        0  delay.o(i.delay_ms_soft)
    i.fputc                                  0x0800336e   Section        0  fputc.o(i.fputc)
    i.i2c_ack                                0x08003388   Section        0  soft_i2c.o(i.i2c_ack)
    i2c_ack                                  0x08003389   Thumb Code    44  soft_i2c.o(i.i2c_ack)
    i.i2c_check_device                       0x080033b4   Section        0  soft_i2c.o(i.i2c_check_device)
    i2c_check_device                         0x080033b5   Thumb Code    44  soft_i2c.o(i.i2c_check_device)
    i.i2c_delay                              0x080033e0   Section        0  soft_i2c.o(i.i2c_delay)
    i2c_delay                                0x080033e1   Thumb Code    12  soft_i2c.o(i.i2c_delay)
    i.i2c_gpio_config                        0x080033ec   Section        0  soft_i2c.o(i.i2c_gpio_config)
    i2c_gpio_config                          0x080033ed   Thumb Code    58  soft_i2c.o(i.i2c_gpio_config)
    i.i2c_nack                               0x08003426   Section        0  soft_i2c.o(i.i2c_nack)
    i2c_nack                                 0x08003427   Thumb Code    38  soft_i2c.o(i.i2c_nack)
    i.i2c_read_byte                          0x0800344c   Section        0  soft_i2c.o(i.i2c_read_byte)
    i2c_read_byte                            0x0800344d   Thumb Code    78  soft_i2c.o(i.i2c_read_byte)
    i.i2c_send_byte                          0x0800349a   Section        0  soft_i2c.o(i.i2c_send_byte)
    i2c_send_byte                            0x0800349b   Thumb Code    74  soft_i2c.o(i.i2c_send_byte)
    i.i2c_start                              0x080034e4   Section        0  soft_i2c.o(i.i2c_start)
    i2c_start                                0x080034e5   Thumb Code    44  soft_i2c.o(i.i2c_start)
    i.i2c_stop                               0x08003510   Section        0  soft_i2c.o(i.i2c_stop)
    i2c_stop                                 0x08003511   Thumb Code    30  soft_i2c.o(i.i2c_stop)
    i.i2c_wait_ack                           0x0800352e   Section        0  soft_i2c.o(i.i2c_wait_ack)
    i2c_wait_ack                             0x0800352f   Thumb Code    52  soft_i2c.o(i.i2c_wait_ack)
    i.iic_driver_initialize                  0x08003564   Section        0  soft_i2c.o(i.iic_driver_initialize)
    i.main                                   0x080035cc   Section        0  start.o(i.main)
    i.mpu6050_acc_transition                 0x080035d6   Section        0  mpu6050.o(i.mpu6050_acc_transition)
    mpu6050_acc_transition                   0x080035d7   Thumb Code    18  mpu6050.o(i.mpu6050_acc_transition)
    i.mpu6050_get_acc                        0x080035e8   Section        0  mpu6050.o(i.mpu6050_get_acc)
    mpu6050_get_acc                          0x080035e9   Thumb Code    58  mpu6050.o(i.mpu6050_get_acc)
    i.mpu6050_get_gyro                       0x08003622   Section        0  mpu6050.o(i.mpu6050_get_gyro)
    mpu6050_get_gyro                         0x08003623   Thumb Code    58  mpu6050.o(i.mpu6050_get_gyro)
    i.mpu6050_get_id                         0x0800365c   Section        0  mpu6050.o(i.mpu6050_get_id)
    mpu6050_get_id                           0x0800365d   Thumb Code    52  mpu6050.o(i.mpu6050_get_id)
    i.mpu6050_get_temp                       0x080036e8   Section        0  mpu6050.o(i.mpu6050_get_temp)
    mpu6050_get_temp                         0x080036e9   Thumb Code    30  mpu6050.o(i.mpu6050_get_temp)
    i.mpu6050_gyro_transition                0x08003708   Section        0  mpu6050.o(i.mpu6050_gyro_transition)
    mpu6050_gyro_transition                  0x08003709   Thumb Code    16  mpu6050.o(i.mpu6050_gyro_transition)
    i.mpu6050_init                           0x0800371c   Section        0  mpu6050.o(i.mpu6050_init)
    mpu6050_init                             0x0800371d   Thumb Code    76  mpu6050.o(i.mpu6050_init)
    i.mpu6050_read_data                      0x08003770   Section        0  mpu6050.o(i.mpu6050_read_data)
    mpu6050_read_data                        0x08003771   Thumb Code   150  mpu6050.o(i.mpu6050_read_data)
    i.mpu6050_temp_transition                0x0800380c   Section        0  mpu6050.o(i.mpu6050_temp_transition)
    mpu6050_temp_transition                  0x0800380d   Thumb Code    56  mpu6050.o(i.mpu6050_temp_transition)
    i.mpu6050_test                           0x08003850   Section        0  mpu6050.o(i.mpu6050_test)
    i.mpu6050_write_data                     0x080039b0   Section        0  mpu6050.o(i.mpu6050_write_data)
    mpu6050_write_data                       0x080039b1   Thumb Code   120  mpu6050.o(i.mpu6050_write_data)
    i.mpu6050_write_reg                      0x08003a2c   Section        0  mpu6050.o(i.mpu6050_write_reg)
    mpu6050_write_reg                        0x08003a2d   Thumb Code   102  mpu6050.o(i.mpu6050_write_reg)
    i.select_RCC_APB2Periph                  0x08003a98   Section        0  soft_i2c.o(i.select_RCC_APB2Periph)
    select_RCC_APB2Periph                    0x08003a99   Thumb Code    76  soft_i2c.o(i.select_RCC_APB2Periph)
    i.stdout_putchar                         0x08003af8   Section        0  debug_uart.o(i.stdout_putchar)
    locale$$code                             0x08003b20   Section       44  lc_numeric_c.o(locale$$code)
    x$fpl$d2f                                0x08003b4c   Section       98  d2f.o(x$fpl$d2f)
    x$fpl$dadd                               0x08003bb0   Section      336  daddsub_clz.o(x$fpl$dadd)
    _dadd1                                   0x08003bc1   Thumb Code     0  daddsub_clz.o(x$fpl$dadd)
    x$fpl$ddiv                               0x08003d00   Section      688  ddiv.o(x$fpl$ddiv)
    ddiv_entry                               0x08003d07   Thumb Code     0  ddiv.o(x$fpl$ddiv)
    x$fpl$dflt                               0x08003fb0   Section       46  dflt_clz.o(x$fpl$dflt)
    x$fpl$dnaninf                            0x08003fde   Section      156  dnaninf.o(x$fpl$dnaninf)
    x$fpl$dretinf                            0x0800407a   Section       12  dretinf.o(x$fpl$dretinf)
    x$fpl$dsub                               0x08004088   Section      468  daddsub_clz.o(x$fpl$dsub)
    _dsub1                                   0x08004099   Thumb Code     0  daddsub_clz.o(x$fpl$dsub)
    x$fpl$f2d                                0x0800425c   Section       86  f2d.o(x$fpl$f2d)
    x$fpl$fcheck1                            0x080042b4   Section       12  fcheck1.o(x$fpl$fcheck1)
    x$fpl$fdiv                               0x080042c0   Section      388  fdiv.o(x$fpl$fdiv)
    _fdiv1                                   0x080042c1   Thumb Code     0  fdiv.o(x$fpl$fdiv)
    x$fpl$fflt                               0x08004444   Section       48  fflt_clz.o(x$fpl$fflt)
    x$fpl$fnaninf                            0x08004474   Section      140  fnaninf.o(x$fpl$fnaninf)
    x$fpl$fretinf                            0x08004500   Section       10  fretinf.o(x$fpl$fretinf)
    x$fpl$printf1                            0x0800450a   Section        4  printf1.o(x$fpl$printf1)
    x$fpl$retnan                             0x0800450e   Section      100  retnan.o(x$fpl$retnan)
    x$fpl$scalbnf                            0x08004572   Section       76  scalbnf.o(x$fpl$scalbnf)
    x$fpl$trapveneer                         0x080045be   Section       48  trapv.o(x$fpl$trapveneer)
    x$fpl$usenofp                            0x080045ee   Section        0  usenofp.o(x$fpl$usenofp)
    .constdata                               0x080045f0   Section       60  usart_stm32f10x.o(.constdata)
    usart_driver_version                     0x080045f0   Data           4  usart_stm32f10x.o(.constdata)
    USART1_Resources                         0x080045f4   Data          56  usart_stm32f10x.o(.constdata)
    .constdata                               0x0800462c   Section        8  usart_stm32f10x.o(.constdata)
    USART1_tx                                0x0800462c   Data           8  usart_stm32f10x.o(.constdata)
    .constdata                               0x08004634   Section        8  usart_stm32f10x.o(.constdata)
    USART1_rx                                0x08004634   Data           8  usart_stm32f10x.o(.constdata)
    .constdata                               0x0800463c   Section       56  usart_stm32f10x.o(.constdata)
    .constdata                               0x08004674   Section        7  retarget_io.o(.constdata)
    .constdata                               0x0800467b   Section        8  retarget_io.o(.constdata)
    .constdata                               0x08004683   Section        8  retarget_io.o(.constdata)
    .constdata                               0x0800468b   Section       17  __printf_flags_ss_wp.o(.constdata)
    maptable                                 0x0800468b   Data          17  __printf_flags_ss_wp.o(.constdata)
    .constdata                               0x0800469c   Section      148  bigflt0.o(.constdata)
    tenpwrs_x                                0x0800469c   Data          60  bigflt0.o(.constdata)
    tenpwrs_i                                0x080046d8   Data          64  bigflt0.o(.constdata)
    locale$$data                             0x08004750   Section       28  lc_numeric_c.o(locale$$data)
    __lcnum_c_name                           0x08004754   Data           2  lc_numeric_c.o(locale$$data)
    __lcnum_c_start                          0x0800475c   Data           0  lc_numeric_c.o(locale$$data)
    __lcnum_c_point                          0x08004768   Data           0  lc_numeric_c.o(locale$$data)
    __lcnum_c_thousands                      0x0800476a   Data           0  lc_numeric_c.o(locale$$data)
    __lcnum_c_grouping                       0x0800476b   Data           0  lc_numeric_c.o(locale$$data)
    __lcnum_c_end                            0x0800476c   Data           0  lc_numeric_c.o(locale$$data)
    .data                                    0x20000000   Section       40  mpu6050.o(.data)
    .data                                    0x20000028   Section        4  stdio_streams.o(.data)
    .data                                    0x2000002c   Section        4  stdio_streams.o(.data)
    .data                                    0x20000030   Section        4  stdio_streams.o(.data)
    .bss                                     0x20000034   Section       44  mpu6050.o(.bss)
    g_MPU6050_IIC_DEVICE                     0x20000034   Data          44  mpu6050.o(.bss)
    .bss                                     0x20000060   Section       20  usart_stm32f10x.o(.bss)
    USART1_Info                              0x20000060   Data          20  usart_stm32f10x.o(.bss)
    .bss                                     0x20000074   Section       36  usart_stm32f10x.o(.bss)
    USART1_TransferInfo                      0x20000074   Data          36  usart_stm32f10x.o(.bss)
    .bss                                     0x20000098   Section       84  stdio_streams.o(.bss)
    .bss                                     0x200000ec   Section       84  stdio_streams.o(.bss)
    .bss                                     0x20000140   Section       84  stdio_streams.o(.bss)
    .bss                                     0x20000194   Section       96  libspace.o(.bss)
    HEAP                                     0x200001f8   Section      512  startup_stm32f10x_md.o(HEAP)
    Heap_Mem                                 0x200001f8   Data         512  startup_stm32f10x_md.o(HEAP)
    STACK                                    0x200003f8   Section     1024  startup_stm32f10x_md.o(STACK)
    Stack_Mem                                0x200003f8   Data        1024  startup_stm32f10x_md.o(STACK)
    __initial_sp                             0x200007f8   Data           0  startup_stm32f10x_md.o(STACK)

    Global Symbols

    Symbol Name                              Value     Ov Type        Size  Object(Section)

    BuildAttributes$$THM_ISAv4$P$D$K$B$S$PE$A:L22UL41UL21$X:L11$S22US41US21$IEEE1$IW$USESV6$~STKCKD$USESV7$~SHL$OTIME$ROPI$IEEEX$EBA8$UX$STANDARDLIB$REQ8$PRES8$EABIv2 0x00000000   Number         0  anon$$obj.o ABSOLUTE
    __ARM_use_no_argv                        0x00000000   Number         0  start.o ABSOLUTE
    _printf_flags                            0x00000000   Number         0  printf_stubs.o ABSOLUTE
    _printf_return_value                     0x00000000   Number         0  printf_stubs.o ABSOLUTE
    _printf_sizespec                         0x00000000   Number         0  printf_stubs.o ABSOLUTE
    _printf_widthprec                        0x00000000   Number         0  printf_stubs.o ABSOLUTE
    __ARM_exceptions_init                     - Undefined Weak Reference
    __alloca_initialize                       - Undefined Weak Reference
    __arm_fini_                               - Undefined Weak Reference
    __arm_preinit_                            - Undefined Weak Reference
    __cpp_initialize__aeabi_                  - Undefined Weak Reference
    __cxa_finalize                            - Undefined Weak Reference
    __sigvec_lookup                           - Undefined Weak Reference
    __user_heap_extent                        - Undefined Weak Reference
    _atexit_init                              - Undefined Weak Reference
    _call_atexit_fns                          - Undefined Weak Reference
    _clock_init                               - Undefined Weak Reference
    _fp_trap_init                             - Undefined Weak Reference
    _fp_trap_shutdown                         - Undefined Weak Reference
    _get_lc_collate                           - Undefined Weak Reference
    _get_lc_monetary                          - Undefined Weak Reference
    _get_lc_time                              - Undefined Weak Reference
    _getenv_init                              - Undefined Weak Reference
    _handle_redirection                       - Undefined Weak Reference
    _mutex_acquire                            - Undefined Weak Reference
    _mutex_free                               - Undefined Weak Reference
    _mutex_release                            - Undefined Weak Reference
    _printf_mbtowc                            - Undefined Weak Reference
    _printf_wc                                - Undefined Weak Reference
    _rand_init                                - Undefined Weak Reference
    _signal_finish                            - Undefined Weak Reference
    _signal_init                              - Undefined Weak Reference
    __Vectors_Size                           0x000000ec   Number         0  startup_stm32f10x_md.o ABSOLUTE
    __Vectors                                0x08000000   Data           4  startup_stm32f10x_md.o(RESET)
    __Vectors_End                            0x080000ec   Data           0  startup_stm32f10x_md.o(RESET)
    __main                                   0x080000ed   Thumb Code     8  __main.o(!!!main)
    __scatterload                            0x080000f5   Thumb Code     0  __scatter.o(!!!scatter)
    __scatterload_rt2                        0x080000f5   Thumb Code    44  __scatter.o(!!!scatter)
    __scatterload_rt2_thumb_only             0x080000f5   Thumb Code     0  __scatter.o(!!!scatter)
    __scatterload_null                       0x08000103   Thumb Code     0  __scatter.o(!!!scatter)
    __scatterload_copy                       0x08000129   Thumb Code    26  __scatter_copy.o(!!handler_copy)
    __scatterload_zeroinit                   0x08000145   Thumb Code    28  __scatter_zi.o(!!handler_zi)
    _printf_f                                0x08000161   Thumb Code     0  _printf_f.o(.ARM.Collect$$_printf_percent$$00000003)
    _printf_percent                          0x08000161   Thumb Code     0  _printf_percent.o(.ARM.Collect$$_printf_percent$$00000000)
    _printf_d                                0x08000167   Thumb Code     0  _printf_d.o(.ARM.Collect$$_printf_percent$$00000009)
    _printf_s                                0x0800016d   Thumb Code     0  _printf_s.o(.ARM.Collect$$_printf_percent$$00000014)
    _printf_percent_end                      0x08000173   Thumb Code     0  _printf_percent_end.o(.ARM.Collect$$_printf_percent$$00000017)
    __rt_lib_init                            0x08000177   Thumb Code     0  libinit.o(.ARM.Collect$$libinit$$00000000)
    __rt_lib_init_fp_1                       0x08000179   Thumb Code     0  libinit2.o(.ARM.Collect$$libinit$$00000002)
    __rt_lib_init_heap_2                     0x08000179   Thumb Code     0  libinit2.o(.ARM.Collect$$libinit$$00000005)
    __rt_lib_init_preinit_1                  0x08000179   Thumb Code     0  libinit2.o(.ARM.Collect$$libinit$$00000004)
    __rt_lib_init_heap_1                     0x08000181   Thumb Code     0  libinit2.o(.ARM.Collect$$libinit$$0000000A)
    __rt_lib_init_lc_common                  0x08000181   Thumb Code     0  libinit2.o(.ARM.Collect$$libinit$$0000000F)
    __rt_lib_init_rand_1                     0x08000181   Thumb Code     0  libinit2.o(.ARM.Collect$$libinit$$0000000E)
    __rt_lib_init_user_alloc_1               0x08000181   Thumb Code     0  libinit2.o(.ARM.Collect$$libinit$$0000000C)
    __rt_lib_init_lc_collate_1               0x08000187   Thumb Code     0  libinit2.o(.ARM.Collect$$libinit$$00000011)
    __rt_lib_init_lc_ctype_1                 0x08000187   Thumb Code     0  libinit2.o(.ARM.Collect$$libinit$$00000013)
    __rt_lib_init_lc_monetary_1              0x08000187   Thumb Code     0  libinit2.o(.ARM.Collect$$libinit$$00000015)
    __rt_lib_init_lc_numeric_2               0x08000187   Thumb Code     0  libinit2.o(.ARM.Collect$$libinit$$00000016)
    __rt_lib_init_atexit_1                   0x08000191   Thumb Code     0  libinit2.o(.ARM.Collect$$libinit$$0000001B)
    __rt_lib_init_clock_1                    0x08000191   Thumb Code     0  libinit2.o(.ARM.Collect$$libinit$$00000021)
    __rt_lib_init_fp_trap_1                  0x08000191   Thumb Code     0  libinit2.o(.ARM.Collect$$libinit$$0000001F)
    __rt_lib_init_getenv_1                   0x08000191   Thumb Code     0  libinit2.o(.ARM.Collect$$libinit$$00000023)
    __rt_lib_init_lc_numeric_1               0x08000191   Thumb Code     0  libinit2.o(.ARM.Collect$$libinit$$00000017)
    __rt_lib_init_lc_time_1                  0x08000191   Thumb Code     0  libinit2.o(.ARM.Collect$$libinit$$00000019)
    __rt_lib_init_signal_1                   0x08000191   Thumb Code     0  libinit2.o(.ARM.Collect$$libinit$$0000001D)
    __rt_lib_init_stdio_2                    0x08000191   Thumb Code     0  libinit2.o(.ARM.Collect$$libinit$$00000024)
    __rt_lib_init_alloca_1                   0x08000195   Thumb Code     0  libinit2.o(.ARM.Collect$$libinit$$0000002E)
    __rt_lib_init_argv_1                     0x08000195   Thumb Code     0  libinit2.o(.ARM.Collect$$libinit$$0000002C)
    __rt_lib_init_cpp_1                      0x08000195   Thumb Code     0  libinit2.o(.ARM.Collect$$libinit$$00000032)
    __rt_lib_init_exceptions_1               0x08000195   Thumb Code     0  libinit2.o(.ARM.Collect$$libinit$$00000030)
    __rt_lib_init_return                     0x08000195   Thumb Code     0  libinit2.o(.ARM.Collect$$libinit$$00000033)
    __rt_lib_init_stdio_1                    0x08000195   Thumb Code     0  libinit2.o(.ARM.Collect$$libinit$$00000025)
    __rt_lib_shutdown                        0x08000197   Thumb Code     0  libshutdown.o(.ARM.Collect$$libshutdown$$00000000)
    __rt_lib_shutdown_cpp_1                  0x08000199   Thumb Code     0  libshutdown2.o(.ARM.Collect$$libshutdown$$00000004)
    __rt_lib_shutdown_fini_1                 0x08000199   Thumb Code     0  libshutdown2.o(.ARM.Collect$$libshutdown$$00000002)
    __rt_lib_shutdown_stdio_2                0x08000199   Thumb Code     0  libshutdown2.o(.ARM.Collect$$libshutdown$$00000005)
    __rt_lib_shutdown_fp_trap_1              0x0800019d   Thumb Code     0  libshutdown2.o(.ARM.Collect$$libshutdown$$00000009)
    __rt_lib_shutdown_heap_1                 0x0800019d   Thumb Code     0  libshutdown2.o(.ARM.Collect$$libshutdown$$00000011)
    __rt_lib_shutdown_return                 0x0800019d   Thumb Code     0  libshutdown2.o(.ARM.Collect$$libshutdown$$00000012)
    __rt_lib_shutdown_signal_1               0x0800019d   Thumb Code     0  libshutdown2.o(.ARM.Collect$$libshutdown$$0000000C)
    __rt_lib_shutdown_stdio_1                0x0800019d   Thumb Code     0  libshutdown2.o(.ARM.Collect$$libshutdown$$00000006)
    __rt_lib_shutdown_user_alloc_1           0x0800019d   Thumb Code     0  libshutdown2.o(.ARM.Collect$$libshutdown$$0000000E)
    __rt_entry                               0x0800019f   Thumb Code     0  __rtentry.o(.ARM.Collect$$rtentry$$00000000)
    __rt_entry_presh_1                       0x0800019f   Thumb Code     0  __rtentry2.o(.ARM.Collect$$rtentry$$00000002)
    __rt_entry_sh                            0x0800019f   Thumb Code     0  __rtentry4.o(.ARM.Collect$$rtentry$$00000004)
    __rt_entry_li                            0x080001a5   Thumb Code     0  __rtentry2.o(.ARM.Collect$$rtentry$$0000000A)
    __rt_entry_postsh_1                      0x080001a5   Thumb Code     0  __rtentry2.o(.ARM.Collect$$rtentry$$00000009)
    __rt_entry_main                          0x080001a9   Thumb Code     0  __rtentry2.o(.ARM.Collect$$rtentry$$0000000D)
    __rt_entry_postli_1                      0x080001a9   Thumb Code     0  __rtentry2.o(.ARM.Collect$$rtentry$$0000000C)
    __rt_exit                                0x080001b1   Thumb Code     0  rtexit.o(.ARM.Collect$$rtexit$$00000000)
    __rt_exit_ls                             0x080001b3   Thumb Code     0  rtexit2.o(.ARM.Collect$$rtexit$$00000003)
    __rt_exit_prels_1                        0x080001b3   Thumb Code     0  rtexit2.o(.ARM.Collect$$rtexit$$00000002)
    __rt_exit_exit                           0x080001b7   Thumb Code     0  rtexit2.o(.ARM.Collect$$rtexit$$00000004)
    Reset_Handler                            0x080001bd   Thumb Code     8  startup_stm32f10x_md.o(.text)
    _maybe_terminate_alloc                   0x080001bd   Thumb Code     0  maybetermalloc1.o(.emb_text)
    SysTick_Handler                          0x080001d5   Thumb Code     2  startup_stm32f10x_md.o(.text)
    ADC1_2_IRQHandler                        0x080001d7   Thumb Code     0  startup_stm32f10x_md.o(.text)
    CAN1_RX1_IRQHandler                      0x080001d7   Thumb Code     0  startup_stm32f10x_md.o(.text)
    CAN1_SCE_IRQHandler                      0x080001d7   Thumb Code     0  startup_stm32f10x_md.o(.text)
    EXTI0_IRQHandler                         0x080001d7   Thumb Code     0  startup_stm32f10x_md.o(.text)
    EXTI15_10_IRQHandler                     0x080001d7   Thumb Code     0  startup_stm32f10x_md.o(.text)
    EXTI1_IRQHandler                         0x080001d7   Thumb Code     0  startup_stm32f10x_md.o(.text)
    EXTI2_IRQHandler                         0x080001d7   Thumb Code     0  startup_stm32f10x_md.o(.text)
    EXTI3_IRQHandler                         0x080001d7   Thumb Code     0  startup_stm32f10x_md.o(.text)
    EXTI4_IRQHandler                         0x080001d7   Thumb Code     0  startup_stm32f10x_md.o(.text)
    EXTI9_5_IRQHandler                       0x080001d7   Thumb Code     0  startup_stm32f10x_md.o(.text)
    FLASH_IRQHandler                         0x080001d7   Thumb Code     0  startup_stm32f10x_md.o(.text)
    I2C1_ER_IRQHandler                       0x080001d7   Thumb Code     0  startup_stm32f10x_md.o(.text)
    I2C1_EV_IRQHandler                       0x080001d7   Thumb Code     0  startup_stm32f10x_md.o(.text)
    I2C2_ER_IRQHandler                       0x080001d7   Thumb Code     0  startup_stm32f10x_md.o(.text)
    I2C2_EV_IRQHandler                       0x080001d7   Thumb Code     0  startup_stm32f10x_md.o(.text)
    PVD_IRQHandler                           0x080001d7   Thumb Code     0  startup_stm32f10x_md.o(.text)
    RCC_IRQHandler                           0x080001d7   Thumb Code     0  startup_stm32f10x_md.o(.text)
    RTCAlarm_IRQHandler                      0x080001d7   Thumb Code     0  startup_stm32f10x_md.o(.text)
    RTC_IRQHandler                           0x080001d7   Thumb Code     0  startup_stm32f10x_md.o(.text)
    SPI1_IRQHandler                          0x080001d7   Thumb Code     0  startup_stm32f10x_md.o(.text)
    SPI2_IRQHandler                          0x080001d7   Thumb Code     0  startup_stm32f10x_md.o(.text)
    TAMPER_IRQHandler                        0x080001d7   Thumb Code     0  startup_stm32f10x_md.o(.text)
    TIM1_BRK_IRQHandler                      0x080001d7   Thumb Code     0  startup_stm32f10x_md.o(.text)
    TIM1_CC_IRQHandler                       0x080001d7   Thumb Code     0  startup_stm32f10x_md.o(.text)
    TIM1_TRG_COM_IRQHandler                  0x080001d7   Thumb Code     0  startup_stm32f10x_md.o(.text)
    TIM1_UP_IRQHandler                       0x080001d7   Thumb Code     0  startup_stm32f10x_md.o(.text)
    TIM2_IRQHandler                          0x080001d7   Thumb Code     0  startup_stm32f10x_md.o(.text)
    TIM3_IRQHandler                          0x080001d7   Thumb Code     0  startup_stm32f10x_md.o(.text)
    TIM4_IRQHandler                          0x080001d7   Thumb Code     0  startup_stm32f10x_md.o(.text)
    USART2_IRQHandler                        0x080001d7   Thumb Code     0  startup_stm32f10x_md.o(.text)
    USART3_IRQHandler                        0x080001d7   Thumb Code     0  startup_stm32f10x_md.o(.text)
    USBWakeUp_IRQHandler                     0x080001d7   Thumb Code     0  startup_stm32f10x_md.o(.text)
    USB_HP_CAN1_TX_IRQHandler                0x080001d7   Thumb Code     0  startup_stm32f10x_md.o(.text)
    USB_LP_CAN1_RX0_IRQHandler               0x080001d7   Thumb Code     0  startup_stm32f10x_md.o(.text)
    WWDG_IRQHandler                          0x080001d7   Thumb Code     0  startup_stm32f10x_md.o(.text)
    __user_initial_stackheap                 0x080001d9   Thumb Code     0  startup_stm32f10x_md.o(.text)
    malloc                                   0x080001fd   Thumb Code    94  h1_alloc.o(.text)
    free                                     0x0800025b   Thumb Code    78  h1_free.o(.text)
    __2printf                                0x080002a9   Thumb Code    20  __2printf.o(.text)
    _printf_pre_padding                      0x080002c1   Thumb Code    44  _printf_pad.o(.text)
    _printf_post_padding                     0x080002ed   Thumb Code    34  _printf_pad.o(.text)
    _printf_str                              0x0800030f   Thumb Code    82  _printf_str.o(.text)
    _printf_int_dec                          0x08000361   Thumb Code   104  _printf_dec.o(.text)
    __printf                                 0x080003d9   Thumb Code   388  __printf_flags_ss_wp.o(.text)
    __aeabi_memclr4                          0x08000561   Thumb Code     0  rt_memclr_w.o(.text)
    __aeabi_memclr8                          0x08000561   Thumb Code     0  rt_memclr_w.o(.text)
    __rt_memclr_w                            0x08000561   Thumb Code    78  rt_memclr_w.o(.text)
    _memset_w                                0x08000565   Thumb Code     0  rt_memclr_w.o(.text)
    strcmp                                   0x080005b1   Thumb Code   128  strcmpv7m.o(.text)
    __use_two_region_memory                  0x08000631   Thumb Code     2  heapauxi.o(.text)
    __rt_heap_escrow                         0x08000633   Thumb Code     2  heapauxi.o(.text)
    __rt_heap_expand                         0x08000635   Thumb Code     2  heapauxi.o(.text)
    __rt_heap_descriptor                     0x08000639   Thumb Code     8  rt_heap_descriptor_intlibspace.o(.text)
    __use_no_heap                            0x08000641   Thumb Code     2  hguard.o(.text)
    __heap$guard                             0x08000643   Thumb Code     2  hguard.o(.text)
    _terminate_user_alloc                    0x08000645   Thumb Code     2  init_alloc.o(.text)
    _init_user_alloc                         0x08000647   Thumb Code     2  init_alloc.o(.text)
    __Heap_Full                              0x08000649   Thumb Code    34  init_alloc.o(.text)
    __Heap_Broken                            0x0800066b   Thumb Code     6  init_alloc.o(.text)
    _init_alloc                              0x08000671   Thumb Code    94  init_alloc.o(.text)
    __Heap_Initialize                        0x080006cf   Thumb Code    10  h1_init.o(.text)
    __Heap_DescSize                          0x080006d9   Thumb Code     4  h1_init.o(.text)
    _printf_int_common                       0x080006dd   Thumb Code   178  _printf_intcommon.o(.text)
    __lib_sel_fp_printf                      0x0800078f   Thumb Code     2  _printf_fp_dec.o(.text)
    _printf_fp_dec_real                      0x08000941   Thumb Code   620  _printf_fp_dec.o(.text)
    _printf_char_common                      0x08000bb7   Thumb Code    32  _printf_char_common.o(.text)
    _printf_cs_common                        0x08000bdd   Thumb Code    20  _printf_char.o(.text)
    _printf_char                             0x08000bf1   Thumb Code    16  _printf_char.o(.text)
    _printf_string                           0x08000c01   Thumb Code     8  _printf_char.o(.text)
    _printf_char_file                        0x08000c09   Thumb Code    32  _printf_char_file.o(.text)
    __user_libspace                          0x08000c2d   Thumb Code     8  libspace.o(.text)
    __user_perproc_libspace                  0x08000c2d   Thumb Code     0  libspace.o(.text)
    __user_perthread_libspace                0x08000c2d   Thumb Code     0  libspace.o(.text)
    __rt_locale                              0x08000c35   Thumb Code     8  rt_locale_intlibspace.o(.text)
    __aeabi_errno_addr                       0x08000c3d   Thumb Code     8  rt_errno_addr_intlibspace.o(.text)
    __errno$intlibspace                      0x08000c3d   Thumb Code     0  rt_errno_addr_intlibspace.o(.text)
    __rt_errno_addr$intlibspace              0x08000c3d   Thumb Code     0  rt_errno_addr_intlibspace.o(.text)
    __Heap_ProvideMemory                     0x08000c45   Thumb Code    52  h1_extend.o(.text)
    _ll_udiv10                               0x08000c79   Thumb Code   138  lludiv10.o(.text)
    _printf_fp_infnan                        0x08000d05   Thumb Code   112  _printf_fp_infnan.o(.text)
    _btod_etento                             0x08000d85   Thumb Code   224  bigflt0.o(.text)
    ferror                                   0x08000e69   Thumb Code     8  ferror.o(.text)
    _initio                                  0x08000e71   Thumb Code   210  initio.o(.text)
    _terminateio                             0x08000f43   Thumb Code    56  initio.o(.text)
    __rt_SIGRTMEM                            0x08000fa9   Thumb Code    14  defsig_rtmem_outer.o(.text)
    __I$use$semihosting                      0x08000fb7   Thumb Code     0  use_no_semi.o(.text)
    __use_no_semihosting_swi                 0x08000fb7   Thumb Code     2  use_no_semi.o(.text)
    __semihosting_library_function           0x08000fb9   Thumb Code     0  indicate_semi.o(.text)
    __user_setup_stackheap                   0x08000fb9   Thumb Code    74  sys_stackheap_outer.o(.text)
    __flsbuf                                 0x08001003   Thumb Code   470  flsbuf.o(.text)
    __flsbuf_byte                            0x08001003   Thumb Code     0  flsbuf.o(.text)
    __flsbuf_wide                            0x08001003   Thumb Code     0  flsbuf.o(.text)
    setvbuf                                  0x080011d9   Thumb Code    70  setvbuf.o(.text)
    freopen                                  0x08001221   Thumb Code   158  fopen.o(.text)
    fopen                                    0x080012bf   Thumb Code    74  fopen.o(.text)
    _fclose_internal                         0x0800130d   Thumb Code    76  fclose.o(.text)
    fclose                                   0x0800130d   Thumb Code     0  fclose.o(.text)
    exit                                     0x08001359   Thumb Code    18  exit.o(.text)
    __sig_exit                               0x0800136b   Thumb Code    10  defsig_exit.o(.text)
    __rt_SIGRTRED                            0x08001375   Thumb Code    14  defsig_rtred_outer.o(.text)
    __rt_SIGRTMEM_inner                      0x08001385   Thumb Code    22  defsig_rtmem_inner.o(.text)
    _sys_exit                                0x080013d5   Thumb Code     8  sys_exit.o(.text)
    _fseek                                   0x080013e1   Thumb Code   242  fseek.o(.text)
    fseek                                    0x080013e1   Thumb Code     0  fseek.o(.text)
    _seterr                                  0x080014d9   Thumb Code    20  stdio.o(.text)
    _writebuf                                0x080014ed   Thumb Code    84  stdio.o(.text)
    _fflush                                  0x08001541   Thumb Code    70  stdio.o(.text)
    _deferredlazyseek                        0x08001587   Thumb Code    60  stdio.o(.text)
    __default_signal_display                 0x080015c9   Thumb Code    50  defsig_general.o(.text)
    __rt_SIGRTRED_inner                      0x080015fd   Thumb Code    14  defsig_rtred_inner.o(.text)
    _ttywrch                                 0x08001631   Thumb Code    14  sys_wrch.o(.text)
    _ftell_internal                          0x0800163f   Thumb Code    66  ftell.o(.text)
    ftell                                    0x0800163f   Thumb Code     0  ftell.o(.text)
    _btod_d2e                                0x08001681   Thumb Code    62  btod.o(CL$$btod_d2e)
    _d2e_denorm_low                          0x080016bf   Thumb Code    70  btod.o(CL$$btod_d2e_denorm_low)
    _d2e_norm_op1                            0x08001705   Thumb Code    96  btod.o(CL$$btod_d2e_norm_op1)
    __btod_div_common                        0x08001765   Thumb Code   696  btod.o(CL$$btod_div_common)
    _e2e                                     0x08001a9d   Thumb Code   220  btod.o(CL$$btod_e2e)
    _btod_ediv                               0x08001b79   Thumb Code    42  btod.o(CL$$btod_ediv)
    _btod_emul                               0x08001ba3   Thumb Code    42  btod.o(CL$$btod_emul)
    __btod_mult_common                       0x08001bcd   Thumb Code   580  btod.o(CL$$btod_mult_common)
    BusFault_Handler                         0x08001e11   Thumb Code     2  stm32f10x_it.o(i.BusFault_Handler)
    DMA1_Channel1_Event                      0x08001e13   Thumb Code     2  dma_stm32f10x.o(i.DMA1_Channel1_Event)
    DMA1_Channel1_IRQHandler                 0x08001e15   Thumb Code    18  dma_stm32f10x.o(i.DMA1_Channel1_IRQHandler)
    DMA1_Channel2_Event                      0x08001e2d   Thumb Code     2  dma_stm32f10x.o(i.DMA1_Channel2_Event)
    DMA1_Channel2_IRQHandler                 0x08001e31   Thumb Code    20  dma_stm32f10x.o(i.DMA1_Channel2_IRQHandler)
    DMA1_Channel3_Event                      0x08001e49   Thumb Code     2  dma_stm32f10x.o(i.DMA1_Channel3_Event)
    DMA1_Channel3_IRQHandler                 0x08001e4d   Thumb Code    20  dma_stm32f10x.o(i.DMA1_Channel3_IRQHandler)
    DMA1_Channel4_Event                      0x08001e65   Thumb Code     2  dma_stm32f10x.o(i.DMA1_Channel4_Event)
    DMA1_Channel4_IRQHandler                 0x08001e69   Thumb Code    20  dma_stm32f10x.o(i.DMA1_Channel4_IRQHandler)
    DMA1_Channel5_Event                      0x08001e81   Thumb Code     2  dma_stm32f10x.o(i.DMA1_Channel5_Event)
    DMA1_Channel5_IRQHandler                 0x08001e85   Thumb Code    20  dma_stm32f10x.o(i.DMA1_Channel5_IRQHandler)
    DMA1_Channel6_Event                      0x08001e9d   Thumb Code     2  dma_stm32f10x.o(i.DMA1_Channel6_Event)
    DMA1_Channel6_IRQHandler                 0x08001ea1   Thumb Code    20  dma_stm32f10x.o(i.DMA1_Channel6_IRQHandler)
    DMA1_Channel7_Event                      0x08001eb9   Thumb Code     2  dma_stm32f10x.o(i.DMA1_Channel7_Event)
    DMA1_Channel7_IRQHandler                 0x08001ebd   Thumb Code    20  dma_stm32f10x.o(i.DMA1_Channel7_IRQHandler)
    DebugMon_Handler                         0x08001ed5   Thumb Code     2  stm32f10x_it.o(i.DebugMon_Handler)
    GPIO_AFConfigure                         0x08001ed9   Thumb Code   100  gpio_stm32f10x.o(i.GPIO_AFConfigure)
    GPIO_GetPortClockState                   0x08001f45   Thumb Code   104  gpio_stm32f10x.o(i.GPIO_GetPortClockState)
    GPIO_Init                                0x08001fcd   Thumb Code   166  stm32f10x_gpio.o(i.GPIO_Init)
    GPIO_PinConfigure                        0x08002073   Thumb Code   102  gpio_stm32f10x.o(i.GPIO_PinConfigure)
    GPIO_PortClock                           0x080020d9   Thumb Code   226  gpio_stm32f10x.o(i.GPIO_PortClock)
    GPIO_ReadInputDataBit                    0x080021dd   Thumb Code    14  stm32f10x_gpio.o(i.GPIO_ReadInputDataBit)
    GPIO_ResetBits                           0x080021eb   Thumb Code     4  stm32f10x_gpio.o(i.GPIO_ResetBits)
    GPIO_SetBits                             0x080021ef   Thumb Code     4  stm32f10x_gpio.o(i.GPIO_SetBits)
    HardFault_Handler                        0x080021f3   Thumb Code     2  stm32f10x_it.o(i.HardFault_Handler)
    MemManage_Handler                        0x0800221d   Thumb Code     2  stm32f10x_it.o(i.MemManage_Handler)
    NMI_Handler                              0x0800221f   Thumb Code     2  stm32f10x_it.o(i.NMI_Handler)
    PendSV_Handler                           0x08002221   Thumb Code     2  stm32f10x_it.o(i.PendSV_Handler)
    RCC_APB1PeriphClockCmd                   0x08002225   Thumb Code    22  stm32f10x_rcc.o(i.RCC_APB1PeriphClockCmd)
    RCC_APB2PeriphClockCmd                   0x08002241   Thumb Code    22  stm32f10x_rcc.o(i.RCC_APB2PeriphClockCmd)
    SVC_Handler                              0x0800225d   Thumb Code     2  stm32f10x_it.o(i.SVC_Handler)
    SystemInit                               0x08002315   Thumb Code    64  system_stm32f10x.o(i.SystemInit)
    USART1_IRQHandler                        0x080023ad   Thumb Code     6  usart_stm32f10x.o(i.USART1_IRQHandler)
    USART_IRQHandler                         0x08002b45   Thumb Code   514  usart_stm32f10x.o(i.USART_IRQHandler)
    UsageFault_Handler                       0x080031d1   Thumb Code     2  stm32f10x_it.o(i.UsageFault_Handler)
    __ARM_fpclassify                         0x080031d3   Thumb Code    40  fpclassify.o(i.__ARM_fpclassify)
    _is_digit                                0x080031fb   Thumb Code    14  __printf_wp.o(i._is_digit)
    _sys_close                               0x08003209   Thumb Code    32  retarget_io.o(i._sys_close)
    _sys_flen                                0x08003229   Thumb Code    32  retarget_io.o(i._sys_flen)
    _sys_istty                               0x08003249   Thumb Code    32  retarget_io.o(i._sys_istty)
    _sys_open                                0x08003269   Thumb Code    78  retarget_io.o(i._sys_open)
    _sys_seek                                0x080032d1   Thumb Code    12  retarget_io.o(i._sys_seek)
    _sys_write                               0x080032dd   Thumb Code    50  retarget_io.o(i._sys_write)
    debug_uart_init                          0x08003311   Thumb Code    66  debug_uart.o(i.debug_uart_init)
    delay_ms_soft                            0x08003359   Thumb Code    22  delay.o(i.delay_ms_soft)
    fputc                                    0x0800336f   Thumb Code    26  fputc.o(i.fputc)
    iic_driver_initialize                    0x08003565   Thumb Code    62  soft_i2c.o(i.iic_driver_initialize)
    main                                     0x080035cd   Thumb Code    10  start.o(i.main)
    mpu6050_test                             0x08003851   Thumb Code   250  mpu6050.o(i.mpu6050_test)
    stdout_putchar                           0x08003af9   Thumb Code    36  debug_uart.o(i.stdout_putchar)
    _get_lc_numeric                          0x08003b21   Thumb Code    44  lc_numeric_c.o(locale$$code)
    __aeabi_d2f                              0x08003b4d   Thumb Code     0  d2f.o(x$fpl$d2f)
    _d2f                                     0x08003b4d   Thumb Code    98  d2f.o(x$fpl$d2f)
    __aeabi_dadd                             0x08003bb1   Thumb Code     0  daddsub_clz.o(x$fpl$dadd)
    _dadd                                    0x08003bb1   Thumb Code   332  daddsub_clz.o(x$fpl$dadd)
    __aeabi_ddiv                             0x08003d01   Thumb Code     0  ddiv.o(x$fpl$ddiv)
    _ddiv                                    0x08003d01   Thumb Code   552  ddiv.o(x$fpl$ddiv)
    __aeabi_i2d                              0x08003fb1   Thumb Code     0  dflt_clz.o(x$fpl$dflt)
    _dflt                                    0x08003fb1   Thumb Code    46  dflt_clz.o(x$fpl$dflt)
    __fpl_dnaninf                            0x08003fdf   Thumb Code   156  dnaninf.o(x$fpl$dnaninf)
    __fpl_dretinf                            0x0800407b   Thumb Code    12  dretinf.o(x$fpl$dretinf)
    __aeabi_dsub                             0x08004089   Thumb Code     0  daddsub_clz.o(x$fpl$dsub)
    _dsub                                    0x08004089   Thumb Code   464  daddsub_clz.o(x$fpl$dsub)
    __aeabi_f2d                              0x0800425d   Thumb Code     0  f2d.o(x$fpl$f2d)
    _f2d                                     0x0800425d   Thumb Code    86  f2d.o(x$fpl$f2d)
    __fpl_fcheck_NaN1                        0x080042b5   Thumb Code     6  fcheck1.o(x$fpl$fcheck1)
    __aeabi_fdiv                             0x080042c1   Thumb Code     0  fdiv.o(x$fpl$fdiv)
    _fdiv                                    0x080042c1   Thumb Code   384  fdiv.o(x$fpl$fdiv)
    __aeabi_i2f                              0x08004445   Thumb Code     0  fflt_clz.o(x$fpl$fflt)
    _fflt                                    0x08004445   Thumb Code    48  fflt_clz.o(x$fpl$fflt)
    __fpl_fnaninf                            0x08004475   Thumb Code   140  fnaninf.o(x$fpl$fnaninf)
    __fpl_fretinf                            0x08004501   Thumb Code    10  fretinf.o(x$fpl$fretinf)
    _printf_fp_dec                           0x0800450b   Thumb Code     4  printf1.o(x$fpl$printf1)
    __fpl_return_NaN                         0x0800450f   Thumb Code   100  retnan.o(x$fpl$retnan)
    __ARM_scalbnf                            0x08004573   Thumb Code    76  scalbnf.o(x$fpl$scalbnf)
    __fpl_cmpreturn                          0x080045bf   Thumb Code    48  trapv.o(x$fpl$trapveneer)
    __I$use$fp                               0x080045ee   Number         0  usenofp.o(x$fpl$usenofp)
    Driver_USART1                            0x0800463c   Data          56  usart_stm32f10x.o(.constdata)
    __stdin_name                             0x08004674   Data           7  retarget_io.o(.constdata)
    __stdout_name                            0x0800467b   Data           8  retarget_io.o(.constdata)
    __stderr_name                            0x08004683   Data           8  retarget_io.o(.constdata)
    Region$$Table$$Base                      0x08004730   Number         0  anon$$obj.o(Region$$Table)
    Region$$Table$$Limit                     0x08004750   Number         0  anon$$obj.o(Region$$Table)
    MPU6050_DEVICE                           0x20000000   Data          40  mpu6050.o(.data)
    __aeabi_stdin                            0x20000028   Data           4  stdio_streams.o(.data)
    __aeabi_stdout                           0x2000002c   Data           4  stdio_streams.o(.data)
    __aeabi_stderr                           0x20000030   Data           4  stdio_streams.o(.data)
    __stdin                                  0x20000098   Data          84  stdio_streams.o(.bss)
    __stdout                                 0x200000ec   Data          84  stdio_streams.o(.bss)
    __stderr                                 0x20000140   Data          84  stdio_streams.o(.bss)
    __libspace_start                         0x20000194   Data          96  libspace.o(.bss)
    __temporary_stack_top$libspace           0x200001f4   Data           0  libspace.o(.bss)



==============================================================================

Memory Map of the image

  Image Entry point : 0x080000ed

  Load Region LR_IROM1 (Base: 0x08000000, Size: 0x000047a0, Max: 0x00010000, ABSOLUTE)

    Execution Region ER_IROM1 (Exec base: 0x08000000, Load base: 0x08000000, Size: 0x0000476c, Max: 0x00010000, ABSOLUTE)

    Exec Addr    Load Addr    Size         Type   Attr      Idx    E Section Name        Object

    0x08000000   0x08000000   0x000000ec   Data   RO         5184    RESET               startup_stm32f10x_md.o
    0x080000ec   0x080000ec   0x00000008   Code   RO         5394  * !!!main             c_w.l(__main.o)
    0x080000f4   0x080000f4   0x00000034   Code   RO         5911    !!!scatter          c_w.l(__scatter.o)
    0x08000128   0x08000128   0x0000001a   Code   RO         5913    !!handler_copy      c_w.l(__scatter_copy.o)
    0x08000142   0x08000142   0x00000002   PAD
    0x08000144   0x08000144   0x0000001c   Code   RO         5915    !!handler_zi        c_w.l(__scatter_zi.o)
    0x08000160   0x08000160   0x00000000   Code   RO         5382    .ARM.Collect$$_printf_percent$$00000000  c_w.l(_printf_percent.o)
    0x08000160   0x08000160   0x00000006   Code   RO         5378    .ARM.Collect$$_printf_percent$$00000003  c_w.l(_printf_f.o)
    0x08000166   0x08000166   0x00000006   Code   RO         5376    .ARM.Collect$$_printf_percent$$00000009  c_w.l(_printf_d.o)
    0x0800016c   0x0800016c   0x00000006   Code   RO         5372    .ARM.Collect$$_printf_percent$$00000014  c_w.l(_printf_s.o)
    0x08000172   0x08000172   0x00000004   Code   RO         5533    .ARM.Collect$$_printf_percent$$00000017  c_w.l(_printf_percent_end.o)
    0x08000176   0x08000176   0x00000002   Code   RO         5816    .ARM.Collect$$libinit$$00000000  c_w.l(libinit.o)
    0x08000178   0x08000178   0x00000000   Code   RO         5557    .ARM.Collect$$libinit$$00000002  c_w.l(libinit2.o)
    0x08000178   0x08000178   0x00000000   Code   RO         5559    .ARM.Collect$$libinit$$00000004  c_w.l(libinit2.o)
    0x08000178   0x08000178   0x00000008   Code   RO         5560    .ARM.Collect$$libinit$$00000005  c_w.l(libinit2.o)
    0x08000180   0x08000180   0x00000000   Code   RO         5562    .ARM.Collect$$libinit$$0000000A  c_w.l(libinit2.o)
    0x08000180   0x08000180   0x00000000   Code   RO         5564    .ARM.Collect$$libinit$$0000000C  c_w.l(libinit2.o)
    0x08000180   0x08000180   0x00000000   Code   RO         5566    .ARM.Collect$$libinit$$0000000E  c_w.l(libinit2.o)
    0x08000180   0x08000180   0x00000006   Code   RO         5567    .ARM.Collect$$libinit$$0000000F  c_w.l(libinit2.o)
    0x08000186   0x08000186   0x00000000   Code   RO         5569    .ARM.Collect$$libinit$$00000011  c_w.l(libinit2.o)
    0x08000186   0x08000186   0x00000000   Code   RO         5571    .ARM.Collect$$libinit$$00000013  c_w.l(libinit2.o)
    0x08000186   0x08000186   0x00000000   Code   RO         5573    .ARM.Collect$$libinit$$00000015  c_w.l(libinit2.o)
    0x08000186   0x08000186   0x0000000a   Code   RO         5574    .ARM.Collect$$libinit$$00000016  c_w.l(libinit2.o)
    0x08000190   0x08000190   0x00000000   Code   RO         5575    .ARM.Collect$$libinit$$00000017  c_w.l(libinit2.o)
    0x08000190   0x08000190   0x00000000   Code   RO         5577    .ARM.Collect$$libinit$$00000019  c_w.l(libinit2.o)
    0x08000190   0x08000190   0x00000000   Code   RO         5579    .ARM.Collect$$libinit$$0000001B  c_w.l(libinit2.o)
    0x08000190   0x08000190   0x00000000   Code   RO         5581    .ARM.Collect$$libinit$$0000001D  c_w.l(libinit2.o)
    0x08000190   0x08000190   0x00000000   Code   RO         5583    .ARM.Collect$$libinit$$0000001F  c_w.l(libinit2.o)
    0x08000190   0x08000190   0x00000000   Code   RO         5585    .ARM.Collect$$libinit$$00000021  c_w.l(libinit2.o)
    0x08000190   0x08000190   0x00000000   Code   RO         5587    .ARM.Collect$$libinit$$00000023  c_w.l(libinit2.o)
    0x08000190   0x08000190   0x00000004   Code   RO         5588    .ARM.Collect$$libinit$$00000024  c_w.l(libinit2.o)
    0x08000194   0x08000194   0x00000000   Code   RO         5589    .ARM.Collect$$libinit$$00000025  c_w.l(libinit2.o)
    0x08000194   0x08000194   0x00000000   Code   RO         5593    .ARM.Collect$$libinit$$0000002C  c_w.l(libinit2.o)
    0x08000194   0x08000194   0x00000000   Code   RO         5595    .ARM.Collect$$libinit$$0000002E  c_w.l(libinit2.o)
    0x08000194   0x08000194   0x00000000   Code   RO         5597    .ARM.Collect$$libinit$$00000030  c_w.l(libinit2.o)
    0x08000194   0x08000194   0x00000000   Code   RO         5599    .ARM.Collect$$libinit$$00000032  c_w.l(libinit2.o)
    0x08000194   0x08000194   0x00000002   Code   RO         5600    .ARM.Collect$$libinit$$00000033  c_w.l(libinit2.o)
    0x08000196   0x08000196   0x00000002   Code   RO         5908    .ARM.Collect$$libshutdown$$00000000  c_w.l(libshutdown.o)
    0x08000198   0x08000198   0x00000000   Code   RO         5818    .ARM.Collect$$libshutdown$$00000002  c_w.l(libshutdown2.o)
    0x08000198   0x08000198   0x00000000   Code   RO         5820    .ARM.Collect$$libshutdown$$00000004  c_w.l(libshutdown2.o)
    0x08000198   0x08000198   0x00000004   Code   RO         5821    .ARM.Collect$$libshutdown$$00000005  c_w.l(libshutdown2.o)
    0x0800019c   0x0800019c   0x00000000   Code   RO         5822    .ARM.Collect$$libshutdown$$00000006  c_w.l(libshutdown2.o)
    0x0800019c   0x0800019c   0x00000000   Code   RO         5825    .ARM.Collect$$libshutdown$$00000009  c_w.l(libshutdown2.o)
    0x0800019c   0x0800019c   0x00000000   Code   RO         5828    .ARM.Collect$$libshutdown$$0000000C  c_w.l(libshutdown2.o)
    0x0800019c   0x0800019c   0x00000000   Code   RO         5830    .ARM.Collect$$libshutdown$$0000000E  c_w.l(libshutdown2.o)
    0x0800019c   0x0800019c   0x00000000   Code   RO         5833    .ARM.Collect$$libshutdown$$00000011  c_w.l(libshutdown2.o)
    0x0800019c   0x0800019c   0x00000002   Code   RO         5834    .ARM.Collect$$libshutdown$$00000012  c_w.l(libshutdown2.o)
    0x0800019e   0x0800019e   0x00000000   Code   RO         5478    .ARM.Collect$$rtentry$$00000000  c_w.l(__rtentry.o)
    0x0800019e   0x0800019e   0x00000000   Code   RO         5661    .ARM.Collect$$rtentry$$00000002  c_w.l(__rtentry2.o)
    0x0800019e   0x0800019e   0x00000006   Code   RO         5673    .ARM.Collect$$rtentry$$00000004  c_w.l(__rtentry4.o)
    0x080001a4   0x080001a4   0x00000000   Code   RO         5663    .ARM.Collect$$rtentry$$00000009  c_w.l(__rtentry2.o)
    0x080001a4   0x080001a4   0x00000004   Code   RO         5664    .ARM.Collect$$rtentry$$0000000A  c_w.l(__rtentry2.o)
    0x080001a8   0x080001a8   0x00000000   Code   RO         5666    .ARM.Collect$$rtentry$$0000000C  c_w.l(__rtentry2.o)
    0x080001a8   0x080001a8   0x00000008   Code   RO         5667    .ARM.Collect$$rtentry$$0000000D  c_w.l(__rtentry2.o)
    0x080001b0   0x080001b0   0x00000002   Code   RO         5841    .ARM.Collect$$rtexit$$00000000  c_w.l(rtexit.o)
    0x080001b2   0x080001b2   0x00000000   Code   RO         5872    .ARM.Collect$$rtexit$$00000002  c_w.l(rtexit2.o)
    0x080001b2   0x080001b2   0x00000004   Code   RO         5873    .ARM.Collect$$rtexit$$00000003  c_w.l(rtexit2.o)
    0x080001b6   0x080001b6   0x00000006   Code   RO         5874    .ARM.Collect$$rtexit$$00000004  c_w.l(rtexit2.o)
    0x080001bc   0x080001bc   0x00000000   Code   RO         5693    .emb_text           c_w.l(maybetermalloc1.o)
    0x080001bc   0x080001bc   0x00000040   Code   RO         5185    .text               startup_stm32f10x_md.o
    0x080001fc   0x080001fc   0x0000005e   Code   RO         5241    .text               c_w.l(h1_alloc.o)
    0x0800025a   0x0800025a   0x0000004e   Code   RO         5243    .text               c_w.l(h1_free.o)
    0x080002a8   0x080002a8   0x00000018   Code   RO         5303    .text               c_w.l(__2printf.o)
    0x080002c0   0x080002c0   0x0000004e   Code   RO         5313    .text               c_w.l(_printf_pad.o)
    0x0800030e   0x0800030e   0x00000052   Code   RO         5317    .text               c_w.l(_printf_str.o)
    0x08000360   0x08000360   0x00000078   Code   RO         5319    .text               c_w.l(_printf_dec.o)
    0x080003d8   0x080003d8   0x00000188   Code   RO         5368    .text               c_w.l(__printf_flags_ss_wp.o)
    0x08000560   0x08000560   0x0000004e   Code   RO         5388    .text               c_w.l(rt_memclr_w.o)
    0x080005ae   0x080005ae   0x00000002   PAD
    0x080005b0   0x080005b0   0x00000080   Code   RO         5390    .text               c_w.l(strcmpv7m.o)
    0x08000630   0x08000630   0x00000006   Code   RO         5392    .text               c_w.l(heapauxi.o)
    0x08000636   0x08000636   0x00000002   PAD
    0x08000638   0x08000638   0x00000008   Code   RO         5482    .text               c_w.l(rt_heap_descriptor_intlibspace.o)
    0x08000640   0x08000640   0x00000004   Code   RO         5484    .text               c_w.l(hguard.o)
    0x08000644   0x08000644   0x0000008a   Code   RO         5486    .text               c_w.l(init_alloc.o)
    0x080006ce   0x080006ce   0x0000000e   Code   RO         5490    .text               c_w.l(h1_init.o)
    0x080006dc   0x080006dc   0x000000b2   Code   RO         5508    .text               c_w.l(_printf_intcommon.o)
    0x0800078e   0x0800078e   0x0000041e   Code   RO         5512    .text               c_w.l(_printf_fp_dec.o)
    0x08000bac   0x08000bac   0x00000030   Code   RO         5517    .text               c_w.l(_printf_char_common.o)
    0x08000bdc   0x08000bdc   0x0000002c   Code   RO         5523    .text               c_w.l(_printf_char.o)
    0x08000c08   0x08000c08   0x00000024   Code   RO         5525    .text               c_w.l(_printf_char_file.o)
    0x08000c2c   0x08000c2c   0x00000008   Code   RO         5657    .text               c_w.l(libspace.o)
    0x08000c34   0x08000c34   0x00000008   Code   RO         5684    .text               c_w.l(rt_locale_intlibspace.o)
    0x08000c3c   0x08000c3c   0x00000008   Code   RO         5689    .text               c_w.l(rt_errno_addr_intlibspace.o)
    0x08000c44   0x08000c44   0x00000034   Code   RO         5695    .text               c_w.l(h1_extend.o)
    0x08000c78   0x08000c78   0x0000008a   Code   RO         5699    .text               c_w.l(lludiv10.o)
    0x08000d02   0x08000d02   0x00000002   PAD
    0x08000d04   0x08000d04   0x00000080   Code   RO         5701    .text               c_w.l(_printf_fp_infnan.o)
    0x08000d84   0x08000d84   0x000000e4   Code   RO         5705    .text               c_w.l(bigflt0.o)
    0x08000e68   0x08000e68   0x00000008   Code   RO         5730    .text               c_w.l(ferror.o)
    0x08000e70   0x08000e70   0x00000138   Code   RO         5736    .text               c_w.l(initio.o)
    0x08000fa8   0x08000fa8   0x0000000e   Code   RO         5747    .text               c_w.l(defsig_rtmem_outer.o)
    0x08000fb6   0x08000fb6   0x00000002   Code   RO         5770    .text               c_w.l(use_no_semi.o)
    0x08000fb8   0x08000fb8   0x00000000   Code   RO         5772    .text               c_w.l(indicate_semi.o)
    0x08000fb8   0x08000fb8   0x0000004a   Code   RO         5773    .text               c_w.l(sys_stackheap_outer.o)
    0x08001002   0x08001002   0x000001d6   Code   RO         5781    .text               c_w.l(flsbuf.o)
    0x080011d8   0x080011d8   0x00000046   Code   RO         5783    .text               c_w.l(setvbuf.o)
    0x0800121e   0x0800121e   0x00000002   PAD
    0x08001220   0x08001220   0x000000ec   Code   RO         5786    .text               c_w.l(fopen.o)
    0x0800130c   0x0800130c   0x0000004c   Code   RO         5788    .text               c_w.l(fclose.o)
    0x08001358   0x08001358   0x00000012   Code   RO         5797    .text               c_w.l(exit.o)
    0x0800136a   0x0800136a   0x0000000a   Code   RO         5799    .text               c_w.l(defsig_exit.o)
    0x08001374   0x08001374   0x0000000e   Code   RO         5801    .text               c_w.l(defsig_rtred_outer.o)
    0x08001382   0x08001382   0x00000002   PAD
    0x08001384   0x08001384   0x00000050   Code   RO         5805    .text               c_w.l(defsig_rtmem_inner.o)
    0x080013d4   0x080013d4   0x0000000c   Code   RO         5839    .text               c_w.l(sys_exit.o)
    0x080013e0   0x080013e0   0x000000f8   Code   RO         5849    .text               c_w.l(fseek.o)
    0x080014d8   0x080014d8   0x000000f0   Code   RO         5851    .text               c_w.l(stdio.o)
    0x080015c8   0x080015c8   0x00000032   Code   RO         5859    .text               c_w.l(defsig_general.o)
    0x080015fa   0x080015fa   0x00000002   PAD
    0x080015fc   0x080015fc   0x00000034   Code   RO         5865    .text               c_w.l(defsig_rtred_inner.o)
    0x08001630   0x08001630   0x0000000e   Code   RO         5869    .text               c_w.l(sys_wrch.o)
    0x0800163e   0x0800163e   0x00000042   Code   RO         5882    .text               c_w.l(ftell.o)
    0x08001680   0x08001680   0x0000003e   Code   RO         5708    CL$$btod_d2e        c_w.l(btod.o)
    0x080016be   0x080016be   0x00000046   Code   RO         5710    CL$$btod_d2e_denorm_low  c_w.l(btod.o)
    0x08001704   0x08001704   0x00000060   Code   RO         5709    CL$$btod_d2e_norm_op1  c_w.l(btod.o)
    0x08001764   0x08001764   0x00000338   Code   RO         5718    CL$$btod_div_common  c_w.l(btod.o)
    0x08001a9c   0x08001a9c   0x000000dc   Code   RO         5715    CL$$btod_e2e        c_w.l(btod.o)
    0x08001b78   0x08001b78   0x0000002a   Code   RO         5712    CL$$btod_ediv       c_w.l(btod.o)
    0x08001ba2   0x08001ba2   0x0000002a   Code   RO         5711    CL$$btod_emul       c_w.l(btod.o)
    0x08001bcc   0x08001bcc   0x00000244   Code   RO         5717    CL$$btod_mult_common  c_w.l(btod.o)
    0x08001e10   0x08001e10   0x00000002   Code   RO          181    i.BusFault_Handler  stm32f10x_it.o
    0x08001e12   0x08001e12   0x00000002   Code   RO         5006    i.DMA1_Channel1_Event  dma_stm32f10x.o
    0x08001e14   0x08001e14   0x00000018   Code   RO         5007    i.DMA1_Channel1_IRQHandler  dma_stm32f10x.o
    0x08001e2c   0x08001e2c   0x00000002   Code   RO         5008    i.DMA1_Channel2_Event  dma_stm32f10x.o
    0x08001e2e   0x08001e2e   0x00000002   PAD
    0x08001e30   0x08001e30   0x00000018   Code   RO         5009    i.DMA1_Channel2_IRQHandler  dma_stm32f10x.o
    0x08001e48   0x08001e48   0x00000002   Code   RO         5010    i.DMA1_Channel3_Event  dma_stm32f10x.o
    0x08001e4a   0x08001e4a   0x00000002   PAD
    0x08001e4c   0x08001e4c   0x00000018   Code   RO         5011    i.DMA1_Channel3_IRQHandler  dma_stm32f10x.o
    0x08001e64   0x08001e64   0x00000002   Code   RO         5012    i.DMA1_Channel4_Event  dma_stm32f10x.o
    0x08001e66   0x08001e66   0x00000002   PAD
    0x08001e68   0x08001e68   0x00000018   Code   RO         5013    i.DMA1_Channel4_IRQHandler  dma_stm32f10x.o
    0x08001e80   0x08001e80   0x00000002   Code   RO         5014    i.DMA1_Channel5_Event  dma_stm32f10x.o
    0x08001e82   0x08001e82   0x00000002   PAD
    0x08001e84   0x08001e84   0x00000018   Code   RO         5015    i.DMA1_Channel5_IRQHandler  dma_stm32f10x.o
    0x08001e9c   0x08001e9c   0x00000002   Code   RO         5016    i.DMA1_Channel6_Event  dma_stm32f10x.o
    0x08001e9e   0x08001e9e   0x00000002   PAD
    0x08001ea0   0x08001ea0   0x00000018   Code   RO         5017    i.DMA1_Channel6_IRQHandler  dma_stm32f10x.o
    0x08001eb8   0x08001eb8   0x00000002   Code   RO         5018    i.DMA1_Channel7_Event  dma_stm32f10x.o
    0x08001eba   0x08001eba   0x00000002   PAD
    0x08001ebc   0x08001ebc   0x00000018   Code   RO         5019    i.DMA1_Channel7_IRQHandler  dma_stm32f10x.o
    0x08001ed4   0x08001ed4   0x00000002   Code   RO          182    i.DebugMon_Handler  stm32f10x_it.o
    0x08001ed6   0x08001ed6   0x00000002   PAD
    0x08001ed8   0x08001ed8   0x0000006c   Code   RO         5140    i.GPIO_AFConfigure  gpio_stm32f10x.o
    0x08001f44   0x08001f44   0x00000088   Code   RO         5141    i.GPIO_GetPortClockState  gpio_stm32f10x.o
    0x08001fcc   0x08001fcc   0x000000a6   Code   RO         3058    i.GPIO_Init         stm32f10x_gpio.o
    0x08002072   0x08002072   0x00000066   Code   RO         5142    i.GPIO_PinConfigure  gpio_stm32f10x.o
    0x080020d8   0x080020d8   0x00000104   Code   RO         5143    i.GPIO_PortClock    gpio_stm32f10x.o
    0x080021dc   0x080021dc   0x0000000e   Code   RO         3062    i.GPIO_ReadInputDataBit  stm32f10x_gpio.o
    0x080021ea   0x080021ea   0x00000004   Code   RO         3065    i.GPIO_ResetBits    stm32f10x_gpio.o
    0x080021ee   0x080021ee   0x00000004   Code   RO         3066    i.GPIO_SetBits      stm32f10x_gpio.o
    0x080021f2   0x080021f2   0x00000002   Code   RO          183    i.HardFault_Handler  stm32f10x_it.o
    0x080021f4   0x080021f4   0x00000008   Code   RO         1109    i.I2C_SCL_0         soft_i2c.o
    0x080021fc   0x080021fc   0x00000008   Code   RO         1110    i.I2C_SCL_1         soft_i2c.o
    0x08002204   0x08002204   0x00000008   Code   RO         1111    i.I2C_SDA_0         soft_i2c.o
    0x0800220c   0x0800220c   0x00000008   Code   RO         1112    i.I2C_SDA_1         soft_i2c.o
    0x08002214   0x08002214   0x00000008   Code   RO         1113    i.I2C_SDA_READ      soft_i2c.o
    0x0800221c   0x0800221c   0x00000002   Code   RO          184    i.MemManage_Handler  stm32f10x_it.o
    0x0800221e   0x0800221e   0x00000002   Code   RO          185    i.NMI_Handler       stm32f10x_it.o
    0x08002220   0x08002220   0x00000002   Code   RO          186    i.PendSV_Handler    stm32f10x_it.o
    0x08002222   0x08002222   0x00000002   PAD
    0x08002224   0x08002224   0x0000001c   Code   RO         3522    i.RCC_APB1PeriphClockCmd  stm32f10x_rcc.o
    0x08002240   0x08002240   0x0000001c   Code   RO         3524    i.RCC_APB2PeriphClockCmd  stm32f10x_rcc.o
    0x0800225c   0x0800225c   0x00000002   Code   RO          187    i.SVC_Handler       stm32f10x_it.o
    0x0800225e   0x0800225e   0x00000004   Code   RO         5192    i.SetSysClock       system_stm32f10x.o
    0x08002262   0x08002262   0x00000002   PAD
    0x08002264   0x08002264   0x000000b0   Code   RO         5193    i.SetSysClockTo72   system_stm32f10x.o
    0x08002314   0x08002314   0x00000050   Code   RO         5195    i.SystemInit        system_stm32f10x.o
    0x08002364   0x08002364   0x0000000c   Code   RO         1497    i.USART1_Control    usart_stm32f10x.o
    0x08002370   0x08002370   0x0000000c   Code   RO         1498    i.USART1_GetCapabilities  usart_stm32f10x.o
    0x0800237c   0x0800237c   0x0000000c   Code   RO         1499    i.USART1_GetModemStatus  usart_stm32f10x.o
    0x08002388   0x08002388   0x0000000c   Code   RO         1500    i.USART1_GetRxCount  usart_stm32f10x.o
    0x08002394   0x08002394   0x0000000c   Code   RO         1501    i.USART1_GetStatus  usart_stm32f10x.o
    0x080023a0   0x080023a0   0x0000000c   Code   RO         1502    i.USART1_GetTxCount  usart_stm32f10x.o
    0x080023ac   0x080023ac   0x0000000c   Code   RO         1503    i.USART1_IRQHandler  usart_stm32f10x.o
    0x080023b8   0x080023b8   0x0000000c   Code   RO         1504    i.USART1_Initialize  usart_stm32f10x.o
    0x080023c4   0x080023c4   0x0000000c   Code   RO         1505    i.USART1_PowerControl  usart_stm32f10x.o
    0x080023d0   0x080023d0   0x0000000c   Code   RO         1506    i.USART1_Receive    usart_stm32f10x.o
    0x080023dc   0x080023dc   0x0000000c   Code   RO         1507    i.USART1_Send       usart_stm32f10x.o
    0x080023e8   0x080023e8   0x0000000c   Code   RO         1508    i.USART1_SetModemControl  usart_stm32f10x.o
    0x080023f4   0x080023f4   0x0000000c   Code   RO         1509    i.USART1_Transfer   usart_stm32f10x.o
    0x08002400   0x08002400   0x0000000c   Code   RO         1510    i.USART1_Uninitialize  usart_stm32f10x.o
    0x0800240c   0x0800240c   0x00000698   Code   RO         1511    i.USART_Control     usart_stm32f10x.o
    0x08002aa4   0x08002aa4   0x00000004   Code   RO         1512    i.USART_GetCapabilities  usart_stm32f10x.o
    0x08002aa8   0x08002aa8   0x00000040   Code   RO         1513    i.USART_GetModemStatus  usart_stm32f10x.o
    0x08002ae8   0x08002ae8   0x00000006   Code   RO         1514    i.USART_GetRxCount  usart_stm32f10x.o
    0x08002aee   0x08002aee   0x00000050   Code   RO         1515    i.USART_GetStatus   usart_stm32f10x.o
    0x08002b3e   0x08002b3e   0x00000006   Code   RO         1516    i.USART_GetTxCount  usart_stm32f10x.o
    0x08002b44   0x08002b44   0x00000202   Code   RO         1517    i.USART_IRQHandler  usart_stm32f10x.o
    0x08002d46   0x08002d46   0x0000008e   Code   RO         1518    i.USART_Initialize  usart_stm32f10x.o
    0x08002dd4   0x08002dd4   0x0000006c   Code   RO         1519    i.USART_PeripheralReset  usart_stm32f10x.o
    0x08002e40   0x08002e40   0x0000017c   Code   RO         1520    i.USART_PowerControl  usart_stm32f10x.o
    0x08002fbc   0x08002fbc   0x0000008c   Code   RO         1521    i.USART_Receive     usart_stm32f10x.o
    0x08003048   0x08003048   0x00000072   Code   RO         1522    i.USART_Send        usart_stm32f10x.o
    0x080030ba   0x080030ba   0x00000050   Code   RO         1523    i.USART_SetModemControl  usart_stm32f10x.o
    0x0800310a   0x0800310a   0x00000054   Code   RO         1524    i.USART_Transfer    usart_stm32f10x.o
    0x0800315e   0x0800315e   0x00000064   Code   RO         1525    i.USART_Uninitialize  usart_stm32f10x.o
    0x080031c2   0x080031c2   0x00000002   PAD
    0x080031c4   0x080031c4   0x0000000c   Code   RO         1526    i.USARTx_GetVersion  usart_stm32f10x.o
    0x080031d0   0x080031d0   0x00000002   Code   RO          188    i.UsageFault_Handler  stm32f10x_it.o
    0x080031d2   0x080031d2   0x00000028   Code   RO         5642    i.__ARM_fpclassify  m_ws.l(fpclassify.o)
    0x080031fa   0x080031fa   0x0000000e   Code   RO         5361    i._is_digit         c_w.l(__printf_wp.o)
    0x08003208   0x08003208   0x00000020   Code   RO         1694    i._sys_close        retarget_io.o
    0x08003228   0x08003228   0x00000020   Code   RO         1695    i._sys_flen         retarget_io.o
    0x08003248   0x08003248   0x00000020   Code   RO         1696    i._sys_istty        retarget_io.o
    0x08003268   0x08003268   0x00000068   Code   RO         1697    i._sys_open         retarget_io.o
    0x080032d0   0x080032d0   0x0000000c   Code   RO         1699    i._sys_seek         retarget_io.o
    0x080032dc   0x080032dc   0x00000032   Code   RO         1700    i._sys_write        retarget_io.o
    0x0800330e   0x0800330e   0x00000002   PAD
    0x08003310   0x08003310   0x00000048   Code   RO         1271    i.debug_uart_init   debug_uart.o
    0x08003358   0x08003358   0x00000016   Code   RO         1309    i.delay_ms_soft     delay.o
    0x0800336e   0x0800336e   0x0000001a   Code   RO         5733    i.fputc             c_w.l(fputc.o)
    0x08003388   0x08003388   0x0000002c   Code   RO         1114    i.i2c_ack           soft_i2c.o
    0x080033b4   0x080033b4   0x0000002c   Code   RO         1115    i.i2c_check_device  soft_i2c.o
    0x080033e0   0x080033e0   0x0000000c   Code   RO         1116    i.i2c_delay         soft_i2c.o
    0x080033ec   0x080033ec   0x0000003a   Code   RO         1117    i.i2c_gpio_config   soft_i2c.o
    0x08003426   0x08003426   0x00000026   Code   RO         1118    i.i2c_nack          soft_i2c.o
    0x0800344c   0x0800344c   0x0000004e   Code   RO         1119    i.i2c_read_byte     soft_i2c.o
    0x0800349a   0x0800349a   0x0000004a   Code   RO         1120    i.i2c_send_byte     soft_i2c.o
    0x080034e4   0x080034e4   0x0000002c   Code   RO         1121    i.i2c_start         soft_i2c.o
    0x08003510   0x08003510   0x0000001e   Code   RO         1122    i.i2c_stop          soft_i2c.o
    0x0800352e   0x0800352e   0x00000034   Code   RO         1123    i.i2c_wait_ack      soft_i2c.o
    0x08003562   0x08003562   0x00000002   PAD
    0x08003564   0x08003564   0x00000068   Code   RO         1124    i.iic_driver_initialize  soft_i2c.o
    0x080035cc   0x080035cc   0x0000000a   Code   RO            4    i.main              start.o
    0x080035d6   0x080035d6   0x00000012   Code   RO          812    i.mpu6050_acc_transition  mpu6050.o
    0x080035e8   0x080035e8   0x0000003a   Code   RO          813    i.mpu6050_get_acc   mpu6050.o
    0x08003622   0x08003622   0x0000003a   Code   RO          814    i.mpu6050_get_gyro  mpu6050.o
    0x0800365c   0x0800365c   0x0000008c   Code   RO          815    i.mpu6050_get_id    mpu6050.o
    0x080036e8   0x080036e8   0x0000001e   Code   RO          816    i.mpu6050_get_temp  mpu6050.o
    0x08003706   0x08003706   0x00000002   PAD
    0x08003708   0x08003708   0x00000014   Code   RO          817    i.mpu6050_gyro_transition  mpu6050.o
    0x0800371c   0x0800371c   0x00000054   Code   RO          818    i.mpu6050_init      mpu6050.o
    0x08003770   0x08003770   0x0000009c   Code   RO          819    i.mpu6050_read_data  mpu6050.o
    0x0800380c   0x0800380c   0x00000044   Code   RO          820    i.mpu6050_temp_transition  mpu6050.o
    0x08003850   0x08003850   0x00000160   Code   RO          821    i.mpu6050_test      mpu6050.o
    0x080039b0   0x080039b0   0x0000007c   Code   RO          822    i.mpu6050_write_data  mpu6050.o
    0x08003a2c   0x08003a2c   0x0000006c   Code   RO          823    i.mpu6050_write_reg  mpu6050.o
    0x08003a98   0x08003a98   0x00000060   Code   RO         1125    i.select_RCC_APB2Periph  soft_i2c.o
    0x08003af8   0x08003af8   0x00000028   Code   RO         1273    i.stdout_putchar    debug_uart.o
    0x08003b20   0x08003b20   0x0000002c   Code   RO         5745    locale$$code        c_w.l(lc_numeric_c.o)
    0x08003b4c   0x08003b4c   0x00000062   Code   RO         5396    x$fpl$d2f           fz_ws.l(d2f.o)
    0x08003bae   0x08003bae   0x00000002   PAD
    0x08003bb0   0x08003bb0   0x00000150   Code   RO         5398    x$fpl$dadd          fz_ws.l(daddsub_clz.o)
    0x08003d00   0x08003d00   0x000002b0   Code   RO         5405    x$fpl$ddiv          fz_ws.l(ddiv.o)
    0x08003fb0   0x08003fb0   0x0000002e   Code   RO         5409    x$fpl$dflt          fz_ws.l(dflt_clz.o)
    0x08003fde   0x08003fde   0x0000009c   Code   RO         5603    x$fpl$dnaninf       fz_ws.l(dnaninf.o)
    0x0800407a   0x0800407a   0x0000000c   Code   RO         5605    x$fpl$dretinf       fz_ws.l(dretinf.o)
    0x08004086   0x08004086   0x00000002   PAD
    0x08004088   0x08004088   0x000001d4   Code   RO         5400    x$fpl$dsub          fz_ws.l(daddsub_clz.o)
    0x0800425c   0x0800425c   0x00000056   Code   RO         5416    x$fpl$f2d           fz_ws.l(f2d.o)
    0x080042b2   0x080042b2   0x00000002   PAD
    0x080042b4   0x080042b4   0x0000000c   Code   RO         5607    x$fpl$fcheck1       fz_ws.l(fcheck1.o)
    0x080042c0   0x080042c0   0x00000184   Code   RO         5425    x$fpl$fdiv          fz_ws.l(fdiv.o)
    0x08004444   0x08004444   0x00000030   Code   RO         5437    x$fpl$fflt          fz_ws.l(fflt_clz.o)
    0x08004474   0x08004474   0x0000008c   Code   RO         5611    x$fpl$fnaninf       fz_ws.l(fnaninf.o)
    0x08004500   0x08004500   0x0000000a   Code   RO         5613    x$fpl$fretinf       fz_ws.l(fretinf.o)
    0x0800450a   0x0800450a   0x00000004   Code   RO         5448    x$fpl$printf1       fz_ws.l(printf1.o)
    0x0800450e   0x0800450e   0x00000064   Code   RO         5768    x$fpl$retnan        fz_ws.l(retnan.o)
    0x08004572   0x08004572   0x0000004c   Code   RO         5456    x$fpl$scalbnf       fz_ws.l(scalbnf.o)
    0x080045be   0x080045be   0x00000030   Code   RO         5837    x$fpl$trapveneer    fz_ws.l(trapv.o)
    0x080045ee   0x080045ee   0x00000000   Code   RO         5617    x$fpl$usenofp       fz_ws.l(usenofp.o)
    0x080045ee   0x080045ee   0x00000002   PAD
    0x080045f0   0x080045f0   0x0000003c   Data   RO         1529    .constdata          usart_stm32f10x.o
    0x0800462c   0x0800462c   0x00000008   Data   RO         1530    .constdata          usart_stm32f10x.o
    0x08004634   0x08004634   0x00000008   Data   RO         1531    .constdata          usart_stm32f10x.o
    0x0800463c   0x0800463c   0x00000038   Data   RO         1532    .constdata          usart_stm32f10x.o
    0x08004674   0x08004674   0x00000007   Data   RO         1701    .constdata          retarget_io.o
    0x0800467b   0x0800467b   0x00000008   Data   RO         1702    .constdata          retarget_io.o
    0x08004683   0x08004683   0x00000008   Data   RO         1703    .constdata          retarget_io.o
    0x0800468b   0x0800468b   0x00000011   Data   RO         5369    .constdata          c_w.l(__printf_flags_ss_wp.o)
    0x0800469c   0x0800469c   0x00000094   Data   RO         5706    .constdata          c_w.l(bigflt0.o)
    0x08004730   0x08004730   0x00000020   Data   RO         5909    Region$$Table       anon$$obj.o
    0x08004750   0x08004750   0x0000001c   Data   RO         5744    locale$$data        c_w.l(lc_numeric_c.o)


    Execution Region RW_IRAM1 (Exec base: 0x20000000, Load base: 0x0800476c, Size: 0x000007f8, Max: 0x00005000, ABSOLUTE)

    Exec Addr    Load Addr    Size         Type   Attr      Idx    E Section Name        Object

    0x20000000   0x0800476c   0x00000028   Data   RW          825    .data               mpu6050.o
    0x20000028   0x08004794   0x00000004   Data   RW         5545    .data               c_w.l(stdio_streams.o)
    0x2000002c   0x08004798   0x00000004   Data   RW         5546    .data               c_w.l(stdio_streams.o)
    0x20000030   0x0800479c   0x00000004   Data   RW         5547    .data               c_w.l(stdio_streams.o)
    0x20000034        -       0x0000002c   Zero   RW          824    .bss                mpu6050.o
    0x20000060        -       0x00000014   Zero   RW         1527    .bss                usart_stm32f10x.o
    0x20000074        -       0x00000024   Zero   RW         1528    .bss                usart_stm32f10x.o
    0x20000098        -       0x00000054   Zero   RW         5542    .bss                c_w.l(stdio_streams.o)
    0x200000ec        -       0x00000054   Zero   RW         5543    .bss                c_w.l(stdio_streams.o)
    0x20000140        -       0x00000054   Zero   RW         5544    .bss                c_w.l(stdio_streams.o)
    0x20000194        -       0x00000060   Zero   RW         5658    .bss                c_w.l(libspace.o)
    0x200001f4   0x080047a0   0x00000004   PAD
    0x200001f8        -       0x00000200   Zero   RW         5183    HEAP                startup_stm32f10x_md.o
    0x200003f8        -       0x00000400   Zero   RW         5182    STACK               startup_stm32f10x_md.o


==============================================================================

Image component sizes


      Code (inc. data)   RO Data    RW Data    ZI Data      Debug   Object Name

       112         10          0          0          0       1239   debug_uart.o
        22          0          0          0          0        460   delay.o
       182         30          0          0          0       7059   dma_stm32f10x.o
       606         74          0          0          0       6529   gpio_stm32f10x.o
      1216        230          0         40         44       8848   mpu6050.o
       262         26         23          0          0       4974   retarget_io.o
       714         62          0          0          0       9724   soft_i2c.o
        10          0          0          0          0     224419   start.o
        64         26        236          0       1536        808   startup_stm32f10x_md.o
       188          0          0          0          0       3836   stm32f10x_gpio.o
        16          0          0          0          0       3444   stm32f10x_it.o
        56         12          0          0          0       1202   stm32f10x_rcc.o
       260         26          0          0          0       1905   system_stm32f10x.o
      3690        156        132          0         56      54926   usart_stm32f10x.o

    ----------------------------------------------------------------------
      7424        652        423         40       1636     329373   Object Totals
         0          0         32          0          0          0   (incl. Generated)
        26          0          0          0          0          0   (incl. Padding)

    ----------------------------------------------------------------------

      Code (inc. data)   RO Data    RW Data    ZI Data      Debug   Library Member Name

        24          4          0          0          0         84   __2printf.o
         8          0          0          0          0         68   __main.o
       392          4         17          0          0         92   __printf_flags_ss_wp.o
        14          0          0          0          0         68   __printf_wp.o
         0          0          0          0          0          0   __rtentry.o
        12          0          0          0          0          0   __rtentry2.o
         6          0          0          0          0          0   __rtentry4.o
        52          8          0          0          0          0   __scatter.o
        26          0          0          0          0          0   __scatter_copy.o
        28          0          0          0          0          0   __scatter_zi.o
        44          0          0          0          0        108   _printf_char.o
        48          6          0          0          0         96   _printf_char_common.o
        36          4          0          0          0         80   _printf_char_file.o
         6          0          0          0          0          0   _printf_d.o
       120         16          0          0          0         92   _printf_dec.o
         6          0          0          0          0          0   _printf_f.o
      1054          0          0          0          0        216   _printf_fp_dec.o
       128         16          0          0          0         84   _printf_fp_infnan.o
       178          0          0          0          0         88   _printf_intcommon.o
        78          0          0          0          0        108   _printf_pad.o
         0          0          0          0          0          0   _printf_percent.o
         4          0          0          0          0          0   _printf_percent_end.o
         6          0          0          0          0          0   _printf_s.o
        82          0          0          0          0         80   _printf_str.o
       228          4        148          0          0         96   bigflt0.o
      1936        128          0          0          0        672   btod.o
        10          0          0          0          0         68   defsig_exit.o
        50          0          0          0          0         88   defsig_general.o
        80         58          0          0          0         76   defsig_rtmem_inner.o
        14          0          0          0          0         80   defsig_rtmem_outer.o
        52         38          0          0          0         76   defsig_rtred_inner.o
        14          0          0          0          0         80   defsig_rtred_outer.o
        18          0          0          0          0         80   exit.o
        76          0          0          0          0         88   fclose.o
         8          0          0          0          0         68   ferror.o
       470          0          0          0          0         88   flsbuf.o
       236          4          0          0          0        128   fopen.o
        26          0          0          0          0         68   fputc.o
       248          6          0          0          0         84   fseek.o
        66          0          0          0          0         76   ftell.o
        94          0          0          0          0         80   h1_alloc.o
        52          0          0          0          0         68   h1_extend.o
        78          0          0          0          0         80   h1_free.o
        14          0          0          0          0         84   h1_init.o
         6          0          0          0          0        152   heapauxi.o
         4          0          0          0          0        136   hguard.o
         0          0          0          0          0          0   indicate_semi.o
       138          0          0          0          0        168   init_alloc.o
       312         46          0          0          0        112   initio.o
        44         10         28          0          0         76   lc_numeric_c.o
         2          0          0          0          0          0   libinit.o
        30          0          0          0          0          0   libinit2.o
         2          0          0          0          0          0   libshutdown.o
         6          0          0          0          0          0   libshutdown2.o
         8          4          0          0         96         68   libspace.o
       138          0          0          0          0         80   lludiv10.o
         0          0          0          0          0          0   maybetermalloc1.o
         8          4          0          0          0         68   rt_errno_addr_intlibspace.o
         8          4          0          0          0         68   rt_heap_descriptor_intlibspace.o
         8          4          0          0          0         68   rt_locale_intlibspace.o
        78          0          0          0          0         80   rt_memclr_w.o
         2          0          0          0          0          0   rtexit.o
        10          0          0          0          0          0   rtexit2.o
        70          0          0          0          0         80   setvbuf.o
       240          6          0          0          0        156   stdio.o
         0          0          0         12        252          0   stdio_streams.o
       128          0          0          0          0         68   strcmpv7m.o
        12          4          0          0          0         68   sys_exit.o
        74          0          0          0          0         80   sys_stackheap_outer.o
        14          0          0          0          0         76   sys_wrch.o
         2          0          0          0          0         68   use_no_semi.o
        98          4          0          0          0         92   d2f.o
       804         16          0          0          0        272   daddsub_clz.o
       688        140          0          0          0        208   ddiv.o
        46          0          0          0          0         68   dflt_clz.o
       156          4          0          0          0         92   dnaninf.o
        12          0          0          0          0         68   dretinf.o
        86          4          0          0          0         84   f2d.o
        12          4          0          0          0         68   fcheck1.o
       388         76          0          0          0         96   fdiv.o
        48          0          0          0          0         68   fflt_clz.o
       140          4          0          0          0         84   fnaninf.o
        10          0          0          0          0         68   fretinf.o
         4          0          0          0          0         68   printf1.o
       100          0          0          0          0         68   retnan.o
        76          0          0          0          0         68   scalbnf.o
        48          0          0          0          0         68   trapv.o
         0          0          0          0          0          0   usenofp.o
        40          0          0          0          0         68   fpclassify.o

    ----------------------------------------------------------------------
     10244        630        193         12        352       6772   Library Totals
        22          0          0          0          4          0   (incl. Padding)

    ----------------------------------------------------------------------

      Code (inc. data)   RO Data    RW Data    ZI Data      Debug   Library Name

      7466        378        193         12        348       5164   c_w.l
      2716        252          0          0          0       1540   fz_ws.l
        40          0          0          0          0         68   m_ws.l

    ----------------------------------------------------------------------
     10244        630        193         12        352       6772   Library Totals

    ----------------------------------------------------------------------

==============================================================================


      Code (inc. data)   RO Data    RW Data    ZI Data      Debug   

     17668       1282        616         52       1988     327093   Grand Totals
     17668       1282        616         52       1988     327093   ELF Image Totals
     17668       1282        616         52          0          0   ROM Totals

==============================================================================

    Total RO  Size (Code + RO Data)                18284 (  17.86kB)
    Total RW  Size (RW Data + ZI Data)              2040 (   1.99kB)
    Total ROM Size (Code + RO Data + RW Data)      18336 (  17.91kB)

==============================================================================

